running develop
running egg_info
creating rrbot_description.egg-info
writing rrbot_description.egg-info/PKG-INFO
writing dependency_links to rrbot_description.egg-info/dependency_links.txt
writing requirements to rrbot_description.egg-info/requires.txt
writing top-level names to rrbot_description.egg-info/top_level.txt
writing manifest file 'rrbot_description.egg-info/SOURCES.txt'
reading manifest file 'rrbot_description.egg-info/SOURCES.txt'
writing manifest file 'rrbot_description.egg-info/SOURCES.txt'
running build_ext
Creating /home/osboxes/ece569-fall2026/ECE569-Lab2/ws2/install/rrbot_description/lib/python3.12/site-packages/rrbot-description.egg-link (link to .)

Installed /home/osboxes/ece569-fall2026/ECE569-Lab2/ws2/build/rrbot_description
running symlink_data
creating /home/osboxes/ece569-fall2026/ECE569-Lab2/ws2/install/rrbot_description/share/ament_index
creating /home/osboxes/ece569-fall2026/ECE569-Lab2/ws2/install/rrbot_description/share/ament_index/resource_index
creating /home/osboxes/ece569-fall2026/ECE569-Lab2/ws2/install/rrbot_description/share/ament_index/resource_index/packages
symbolically linking /home/osboxes/ece569-fall2026/ECE569-Lab2/ws2/build/rrbot_description/resource/rrbot_description -> /home/osboxes/ece569-fall2026/ECE569-Lab2/ws2/install/rrbot_description/share/ament_index/resource_index/packages
symbolically linking /home/osboxes/ece569-fall2026/ECE569-Lab2/ws2/build/rrbot_description/package.xml -> /home/osboxes/ece569-fall2026/ECE569-Lab2/ws2/install/rrbot_description/share/rrbot_description
creating /home/osboxes/ece569-fall2026/ECE569-Lab2/ws2/install/rrbot_description/share/rrbot_description/config
symbolically linking /home/osboxes/ece569-fall2026/ECE569-Lab2/ws2/build/rrbot_description/config/rrbot_dimensions.yaml -> /home/osboxes/ece569-fall2026/ECE569-Lab2/ws2/install/rrbot_description/share/rrbot_description/config
creating /home/osboxes/ece569-fall2026/ECE569-Lab2/ws2/install/rrbot_description/share/rrbot_description/launch
symbolically linking /home/osboxes/ece569-fall2026/ECE569-Lab2/ws2/build/rrbot_description/launch/view_rrbot.launch.py -> /home/osboxes/ece569-fall2026/ECE569-Lab2/ws2/install/rrbot_description/share/rrbot_description/launch
creating /home/osboxes/ece569-fall2026/ECE569-Lab2/ws2/install/rrbot_description/share/rrbot_description/rviz
symbolically linking /home/osboxes/ece569-fall2026/ECE569-Lab2/ws2/build/rrbot_description/rviz/rrbot_default.rviz -> /home/osboxes/ece569-fall2026/ECE569-Lab2/ws2/install/rrbot_description/share/rrbot_description/rviz
creating /home/osboxes/ece569-fall2026/ECE569-Lab2/ws2/install/rrbot_description/share/rrbot_description/urdf
symbolically linking /home/osboxes/ece569-fall2026/ECE569-Lab2/ws2/build/rrbot_description/urdf/rrbot.urdf.xacro -> /home/osboxes/ece569-fall2026/ECE569-Lab2/ws2/install/rrbot_description/share/rrbot_description/urdf
symbolically linking /home/osboxes/ece569-fall2026/ECE569-Lab2/ws2/build/rrbot_description/urdf/rrbot_macro.xacro -> /home/osboxes/ece569-fall2026/ECE569-Lab2/ws2/install/rrbot_description/share/rrbot_description/urdf
symbolically linking /home/osboxes/ece569-fall2026/ECE569-Lab2/ws2/build/rrbot_description/urdf/materials.xacro -> /home/osboxes/ece569-fall2026/ECE569-Lab2/ws2/install/rrbot_description/share/rrbot_description/urdf
