[0.084s] DEBUG:colcon:Command line arguments: ['/usr/bin/colcon', 'build', '--symlink-install']
[0.084s] DEBUG:colcon:Parsed command line arguments: Namespace(log_base=None, log_level=None, verb_name='build', build_base='build', install_base='install', merge_install=False, symlink_install=True, test_result_base=None, continue_on_error=False, executor='parallel', parallel_workers=2, event_handlers=None, ignore_user_meta=False, metas=['./colcon.meta'], base_paths=['.'], packages_ignore=None, packages_ignore_regex=None, paths=None, packages_up_to=None, packages_up_to_regex=None, packages_above=None, packages_above_and_dependencies=None, packages_above_depth=None, packages_select_by_dep=None, packages_skip_by_dep=None, packages_skip_up_to=None, packages_select_build_failed=False, packages_skip_build_finished=False, packages_select_test_failures=False, packages_skip_test_passed=False, packages_select=None, packages_skip=None, packages_select_regex=None, packages_skip_regex=None, packages_start=None, packages_end=None, allow_overriding=[], cmake_args=None, cmake_target=None, cmake_target_skip_unavailable=False, cmake_clean_cache=False, cmake_clean_first=False, cmake_force_configure=False, ament_cmake_args=None, catkin_cmake_args=None, catkin_skip_building_tests=False, mixin_files=None, mixin=None, verb_parser=<colcon_mixin.mixin.mixin_argument.MixinArgumentDecorator object at 0x791c61790b30>, verb_extension=<colcon_core.verb.build.BuildVerb object at 0x791c617907d0>, main=<bound method BuildVerb.main of <colcon_core.verb.build.BuildVerb object at 0x791c617907d0>>, mixin_verb=('build',))
[0.114s] Level 1:colcon.colcon_core.package_discovery:discover_packages(colcon_meta) check parameters
[0.114s] Level 1:colcon.colcon_core.package_discovery:discover_packages(recursive) check parameters
[0.115s] Level 1:colcon.colcon_core.package_discovery:discover_packages(ignore) check parameters
[0.115s] Level 1:colcon.colcon_core.package_discovery:discover_packages(path) check parameters
[0.115s] Level 1:colcon.colcon_core.package_discovery:discover_packages(colcon_meta) discover
[0.115s] Level 1:colcon.colcon_core.package_discovery:discover_packages(recursive) discover
[0.115s] INFO:colcon.colcon_core.package_discovery:Crawling recursively for packages in '/home/osboxes/ece569-fall2026/ECE569-Lab2/ws2'
[0.115s] Level 1:colcon.colcon_core.package_identification:_identify(.) by extensions ['ignore', 'ignore_ament_install']
[0.115s] Level 1:colcon.colcon_core.package_identification:_identify(.) by extension 'ignore'
[0.115s] Level 1:colcon.colcon_core.package_identification:_identify(.) by extension 'ignore_ament_install'
[0.115s] Level 1:colcon.colcon_core.package_identification:_identify(.) by extensions ['colcon_pkg']
[0.115s] Level 1:colcon.colcon_core.package_identification:_identify(.) by extension 'colcon_pkg'
[0.115s] Level 1:colcon.colcon_core.package_identification:_identify(.) by extensions ['colcon_meta']
[0.115s] Level 1:colcon.colcon_core.package_identification:_identify(.) by extension 'colcon_meta'
[0.115s] Level 1:colcon.colcon_core.package_identification:_identify(.) by extensions ['ros']
[0.115s] Level 1:colcon.colcon_core.package_identification:_identify(.) by extension 'ros'
[0.142s] Level 1:colcon.colcon_core.package_identification:_identify(.) by extensions ['cmake', 'python']
[0.142s] Level 1:colcon.colcon_core.package_identification:_identify(.) by extension 'cmake'
[0.142s] Level 1:colcon.colcon_core.package_identification:_identify(.) by extension 'python'
[0.142s] Level 1:colcon.colcon_core.package_identification:_identify(.) by extensions ['python_setup_py']
[0.142s] Level 1:colcon.colcon_core.package_identification:_identify(.) by extension 'python_setup_py'
[0.142s] Level 1:colcon.colcon_core.package_identification:_identify(build) by extensions ['ignore', 'ignore_ament_install']
[0.142s] Level 1:colcon.colcon_core.package_identification:_identify(build) by extension 'ignore'
[0.142s] Level 1:colcon.colcon_core.package_identification:_identify(build) ignored
[0.143s] Level 1:colcon.colcon_core.package_identification:_identify(install) by extensions ['ignore', 'ignore_ament_install']
[0.143s] Level 1:colcon.colcon_core.package_identification:_identify(install) by extension 'ignore'
[0.143s] Level 1:colcon.colcon_core.package_identification:_identify(install) ignored
[0.143s] Level 1:colcon.colcon_core.package_identification:_identify(log) by extensions ['ignore', 'ignore_ament_install']
[0.143s] Level 1:colcon.colcon_core.package_identification:_identify(log) by extension 'ignore'
[0.143s] Level 1:colcon.colcon_core.package_identification:_identify(log) ignored
[0.143s] Level 1:colcon.colcon_core.package_identification:_identify(src) by extensions ['ignore', 'ignore_ament_install']
[0.143s] Level 1:colcon.colcon_core.package_identification:_identify(src) by extension 'ignore'
[0.143s] Level 1:colcon.colcon_core.package_identification:_identify(src) by extension 'ignore_ament_install'
[0.143s] Level 1:colcon.colcon_core.package_identification:_identify(src) by extensions ['colcon_pkg']
[0.143s] Level 1:colcon.colcon_core.package_identification:_identify(src) by extension 'colcon_pkg'
[0.143s] Level 1:colcon.colcon_core.package_identification:_identify(src) by extensions ['colcon_meta']
[0.143s] Level 1:colcon.colcon_core.package_identification:_identify(src) by extension 'colcon_meta'
[0.143s] Level 1:colcon.colcon_core.package_identification:_identify(src) by extensions ['ros']
[0.143s] Level 1:colcon.colcon_core.package_identification:_identify(src) by extension 'ros'
[0.143s] Level 1:colcon.colcon_core.package_identification:_identify(src) by extensions ['cmake', 'python']
[0.143s] Level 1:colcon.colcon_core.package_identification:_identify(src) by extension 'cmake'
[0.143s] Level 1:colcon.colcon_core.package_identification:_identify(src) by extension 'python'
[0.143s] Level 1:colcon.colcon_core.package_identification:_identify(src) by extensions ['python_setup_py']
[0.144s] Level 1:colcon.colcon_core.package_identification:_identify(src) by extension 'python_setup_py'
[0.144s] Level 1:colcon.colcon_core.package_identification:_identify(src/Universal_Robots_ROS2_Description) by extensions ['ignore', 'ignore_ament_install']
[0.144s] Level 1:colcon.colcon_core.package_identification:_identify(src/Universal_Robots_ROS2_Description) by extension 'ignore'
[0.144s] Level 1:colcon.colcon_core.package_identification:_identify(src/Universal_Robots_ROS2_Description) by extension 'ignore_ament_install'
[0.144s] Level 1:colcon.colcon_core.package_identification:_identify(src/Universal_Robots_ROS2_Description) by extensions ['colcon_pkg']
[0.144s] Level 1:colcon.colcon_core.package_identification:_identify(src/Universal_Robots_ROS2_Description) by extension 'colcon_pkg'
[0.144s] Level 1:colcon.colcon_core.package_identification:_identify(src/Universal_Robots_ROS2_Description) by extensions ['colcon_meta']
[0.144s] Level 1:colcon.colcon_core.package_identification:_identify(src/Universal_Robots_ROS2_Description) by extension 'colcon_meta'
[0.144s] Level 1:colcon.colcon_core.package_identification:_identify(src/Universal_Robots_ROS2_Description) by extensions ['ros']
[0.144s] Level 1:colcon.colcon_core.package_identification:_identify(src/Universal_Robots_ROS2_Description) by extension 'ros'
[0.147s] DEBUG:colcon.colcon_core.package_identification:Package 'src/Universal_Robots_ROS2_Description' with type 'ros.ament_cmake' and name 'ur_description'
[0.147s] Level 1:colcon.colcon_core.package_identification:_identify(src/rrbot_description) by extensions ['ignore', 'ignore_ament_install']
[0.147s] Level 1:colcon.colcon_core.package_identification:_identify(src/rrbot_description) by extension 'ignore'
[0.147s] Level 1:colcon.colcon_core.package_identification:_identify(src/rrbot_description) by extension 'ignore_ament_install'
[0.147s] Level 1:colcon.colcon_core.package_identification:_identify(src/rrbot_description) by extensions ['colcon_pkg']
[0.147s] Level 1:colcon.colcon_core.package_identification:_identify(src/rrbot_description) by extension 'colcon_pkg'
[0.147s] Level 1:colcon.colcon_core.package_identification:_identify(src/rrbot_description) by extensions ['colcon_meta']
[0.147s] Level 1:colcon.colcon_core.package_identification:_identify(src/rrbot_description) by extension 'colcon_meta'
[0.147s] Level 1:colcon.colcon_core.package_identification:_identify(src/rrbot_description) by extensions ['ros']
[0.147s] Level 1:colcon.colcon_core.package_identification:_identify(src/rrbot_description) by extension 'ros'
[0.148s] DEBUG:colcon.colcon_core.package_identification:Package 'src/rrbot_description' with type 'ros.ament_python' and name 'rrbot_description'
[0.148s] Level 1:colcon.colcon_core.package_identification:_identify(src/table_description) by extensions ['ignore', 'ignore_ament_install']
[0.148s] Level 1:colcon.colcon_core.package_identification:_identify(src/table_description) by extension 'ignore'
[0.148s] Level 1:colcon.colcon_core.package_identification:_identify(src/table_description) by extension 'ignore_ament_install'
[0.148s] Level 1:colcon.colcon_core.package_identification:_identify(src/table_description) by extensions ['colcon_pkg']
[0.148s] Level 1:colcon.colcon_core.package_identification:_identify(src/table_description) by extension 'colcon_pkg'
[0.148s] Level 1:colcon.colcon_core.package_identification:_identify(src/table_description) by extensions ['colcon_meta']
[0.148s] Level 1:colcon.colcon_core.package_identification:_identify(src/table_description) by extension 'colcon_meta'
[0.148s] Level 1:colcon.colcon_core.package_identification:_identify(src/table_description) by extensions ['ros']
[0.148s] Level 1:colcon.colcon_core.package_identification:_identify(src/table_description) by extension 'ros'
[0.148s] DEBUG:colcon.colcon_core.package_identification:Package 'src/table_description' with type 'ros.ament_python' and name 'table_description'
[0.148s] Level 1:colcon.colcon_core.package_identification:_identify(src/ur3e_on_table) by extensions ['ignore', 'ignore_ament_install']
[0.148s] Level 1:colcon.colcon_core.package_identification:_identify(src/ur3e_on_table) by extension 'ignore'
[0.148s] Level 1:colcon.colcon_core.package_identification:_identify(src/ur3e_on_table) by extension 'ignore_ament_install'
[0.148s] Level 1:colcon.colcon_core.package_identification:_identify(src/ur3e_on_table) by extensions ['colcon_pkg']
[0.148s] Level 1:colcon.colcon_core.package_identification:_identify(src/ur3e_on_table) by extension 'colcon_pkg'
[0.148s] Level 1:colcon.colcon_core.package_identification:_identify(src/ur3e_on_table) by extensions ['colcon_meta']
[0.148s] Level 1:colcon.colcon_core.package_identification:_identify(src/ur3e_on_table) by extension 'colcon_meta'
[0.148s] Level 1:colcon.colcon_core.package_identification:_identify(src/ur3e_on_table) by extensions ['ros']
[0.149s] Level 1:colcon.colcon_core.package_identification:_identify(src/ur3e_on_table) by extension 'ros'
[0.149s] DEBUG:colcon.colcon_core.package_identification:Package 'src/ur3e_on_table' with type 'ros.ament_python' and name 'ur3e_on_table'
[0.149s] Level 1:colcon.colcon_core.package_discovery:discover_packages(recursive) using defaults
[0.149s] Level 1:colcon.colcon_core.package_discovery:discover_packages(ignore) discover
[0.149s] Level 1:colcon.colcon_core.package_discovery:discover_packages(ignore) using defaults
[0.149s] Level 1:colcon.colcon_core.package_discovery:discover_packages(path) discover
[0.149s] Level 1:colcon.colcon_core.package_discovery:discover_packages(path) using defaults
[0.164s] Level 1:colcon.colcon_core.package_discovery:discover_packages(prefix_path) check parameters
[0.164s] Level 1:colcon.colcon_core.package_discovery:discover_packages(prefix_path) discover
[0.166s] DEBUG:colcon.colcon_installed_package_information.package_discovery:Found 4 installed packages in /home/osboxes/ece569-fall2026/ECE569-Lab2/ws2/install
[0.168s] DEBUG:colcon.colcon_installed_package_information.package_discovery:Found 290 installed packages in /opt/ros/jazzy
[0.168s] Level 1:colcon.colcon_core.package_discovery:discover_packages(prefix_path) using defaults
[0.196s] Level 5:colcon.colcon_core.verb:set package 'rrbot_description' build argument 'cmake_args' from command line to 'None'
[0.196s] Level 5:colcon.colcon_core.verb:set package 'rrbot_description' build argument 'cmake_target' from command line to 'None'
[0.196s] Level 5:colcon.colcon_core.verb:set package 'rrbot_description' build argument 'cmake_target_skip_unavailable' from command line to 'False'
[0.196s] Level 5:colcon.colcon_core.verb:set package 'rrbot_description' build argument 'cmake_clean_cache' from command line to 'False'
[0.197s] Level 5:colcon.colcon_core.verb:set package 'rrbot_description' build argument 'cmake_clean_first' from command line to 'False'
[0.197s] Level 5:colcon.colcon_core.verb:set package 'rrbot_description' build argument 'cmake_force_configure' from command line to 'False'
[0.197s] Level 5:colcon.colcon_core.verb:set package 'rrbot_description' build argument 'ament_cmake_args' from command line to 'None'
[0.197s] Level 5:colcon.colcon_core.verb:set package 'rrbot_description' build argument 'catkin_cmake_args' from command line to 'None'
[0.197s] Level 5:colcon.colcon_core.verb:set package 'rrbot_description' build argument 'catkin_skip_building_tests' from command line to 'False'
[0.197s] DEBUG:colcon.colcon_core.verb:Building package 'rrbot_description' with the following arguments: {'ament_cmake_args': None, 'build_base': '/home/osboxes/ece569-fall2026/ECE569-Lab2/ws2/build/rrbot_description', 'catkin_cmake_args': None, 'catkin_skip_building_tests': False, 'cmake_args': None, 'cmake_clean_cache': False, 'cmake_clean_first': False, 'cmake_force_configure': False, 'cmake_target': None, 'cmake_target_skip_unavailable': False, 'install_base': '/home/osboxes/ece569-fall2026/ECE569-Lab2/ws2/install/rrbot_description', 'merge_install': False, 'path': '/home/osboxes/ece569-fall2026/ECE569-Lab2/ws2/src/rrbot_description', 'symlink_install': True, 'test_result_base': None}
[0.197s] Level 5:colcon.colcon_core.verb:set package 'table_description' build argument 'cmake_args' from command line to 'None'
[0.197s] Level 5:colcon.colcon_core.verb:set package 'table_description' build argument 'cmake_target' from command line to 'None'
[0.197s] Level 5:colcon.colcon_core.verb:set package 'table_description' build argument 'cmake_target_skip_unavailable' from command line to 'False'
[0.197s] Level 5:colcon.colcon_core.verb:set package 'table_description' build argument 'cmake_clean_cache' from command line to 'False'
[0.197s] Level 5:colcon.colcon_core.verb:set package 'table_description' build argument 'cmake_clean_first' from command line to 'False'
[0.197s] Level 5:colcon.colcon_core.verb:set package 'table_description' build argument 'cmake_force_configure' from command line to 'False'
[0.197s] Level 5:colcon.colcon_core.verb:set package 'table_description' build argument 'ament_cmake_args' from command line to 'None'
[0.197s] Level 5:colcon.colcon_core.verb:set package 'table_description' build argument 'catkin_cmake_args' from command line to 'None'
[0.197s] Level 5:colcon.colcon_core.verb:set package 'table_description' build argument 'catkin_skip_building_tests' from command line to 'False'
[0.197s] DEBUG:colcon.colcon_core.verb:Building package 'table_description' with the following arguments: {'ament_cmake_args': None, 'build_base': '/home/osboxes/ece569-fall2026/ECE569-Lab2/ws2/build/table_description', 'catkin_cmake_args': None, 'catkin_skip_building_tests': False, 'cmake_args': None, 'cmake_clean_cache': False, 'cmake_clean_first': False, 'cmake_force_configure': False, 'cmake_target': None, 'cmake_target_skip_unavailable': False, 'install_base': '/home/osboxes/ece569-fall2026/ECE569-Lab2/ws2/install/table_description', 'merge_install': False, 'path': '/home/osboxes/ece569-fall2026/ECE569-Lab2/ws2/src/table_description', 'symlink_install': True, 'test_result_base': None}
[0.197s] Level 5:colcon.colcon_core.verb:set package 'ur3e_on_table' build argument 'cmake_args' from command line to 'None'
[0.197s] Level 5:colcon.colcon_core.verb:set package 'ur3e_on_table' build argument 'cmake_target' from command line to 'None'
[0.197s] Level 5:colcon.colcon_core.verb:set package 'ur3e_on_table' build argument 'cmake_target_skip_unavailable' from command line to 'False'
[0.197s] Level 5:colcon.colcon_core.verb:set package 'ur3e_on_table' build argument 'cmake_clean_cache' from command line to 'False'
[0.197s] Level 5:colcon.colcon_core.verb:set package 'ur3e_on_table' build argument 'cmake_clean_first' from command line to 'False'
[0.197s] Level 5:colcon.colcon_core.verb:set package 'ur3e_on_table' build argument 'cmake_force_configure' from command line to 'False'
[0.197s] Level 5:colcon.colcon_core.verb:set package 'ur3e_on_table' build argument 'ament_cmake_args' from command line to 'None'
[0.197s] Level 5:colcon.colcon_core.verb:set package 'ur3e_on_table' build argument 'catkin_cmake_args' from command line to 'None'
[0.198s] Level 5:colcon.colcon_core.verb:set package 'ur3e_on_table' build argument 'catkin_skip_building_tests' from command line to 'False'
[0.198s] DEBUG:colcon.colcon_core.verb:Building package 'ur3e_on_table' with the following arguments: {'ament_cmake_args': None, 'build_base': '/home/osboxes/ece569-fall2026/ECE569-Lab2/ws2/build/ur3e_on_table', 'catkin_cmake_args': None, 'catkin_skip_building_tests': False, 'cmake_args': None, 'cmake_clean_cache': False, 'cmake_clean_first': False, 'cmake_force_configure': False, 'cmake_target': None, 'cmake_target_skip_unavailable': False, 'install_base': '/home/osboxes/ece569-fall2026/ECE569-Lab2/ws2/install/ur3e_on_table', 'merge_install': False, 'path': '/home/osboxes/ece569-fall2026/ECE569-Lab2/ws2/src/ur3e_on_table', 'symlink_install': True, 'test_result_base': None}
[0.198s] Level 5:colcon.colcon_core.verb:set package 'ur_description' build argument 'cmake_args' from command line to 'None'
[0.198s] Level 5:colcon.colcon_core.verb:set package 'ur_description' build argument 'cmake_target' from command line to 'None'
[0.198s] Level 5:colcon.colcon_core.verb:set package 'ur_description' build argument 'cmake_target_skip_unavailable' from command line to 'False'
[0.198s] Level 5:colcon.colcon_core.verb:set package 'ur_description' build argument 'cmake_clean_cache' from command line to 'False'
[0.198s] Level 5:colcon.colcon_core.verb:set package 'ur_description' build argument 'cmake_clean_first' from command line to 'False'
[0.198s] Level 5:colcon.colcon_core.verb:set package 'ur_description' build argument 'cmake_force_configure' from command line to 'False'
[0.198s] Level 5:colcon.colcon_core.verb:set package 'ur_description' build argument 'ament_cmake_args' from command line to 'None'
[0.198s] Level 5:colcon.colcon_core.verb:set package 'ur_description' build argument 'catkin_cmake_args' from command line to 'None'
[0.198s] Level 5:colcon.colcon_core.verb:set package 'ur_description' build argument 'catkin_skip_building_tests' from command line to 'False'
[0.198s] DEBUG:colcon.colcon_core.verb:Building package 'ur_description' with the following arguments: {'ament_cmake_args': None, 'build_base': '/home/osboxes/ece569-fall2026/ECE569-Lab2/ws2/build/ur_description', 'catkin_cmake_args': None, 'catkin_skip_building_tests': False, 'cmake_args': None, 'cmake_clean_cache': False, 'cmake_clean_first': False, 'cmake_force_configure': False, 'cmake_target': None, 'cmake_target_skip_unavailable': False, 'install_base': '/home/osboxes/ece569-fall2026/ECE569-Lab2/ws2/install/ur_description', 'merge_install': False, 'path': '/home/osboxes/ece569-fall2026/ECE569-Lab2/ws2/src/Universal_Robots_ROS2_Description', 'symlink_install': True, 'test_result_base': None}
[0.198s] INFO:colcon.colcon_core.executor:Executing jobs using 'parallel' executor
[0.205s] DEBUG:colcon.colcon_parallel_executor.executor.parallel:run_until_complete
[0.205s] INFO:colcon.colcon_ros.task.ament_python.build:Building ROS package in '/home/osboxes/ece569-fall2026/ECE569-Lab2/ws2/src/rrbot_description' with build type 'ament_python'
[0.205s] Level 1:colcon.colcon_core.shell:create_environment_hook('rrbot_description', 'ament_prefix_path')
[0.208s] INFO:colcon.colcon_core.plugin_system:Skipping extension 'colcon_core.shell.bat': Not used on non-Windows systems
[0.208s] INFO:colcon.colcon_core.shell:Creating environment hook '/home/osboxes/ece569-fall2026/ECE569-Lab2/ws2/install/rrbot_description/share/rrbot_description/hook/ament_prefix_path.ps1'
[0.209s] INFO:colcon.colcon_core.shell:Creating environment descriptor '/home/osboxes/ece569-fall2026/ECE569-Lab2/ws2/install/rrbot_description/share/rrbot_description/hook/ament_prefix_path.dsv'
[0.210s] INFO:colcon.colcon_core.shell:Creating environment hook '/home/osboxes/ece569-fall2026/ECE569-Lab2/ws2/install/rrbot_description/share/rrbot_description/hook/ament_prefix_path.sh'
[0.211s] INFO:colcon.colcon_core.shell:Skip shell extension 'powershell' for command environment: Not usable outside of PowerShell
[0.212s] DEBUG:colcon.colcon_core.shell:Skip shell extension 'dsv' for command environment
[0.221s] INFO:colcon.colcon_ros.task.ament_python.build:Building ROS package in '/home/osboxes/ece569-fall2026/ECE569-Lab2/ws2/src/table_description' with build type 'ament_python'
[0.221s] Level 1:colcon.colcon_core.shell:create_environment_hook('table_description', 'ament_prefix_path')
[0.221s] INFO:colcon.colcon_core.shell:Creating environment hook '/home/osboxes/ece569-fall2026/ECE569-Lab2/ws2/install/table_description/share/table_description/hook/ament_prefix_path.ps1'
[0.222s] INFO:colcon.colcon_core.shell:Creating environment descriptor '/home/osboxes/ece569-fall2026/ECE569-Lab2/ws2/install/table_description/share/table_description/hook/ament_prefix_path.dsv'
[0.224s] INFO:colcon.colcon_core.shell:Creating environment hook '/home/osboxes/ece569-fall2026/ECE569-Lab2/ws2/install/table_description/share/table_description/hook/ament_prefix_path.sh'
[0.225s] INFO:colcon.colcon_core.shell:Skip shell extension 'powershell' for command environment: Not usable outside of PowerShell
[0.225s] DEBUG:colcon.colcon_core.shell:Skip shell extension 'dsv' for command environment
[0.399s] INFO:colcon.colcon_core.task.python.build:Building Python package in '/home/osboxes/ece569-fall2026/ECE569-Lab2/ws2/src/rrbot_description'
[0.400s] INFO:colcon.colcon_core.shell:Skip shell extension 'powershell' for command environment: Not usable outside of PowerShell
[0.400s] DEBUG:colcon.colcon_core.shell:Skip shell extension 'dsv' for command environment
[0.544s] INFO:colcon.colcon_core.task.python.build:Building Python package in '/home/osboxes/ece569-fall2026/ECE569-Lab2/ws2/src/table_description'
[0.544s] INFO:colcon.colcon_core.shell:Skip shell extension 'powershell' for command environment: Not usable outside of PowerShell
[0.544s] DEBUG:colcon.colcon_core.shell:Skip shell extension 'dsv' for command environment
[1.002s] DEBUG:colcon.colcon_core.task.python.build:Available setuptools commands: bdist_egg, check, install, bdist_rpm, register, sdist, bdist_dumb, develop, test, init_catalog, install_egg_info, upload_docs, setopt, install_lib, clean, saveopts, install_scripts, build_ext, install_data, build_py, easy_install, rotate, dist_info, editable_wheel, build_clib, extract_messages, upload, alias, build_scripts, build, symlink_data, update_catalog, egg_info, compile_catalog, bdist, install_headers
[1.295s] DEBUG:colcon.colcon_core.task.python.build:Available setuptools commands: bdist_egg, check, install, bdist_rpm, register, sdist, bdist_dumb, develop, test, init_catalog, install_egg_info, upload_docs, setopt, install_lib, clean, saveopts, install_scripts, build_ext, install_data, build_py, easy_install, rotate, dist_info, editable_wheel, build_clib, extract_messages, upload, alias, build_scripts, build, symlink_data, update_catalog, egg_info, compile_catalog, bdist, install_headers
[1.425s] DEBUG:colcon.colcon_core.task.python.build:Available setuptools 'develop' options: --find-links, --local-snapshots-ok, --quiet, --exclude-scripts, --upgrade, --verbose, --record, --multi-version, --no-find-links, --site-dirs, --script-dir, --build-directory, --dry-run, --always-unzip, --install-layout, --force-installation-into-system-dir, --optimize, --editable, --install-dir, --zip-ok, --help, --index-url, --always-copy, --allow-hosts, --version, --user, --egg-path, --no-user-cfg, --prefix, --uninstall, --no-deps
[1.426s] DEBUG:colcon.colcon_core.event_handler.log_command:Invoking command in '/home/osboxes/ece569-fall2026/ECE569-Lab2/ws2/build/rrbot_description': DEBUGINFOD_URLS=https://debuginfod.ubuntu.com PYTHONPATH=/home/osboxes/ece569-fall2026/ECE569-Lab2/ws2/build/rrbot_description/prefix_override:/usr/lib/python3/dist-packages/colcon_core/task/python/colcon_distutils_commands:/home/osboxes/ece569-fall2026/ECE569-Lab2/ws2/install/rrbot_description/lib/python3.12/site-packages:${PYTHONPATH} /usr/bin/python3 -W ignore:setup.py install is deprecated -W ignore:easy_install command is deprecated setup.py develop --editable --build-directory /home/osboxes/ece569-fall2026/ECE569-Lab2/ws2/build/rrbot_description/build --no-deps symlink_data
[1.604s] DEBUG:colcon.colcon_core.task.python.build:Available setuptools 'develop' options: --find-links, --local-snapshots-ok, --quiet, --exclude-scripts, --upgrade, --verbose, --record, --multi-version, --no-find-links, --site-dirs, --script-dir, --build-directory, --dry-run, --always-unzip, --install-layout, --force-installation-into-system-dir, --optimize, --editable, --install-dir, --zip-ok, --help, --index-url, --always-copy, --allow-hosts, --version, --user, --egg-path, --no-user-cfg, --prefix, --uninstall, --no-deps
[1.606s] DEBUG:colcon.colcon_core.event_handler.log_command:Invoking command in '/home/osboxes/ece569-fall2026/ECE569-Lab2/ws2/build/table_description': DEBUGINFOD_URLS=https://debuginfod.ubuntu.com PYTHONPATH=/home/osboxes/ece569-fall2026/ECE569-Lab2/ws2/build/table_description/prefix_override:/usr/lib/python3/dist-packages/colcon_core/task/python/colcon_distutils_commands:/home/osboxes/ece569-fall2026/ECE569-Lab2/ws2/install/table_description/lib/python3.12/site-packages:${PYTHONPATH} /usr/bin/python3 -W ignore:setup.py install is deprecated -W ignore:easy_install command is deprecated setup.py develop --editable --build-directory /home/osboxes/ece569-fall2026/ECE569-Lab2/ws2/build/table_description/build --no-deps symlink_data
[2.243s] Level 1:colcon.colcon_core.shell:create_environment_hook('rrbot_description', 'pythonpath_develop')
[2.244s] INFO:colcon.colcon_core.shell:Creating environment hook '/home/osboxes/ece569-fall2026/ECE569-Lab2/ws2/build/rrbot_description/share/rrbot_description/hook/pythonpath_develop.ps1'
[2.244s] INFO:colcon.colcon_core.shell:Creating environment descriptor '/home/osboxes/ece569-fall2026/ECE569-Lab2/ws2/build/rrbot_description/share/rrbot_description/hook/pythonpath_develop.dsv'
[2.254s] DEBUG:colcon.colcon_core.event_handler.log_command:Invoked command in '/home/osboxes/ece569-fall2026/ECE569-Lab2/ws2/build/rrbot_description' returned '0': DEBUGINFOD_URLS=https://debuginfod.ubuntu.com PYTHONPATH=/home/osboxes/ece569-fall2026/ECE569-Lab2/ws2/build/rrbot_description/prefix_override:/usr/lib/python3/dist-packages/colcon_core/task/python/colcon_distutils_commands:/home/osboxes/ece569-fall2026/ECE569-Lab2/ws2/install/rrbot_description/lib/python3.12/site-packages:${PYTHONPATH} /usr/bin/python3 -W ignore:setup.py install is deprecated -W ignore:easy_install command is deprecated setup.py develop --editable --build-directory /home/osboxes/ece569-fall2026/ECE569-Lab2/ws2/build/rrbot_description/build --no-deps symlink_data
[2.255s] INFO:colcon.colcon_core.shell:Creating environment hook '/home/osboxes/ece569-fall2026/ECE569-Lab2/ws2/build/rrbot_description/share/rrbot_description/hook/pythonpath_develop.sh'
[2.258s] Level 1:colcon.colcon_core.environment:checking '/home/osboxes/ece569-fall2026/ECE569-Lab2/ws2/install/rrbot_description' for CMake module files
[2.258s] Level 1:colcon.colcon_core.environment:checking '/home/osboxes/ece569-fall2026/ECE569-Lab2/ws2/install/rrbot_description' for CMake config files
[2.259s] Level 1:colcon.colcon_core.environment:checking '/home/osboxes/ece569-fall2026/ECE569-Lab2/ws2/install/rrbot_description/lib'
[2.264s] Level 1:colcon.colcon_core.environment:checking '/home/osboxes/ece569-fall2026/ECE569-Lab2/ws2/install/rrbot_description/bin'
[2.264s] Level 1:colcon.colcon_core.environment:checking '/home/osboxes/ece569-fall2026/ECE569-Lab2/ws2/install/rrbot_description/lib/pkgconfig/rrbot_description.pc'
[2.264s] Level 1:colcon.colcon_core.environment:checking '/home/osboxes/ece569-fall2026/ECE569-Lab2/ws2/install/rrbot_description/lib/python3.12/site-packages'
[2.264s] Level 1:colcon.colcon_core.shell:create_environment_hook('rrbot_description', 'pythonpath')
[2.264s] INFO:colcon.colcon_core.shell:Creating environment hook '/home/osboxes/ece569-fall2026/ECE569-Lab2/ws2/install/rrbot_description/share/rrbot_description/hook/pythonpath.ps1'
[2.265s] INFO:colcon.colcon_core.shell:Creating environment descriptor '/home/osboxes/ece569-fall2026/ECE569-Lab2/ws2/install/rrbot_description/share/rrbot_description/hook/pythonpath.dsv'
[2.275s] INFO:colcon.colcon_core.shell:Creating environment hook '/home/osboxes/ece569-fall2026/ECE569-Lab2/ws2/install/rrbot_description/share/rrbot_description/hook/pythonpath.sh'
[2.276s] Level 1:colcon.colcon_core.environment:checking '/home/osboxes/ece569-fall2026/ECE569-Lab2/ws2/install/rrbot_description/bin'
[2.276s] Level 1:colcon.colcon_core.environment:create_environment_scripts_only(rrbot_description)
[2.276s] INFO:colcon.colcon_core.shell:Creating package script '/home/osboxes/ece569-fall2026/ECE569-Lab2/ws2/install/rrbot_description/share/rrbot_description/package.ps1'
[2.284s] INFO:colcon.colcon_core.shell:Creating package descriptor '/home/osboxes/ece569-fall2026/ECE569-Lab2/ws2/install/rrbot_description/share/rrbot_description/package.dsv'
[2.285s] INFO:colcon.colcon_core.shell:Creating package script '/home/osboxes/ece569-fall2026/ECE569-Lab2/ws2/install/rrbot_description/share/rrbot_description/package.sh'
[2.290s] INFO:colcon.colcon_core.shell:Creating package script '/home/osboxes/ece569-fall2026/ECE569-Lab2/ws2/install/rrbot_description/share/rrbot_description/package.bash'
[2.291s] INFO:colcon.colcon_core.shell:Creating package script '/home/osboxes/ece569-fall2026/ECE569-Lab2/ws2/install/rrbot_description/share/rrbot_description/package.zsh'
[2.296s] Level 1:colcon.colcon_core.environment:create_file_with_runtime_dependencies(/home/osboxes/ece569-fall2026/ECE569-Lab2/ws2/install/rrbot_description/share/colcon-core/packages/rrbot_description)
[2.298s] INFO:colcon.colcon_ros.task.ament_python.build:Building ROS package in '/home/osboxes/ece569-fall2026/ECE569-Lab2/ws2/src/ur3e_on_table' with build type 'ament_python'
[2.298s] Level 1:colcon.colcon_core.shell:create_environment_hook('ur3e_on_table', 'ament_prefix_path')
[2.299s] INFO:colcon.colcon_core.shell:Creating environment hook '/home/osboxes/ece569-fall2026/ECE569-Lab2/ws2/install/ur3e_on_table/share/ur3e_on_table/hook/ament_prefix_path.ps1'
[2.304s] INFO:colcon.colcon_core.shell:Creating environment descriptor '/home/osboxes/ece569-fall2026/ECE569-Lab2/ws2/install/ur3e_on_table/share/ur3e_on_table/hook/ament_prefix_path.dsv'
[2.308s] INFO:colcon.colcon_core.shell:Creating environment hook '/home/osboxes/ece569-fall2026/ECE569-Lab2/ws2/install/ur3e_on_table/share/ur3e_on_table/hook/ament_prefix_path.sh'
[2.308s] INFO:colcon.colcon_core.shell:Skip shell extension 'powershell' for command environment: Not usable outside of PowerShell
[2.309s] DEBUG:colcon.colcon_core.shell:Skip shell extension 'dsv' for command environment
[2.555s] INFO:colcon.colcon_core.task.python.build:Building Python package in '/home/osboxes/ece569-fall2026/ECE569-Lab2/ws2/src/ur3e_on_table'
[2.555s] INFO:colcon.colcon_core.shell:Skip shell extension 'powershell' for command environment: Not usable outside of PowerShell
[2.555s] DEBUG:colcon.colcon_core.shell:Skip shell extension 'dsv' for command environment
[2.560s] Level 1:colcon.colcon_core.shell:create_environment_hook('table_description', 'pythonpath_develop')
[2.560s] INFO:colcon.colcon_core.shell:Creating environment hook '/home/osboxes/ece569-fall2026/ECE569-Lab2/ws2/build/table_description/share/table_description/hook/pythonpath_develop.ps1'
[2.561s] DEBUG:colcon.colcon_core.event_handler.log_command:Invoked command in '/home/osboxes/ece569-fall2026/ECE569-Lab2/ws2/build/table_description' returned '0': DEBUGINFOD_URLS=https://debuginfod.ubuntu.com PYTHONPATH=/home/osboxes/ece569-fall2026/ECE569-Lab2/ws2/build/table_description/prefix_override:/usr/lib/python3/dist-packages/colcon_core/task/python/colcon_distutils_commands:/home/osboxes/ece569-fall2026/ECE569-Lab2/ws2/install/table_description/lib/python3.12/site-packages:${PYTHONPATH} /usr/bin/python3 -W ignore:setup.py install is deprecated -W ignore:easy_install command is deprecated setup.py develop --editable --build-directory /home/osboxes/ece569-fall2026/ECE569-Lab2/ws2/build/table_description/build --no-deps symlink_data
[2.562s] INFO:colcon.colcon_core.shell:Creating environment descriptor '/home/osboxes/ece569-fall2026/ECE569-Lab2/ws2/build/table_description/share/table_description/hook/pythonpath_develop.dsv'
[2.562s] INFO:colcon.colcon_core.shell:Creating environment hook '/home/osboxes/ece569-fall2026/ECE569-Lab2/ws2/build/table_description/share/table_description/hook/pythonpath_develop.sh'
[2.564s] Level 1:colcon.colcon_core.environment:checking '/home/osboxes/ece569-fall2026/ECE569-Lab2/ws2/install/table_description' for CMake module files
[2.565s] Level 1:colcon.colcon_core.environment:checking '/home/osboxes/ece569-fall2026/ECE569-Lab2/ws2/install/table_description' for CMake config files
[2.566s] Level 1:colcon.colcon_core.environment:checking '/home/osboxes/ece569-fall2026/ECE569-Lab2/ws2/install/table_description/lib'
[2.566s] Level 1:colcon.colcon_core.environment:checking '/home/osboxes/ece569-fall2026/ECE569-Lab2/ws2/install/table_description/bin'
[2.566s] Level 1:colcon.colcon_core.environment:checking '/home/osboxes/ece569-fall2026/ECE569-Lab2/ws2/install/table_description/lib/pkgconfig/table_description.pc'
[2.566s] Level 1:colcon.colcon_core.environment:checking '/home/osboxes/ece569-fall2026/ECE569-Lab2/ws2/install/table_description/lib/python3.12/site-packages'
[2.566s] Level 1:colcon.colcon_core.shell:create_environment_hook('table_description', 'pythonpath')
[2.566s] INFO:colcon.colcon_core.shell:Creating environment hook '/home/osboxes/ece569-fall2026/ECE569-Lab2/ws2/install/table_description/share/table_description/hook/pythonpath.ps1'
[2.567s] INFO:colcon.colcon_core.shell:Creating environment descriptor '/home/osboxes/ece569-fall2026/ECE569-Lab2/ws2/install/table_description/share/table_description/hook/pythonpath.dsv'
[2.567s] INFO:colcon.colcon_core.shell:Creating environment hook '/home/osboxes/ece569-fall2026/ECE569-Lab2/ws2/install/table_description/share/table_description/hook/pythonpath.sh'
[2.568s] Level 1:colcon.colcon_core.environment:checking '/home/osboxes/ece569-fall2026/ECE569-Lab2/ws2/install/table_description/bin'
[2.568s] Level 1:colcon.colcon_core.environment:create_environment_scripts_only(table_description)
[2.568s] INFO:colcon.colcon_core.shell:Creating package script '/home/osboxes/ece569-fall2026/ECE569-Lab2/ws2/install/table_description/share/table_description/package.ps1'
[2.569s] INFO:colcon.colcon_core.shell:Creating package descriptor '/home/osboxes/ece569-fall2026/ECE569-Lab2/ws2/install/table_description/share/table_description/package.dsv'
[2.569s] INFO:colcon.colcon_core.shell:Creating package script '/home/osboxes/ece569-fall2026/ECE569-Lab2/ws2/install/table_description/share/table_description/package.sh'
[2.570s] INFO:colcon.colcon_core.shell:Creating package script '/home/osboxes/ece569-fall2026/ECE569-Lab2/ws2/install/table_description/share/table_description/package.bash'
[2.570s] INFO:colcon.colcon_core.shell:Creating package script '/home/osboxes/ece569-fall2026/ECE569-Lab2/ws2/install/table_description/share/table_description/package.zsh'
[2.570s] Level 1:colcon.colcon_core.environment:create_file_with_runtime_dependencies(/home/osboxes/ece569-fall2026/ECE569-Lab2/ws2/install/table_description/share/colcon-core/packages/table_description)
[2.572s] INFO:colcon.colcon_ros.task.ament_cmake.build:Building ROS package in '/home/osboxes/ece569-fall2026/ECE569-Lab2/ws2/src/Universal_Robots_ROS2_Description' with build type 'ament_cmake'
[2.572s] INFO:colcon.colcon_cmake.task.cmake.build:Building CMake package in '/home/osboxes/ece569-fall2026/ECE569-Lab2/ws2/src/Universal_Robots_ROS2_Description'
[2.573s] INFO:colcon.colcon_core.shell:Skip shell extension 'powershell' for command environment: Not usable outside of PowerShell
[2.573s] DEBUG:colcon.colcon_core.shell:Skip shell extension 'dsv' for command environment
[2.588s] DEBUG:colcon.colcon_core.event_handler.log_command:Invoking command in '/home/osboxes/ece569-fall2026/ECE569-Lab2/ws2/build/ur_description': CMAKE_PREFIX_PATH=${CMAKE_PREFIX_PATH}:/home/osboxes/ece569-fall2026/ECE569-Lab2/ws2/install/ur3e_on_table:/home/osboxes/ece569-fall2026/ECE569-Lab2/ws2/install/table_description:/home/osboxes/ece569-fall2026/ECE569-Lab2/ws2/install/rrbot_description:/opt/ros/jazzy DEBUGINFOD_URLS=https://debuginfod.ubuntu.com /usr/bin/cmake --build /home/osboxes/ece569-fall2026/ECE569-Lab2/ws2/build/ur_description -- -j2 -l2
[2.718s] DEBUG:colcon.colcon_core.event_handler.log_command:Invoked command in '/home/osboxes/ece569-fall2026/ECE569-Lab2/ws2/build/ur_description' returned '0': CMAKE_PREFIX_PATH=${CMAKE_PREFIX_PATH}:/home/osboxes/ece569-fall2026/ECE569-Lab2/ws2/install/ur3e_on_table:/home/osboxes/ece569-fall2026/ECE569-Lab2/ws2/install/table_description:/home/osboxes/ece569-fall2026/ECE569-Lab2/ws2/install/rrbot_description:/opt/ros/jazzy DEBUGINFOD_URLS=https://debuginfod.ubuntu.com /usr/bin/cmake --build /home/osboxes/ece569-fall2026/ECE569-Lab2/ws2/build/ur_description -- -j2 -l2
[2.736s] DEBUG:colcon.colcon_core.event_handler.log_command:Invoking command in '/home/osboxes/ece569-fall2026/ECE569-Lab2/ws2/build/ur_description': CMAKE_PREFIX_PATH=${CMAKE_PREFIX_PATH}:/home/osboxes/ece569-fall2026/ECE569-Lab2/ws2/install/ur3e_on_table:/home/osboxes/ece569-fall2026/ECE569-Lab2/ws2/install/table_description:/home/osboxes/ece569-fall2026/ECE569-Lab2/ws2/install/rrbot_description:/opt/ros/jazzy DEBUGINFOD_URLS=https://debuginfod.ubuntu.com /usr/bin/cmake --install /home/osboxes/ece569-fall2026/ECE569-Lab2/ws2/build/ur_description
[2.841s] Level 1:colcon.colcon_core.environment:create_environment_scripts_only(ur_description)
[2.841s] Level 1:colcon.colcon_core.environment:checking '/home/osboxes/ece569-fall2026/ECE569-Lab2/ws2/install/ur_description' for CMake module files
[2.842s] DEBUG:colcon.colcon_core.event_handler.log_command:Invoked command in '/home/osboxes/ece569-fall2026/ECE569-Lab2/ws2/build/ur_description' returned '0': CMAKE_PREFIX_PATH=${CMAKE_PREFIX_PATH}:/home/osboxes/ece569-fall2026/ECE569-Lab2/ws2/install/ur3e_on_table:/home/osboxes/ece569-fall2026/ECE569-Lab2/ws2/install/table_description:/home/osboxes/ece569-fall2026/ECE569-Lab2/ws2/install/rrbot_description:/opt/ros/jazzy DEBUGINFOD_URLS=https://debuginfod.ubuntu.com /usr/bin/cmake --install /home/osboxes/ece569-fall2026/ECE569-Lab2/ws2/build/ur_description
[2.842s] Level 1:colcon.colcon_core.environment:checking '/home/osboxes/ece569-fall2026/ECE569-Lab2/ws2/install/ur_description' for CMake config files
[2.842s] Level 1:colcon.colcon_core.shell:create_environment_hook('ur_description', 'cmake_prefix_path')
[2.842s] INFO:colcon.colcon_core.shell:Creating environment hook '/home/osboxes/ece569-fall2026/ECE569-Lab2/ws2/install/ur_description/share/ur_description/hook/cmake_prefix_path.ps1'
[2.843s] INFO:colcon.colcon_core.shell:Creating environment descriptor '/home/osboxes/ece569-fall2026/ECE569-Lab2/ws2/install/ur_description/share/ur_description/hook/cmake_prefix_path.dsv'
[2.844s] INFO:colcon.colcon_core.shell:Creating environment hook '/home/osboxes/ece569-fall2026/ECE569-Lab2/ws2/install/ur_description/share/ur_description/hook/cmake_prefix_path.sh'
[2.845s] Level 1:colcon.colcon_core.environment:checking '/home/osboxes/ece569-fall2026/ECE569-Lab2/ws2/install/ur_description/bin'
[2.845s] Level 1:colcon.colcon_core.environment:checking '/home/osboxes/ece569-fall2026/ECE569-Lab2/ws2/install/ur_description/lib/pkgconfig/ur_description.pc'
[2.845s] Level 1:colcon.colcon_core.environment:checking '/home/osboxes/ece569-fall2026/ECE569-Lab2/ws2/install/ur_description/lib/python3.12/site-packages'
[2.845s] Level 1:colcon.colcon_core.environment:checking '/home/osboxes/ece569-fall2026/ECE569-Lab2/ws2/install/ur_description/bin'
[2.846s] INFO:colcon.colcon_core.shell:Creating package script '/home/osboxes/ece569-fall2026/ECE569-Lab2/ws2/install/ur_description/share/ur_description/package.ps1'
[2.853s] INFO:colcon.colcon_core.shell:Creating package descriptor '/home/osboxes/ece569-fall2026/ECE569-Lab2/ws2/install/ur_description/share/ur_description/package.dsv'
[2.854s] INFO:colcon.colcon_core.shell:Creating package script '/home/osboxes/ece569-fall2026/ECE569-Lab2/ws2/install/ur_description/share/ur_description/package.sh'
[2.854s] INFO:colcon.colcon_core.shell:Creating package script '/home/osboxes/ece569-fall2026/ECE569-Lab2/ws2/install/ur_description/share/ur_description/package.bash'
[2.855s] INFO:colcon.colcon_core.shell:Creating package script '/home/osboxes/ece569-fall2026/ECE569-Lab2/ws2/install/ur_description/share/ur_description/package.zsh'
[2.855s] Level 1:colcon.colcon_core.environment:create_file_with_runtime_dependencies(/home/osboxes/ece569-fall2026/ECE569-Lab2/ws2/install/ur_description/share/colcon-core/packages/ur_description)
[2.856s] Level 1:colcon.colcon_core.environment:create_environment_scripts_only(ur_description)
[2.856s] Level 1:colcon.colcon_core.environment:checking '/home/osboxes/ece569-fall2026/ECE569-Lab2/ws2/install/ur_description' for CMake module files
[2.856s] Level 1:colcon.colcon_core.environment:checking '/home/osboxes/ece569-fall2026/ECE569-Lab2/ws2/install/ur_description' for CMake config files
[2.857s] Level 1:colcon.colcon_core.shell:create_environment_hook('ur_description', 'cmake_prefix_path')
[2.857s] INFO:colcon.colcon_core.shell:Creating environment hook '/home/osboxes/ece569-fall2026/ECE569-Lab2/ws2/install/ur_description/share/ur_description/hook/cmake_prefix_path.ps1'
[2.858s] INFO:colcon.colcon_core.shell:Creating environment descriptor '/home/osboxes/ece569-fall2026/ECE569-Lab2/ws2/install/ur_description/share/ur_description/hook/cmake_prefix_path.dsv'
[2.859s] INFO:colcon.colcon_core.shell:Creating environment hook '/home/osboxes/ece569-fall2026/ECE569-Lab2/ws2/install/ur_description/share/ur_description/hook/cmake_prefix_path.sh'
[2.860s] Level 1:colcon.colcon_core.environment:checking '/home/osboxes/ece569-fall2026/ECE569-Lab2/ws2/install/ur_description/bin'
[2.860s] Level 1:colcon.colcon_core.environment:checking '/home/osboxes/ece569-fall2026/ECE569-Lab2/ws2/install/ur_description/lib/pkgconfig/ur_description.pc'
[2.860s] Level 1:colcon.colcon_core.environment:checking '/home/osboxes/ece569-fall2026/ECE569-Lab2/ws2/install/ur_description/lib/python3.12/site-packages'
[2.860s] Level 1:colcon.colcon_core.environment:checking '/home/osboxes/ece569-fall2026/ECE569-Lab2/ws2/install/ur_description/bin'
[2.861s] INFO:colcon.colcon_core.shell:Creating package script '/home/osboxes/ece569-fall2026/ECE569-Lab2/ws2/install/ur_description/share/ur_description/package.ps1'
[2.862s] INFO:colcon.colcon_core.shell:Creating package descriptor '/home/osboxes/ece569-fall2026/ECE569-Lab2/ws2/install/ur_description/share/ur_description/package.dsv'
[2.863s] INFO:colcon.colcon_core.shell:Creating package script '/home/osboxes/ece569-fall2026/ECE569-Lab2/ws2/install/ur_description/share/ur_description/package.sh'
[2.874s] INFO:colcon.colcon_core.shell:Creating package script '/home/osboxes/ece569-fall2026/ECE569-Lab2/ws2/install/ur_description/share/ur_description/package.bash'
[2.874s] INFO:colcon.colcon_core.shell:Creating package script '/home/osboxes/ece569-fall2026/ECE569-Lab2/ws2/install/ur_description/share/ur_description/package.zsh'
[2.875s] Level 1:colcon.colcon_core.environment:create_file_with_runtime_dependencies(/home/osboxes/ece569-fall2026/ECE569-Lab2/ws2/install/ur_description/share/colcon-core/packages/ur_description)
[3.160s] DEBUG:colcon.colcon_core.task.python.build:Available setuptools commands: bdist_egg, check, install, bdist_rpm, register, sdist, bdist_dumb, develop, test, init_catalog, install_egg_info, upload_docs, setopt, install_lib, clean, saveopts, install_scripts, build_ext, install_data, build_py, easy_install, rotate, dist_info, editable_wheel, build_clib, extract_messages, upload, alias, build_scripts, build, symlink_data, update_catalog, egg_info, compile_catalog, bdist, install_headers
[3.406s] DEBUG:colcon.colcon_core.task.python.build:Available setuptools 'develop' options: --find-links, --local-snapshots-ok, --quiet, --exclude-scripts, --upgrade, --verbose, --record, --multi-version, --no-find-links, --site-dirs, --script-dir, --build-directory, --dry-run, --always-unzip, --install-layout, --force-installation-into-system-dir, --optimize, --editable, --install-dir, --zip-ok, --help, --index-url, --always-copy, --allow-hosts, --version, --user, --egg-path, --no-user-cfg, --prefix, --uninstall, --no-deps
[3.415s] DEBUG:colcon.colcon_core.event_handler.log_command:Invoking command in '/home/osboxes/ece569-fall2026/ECE569-Lab2/ws2/build/ur3e_on_table': DEBUGINFOD_URLS=https://debuginfod.ubuntu.com PYTHONPATH=/home/osboxes/ece569-fall2026/ECE569-Lab2/ws2/build/ur3e_on_table/prefix_override:/usr/lib/python3/dist-packages/colcon_core/task/python/colcon_distutils_commands:/home/osboxes/ece569-fall2026/ECE569-Lab2/ws2/install/ur3e_on_table/lib/python3.12/site-packages:${PYTHONPATH} /usr/bin/python3 -W ignore:setup.py install is deprecated -W ignore:easy_install command is deprecated setup.py develop --editable --build-directory /home/osboxes/ece569-fall2026/ECE569-Lab2/ws2/build/ur3e_on_table/build --no-deps symlink_data
[3.919s] Level 1:colcon.colcon_core.shell:create_environment_hook('ur3e_on_table', 'pythonpath_develop')
[3.919s] DEBUG:colcon.colcon_core.event_handler.log_command:Invoked command in '/home/osboxes/ece569-fall2026/ECE569-Lab2/ws2/build/ur3e_on_table' returned '0': DEBUGINFOD_URLS=https://debuginfod.ubuntu.com PYTHONPATH=/home/osboxes/ece569-fall2026/ECE569-Lab2/ws2/build/ur3e_on_table/prefix_override:/usr/lib/python3/dist-packages/colcon_core/task/python/colcon_distutils_commands:/home/osboxes/ece569-fall2026/ECE569-Lab2/ws2/install/ur3e_on_table/lib/python3.12/site-packages:${PYTHONPATH} /usr/bin/python3 -W ignore:setup.py install is deprecated -W ignore:easy_install command is deprecated setup.py develop --editable --build-directory /home/osboxes/ece569-fall2026/ECE569-Lab2/ws2/build/ur3e_on_table/build --no-deps symlink_data
[3.920s] INFO:colcon.colcon_core.shell:Creating environment hook '/home/osboxes/ece569-fall2026/ECE569-Lab2/ws2/build/ur3e_on_table/share/ur3e_on_table/hook/pythonpath_develop.ps1'
[3.920s] INFO:colcon.colcon_core.shell:Creating environment descriptor '/home/osboxes/ece569-fall2026/ECE569-Lab2/ws2/build/ur3e_on_table/share/ur3e_on_table/hook/pythonpath_develop.dsv'
[3.921s] INFO:colcon.colcon_core.shell:Creating environment hook '/home/osboxes/ece569-fall2026/ECE569-Lab2/ws2/build/ur3e_on_table/share/ur3e_on_table/hook/pythonpath_develop.sh'
[3.921s] Level 1:colcon.colcon_core.environment:checking '/home/osboxes/ece569-fall2026/ECE569-Lab2/ws2/install/ur3e_on_table' for CMake module files
[3.922s] Level 1:colcon.colcon_core.environment:checking '/home/osboxes/ece569-fall2026/ECE569-Lab2/ws2/install/ur3e_on_table' for CMake config files
[3.922s] Level 1:colcon.colcon_core.environment:checking '/home/osboxes/ece569-fall2026/ECE569-Lab2/ws2/install/ur3e_on_table/lib'
[3.922s] Level 1:colcon.colcon_core.environment:checking '/home/osboxes/ece569-fall2026/ECE569-Lab2/ws2/install/ur3e_on_table/bin'
[3.922s] Level 1:colcon.colcon_core.environment:checking '/home/osboxes/ece569-fall2026/ECE569-Lab2/ws2/install/ur3e_on_table/lib/pkgconfig/ur3e_on_table.pc'
[3.923s] Level 1:colcon.colcon_core.environment:checking '/home/osboxes/ece569-fall2026/ECE569-Lab2/ws2/install/ur3e_on_table/lib/python3.12/site-packages'
[3.923s] Level 1:colcon.colcon_core.shell:create_environment_hook('ur3e_on_table', 'pythonpath')
[3.923s] INFO:colcon.colcon_core.shell:Creating environment hook '/home/osboxes/ece569-fall2026/ECE569-Lab2/ws2/install/ur3e_on_table/share/ur3e_on_table/hook/pythonpath.ps1'
[3.923s] INFO:colcon.colcon_core.shell:Creating environment descriptor '/home/osboxes/ece569-fall2026/ECE569-Lab2/ws2/install/ur3e_on_table/share/ur3e_on_table/hook/pythonpath.dsv'
[3.924s] INFO:colcon.colcon_core.shell:Creating environment hook '/home/osboxes/ece569-fall2026/ECE569-Lab2/ws2/install/ur3e_on_table/share/ur3e_on_table/hook/pythonpath.sh'
[3.924s] Level 1:colcon.colcon_core.environment:checking '/home/osboxes/ece569-fall2026/ECE569-Lab2/ws2/install/ur3e_on_table/bin'
[3.924s] Level 1:colcon.colcon_core.environment:create_environment_scripts_only(ur3e_on_table)
[3.925s] INFO:colcon.colcon_core.shell:Creating package script '/home/osboxes/ece569-fall2026/ECE569-Lab2/ws2/install/ur3e_on_table/share/ur3e_on_table/package.ps1'
[3.925s] INFO:colcon.colcon_core.shell:Creating package descriptor '/home/osboxes/ece569-fall2026/ECE569-Lab2/ws2/install/ur3e_on_table/share/ur3e_on_table/package.dsv'
[3.926s] INFO:colcon.colcon_core.shell:Creating package script '/home/osboxes/ece569-fall2026/ECE569-Lab2/ws2/install/ur3e_on_table/share/ur3e_on_table/package.sh'
[3.926s] INFO:colcon.colcon_core.shell:Creating package script '/home/osboxes/ece569-fall2026/ECE569-Lab2/ws2/install/ur3e_on_table/share/ur3e_on_table/package.bash'
[3.926s] INFO:colcon.colcon_core.shell:Creating package script '/home/osboxes/ece569-fall2026/ECE569-Lab2/ws2/install/ur3e_on_table/share/ur3e_on_table/package.zsh'
[3.927s] Level 1:colcon.colcon_core.environment:create_file_with_runtime_dependencies(/home/osboxes/ece569-fall2026/ECE569-Lab2/ws2/install/ur3e_on_table/share/colcon-core/packages/ur3e_on_table)
[3.927s] DEBUG:colcon.colcon_parallel_executor.executor.parallel:closing loop
[3.928s] DEBUG:colcon.colcon_parallel_executor.executor.parallel:loop closed
[3.929s] DEBUG:colcon.colcon_parallel_executor.executor.parallel:run_until_complete finished with '0'
[3.929s] DEBUG:colcon.colcon_core.event_reactor:joining thread
[3.935s] INFO:colcon.colcon_core.plugin_system:Skipping extension 'colcon_notification.desktop_notification.terminal_notifier': Not used on non-Darwin systems
[3.968s] INFO:colcon.colcon_core.plugin_system:Skipping extension 'colcon_notification.desktop_notification.win32': Not used on non-Windows systems
[3.968s] INFO:colcon.colcon_notification.desktop_notification:Sending desktop notification using 'notify2'
[3.997s] DEBUG:colcon.colcon_core.event_reactor:joined thread
[3.997s] INFO:colcon.colcon_core.shell:Creating prefix script '/home/osboxes/ece569-fall2026/ECE569-Lab2/ws2/install/local_setup.ps1'
[3.998s] INFO:colcon.colcon_core.shell:Creating prefix util module '/home/osboxes/ece569-fall2026/ECE569-Lab2/ws2/install/_local_setup_util_ps1.py'
[3.999s] INFO:colcon.colcon_core.shell:Creating prefix chain script '/home/osboxes/ece569-fall2026/ECE569-Lab2/ws2/install/setup.ps1'
[4.001s] INFO:colcon.colcon_core.shell:Creating prefix script '/home/osboxes/ece569-fall2026/ECE569-Lab2/ws2/install/local_setup.sh'
[4.002s] INFO:colcon.colcon_core.shell:Creating prefix util module '/home/osboxes/ece569-fall2026/ECE569-Lab2/ws2/install/_local_setup_util_sh.py'
[4.002s] INFO:colcon.colcon_core.shell:Creating prefix chain script '/home/osboxes/ece569-fall2026/ECE569-Lab2/ws2/install/setup.sh'
[4.004s] INFO:colcon.colcon_core.shell:Creating prefix script '/home/osboxes/ece569-fall2026/ECE569-Lab2/ws2/install/local_setup.bash'
[4.004s] INFO:colcon.colcon_core.shell:Creating prefix chain script '/home/osboxes/ece569-fall2026/ECE569-Lab2/ws2/install/setup.bash'
[4.005s] INFO:colcon.colcon_core.shell:Creating prefix script '/home/osboxes/ece569-fall2026/ECE569-Lab2/ws2/install/local_setup.zsh'
[4.006s] INFO:colcon.colcon_core.shell:Creating prefix chain script '/home/osboxes/ece569-fall2026/ECE569-Lab2/ws2/install/setup.zsh'
