[0.085s] DEBUG:colcon:Command line arguments: ['/usr/bin/colcon', 'build', '--symlink-install']
[0.086s] DEBUG:colcon:Parsed command line arguments: Namespace(log_base=None, log_level=None, verb_name='build', build_base='build', install_base='install', merge_install=False, symlink_install=True, test_result_base=None, continue_on_error=False, executor='parallel', parallel_workers=2, event_handlers=None, ignore_user_meta=False, metas=['./colcon.meta'], base_paths=['.'], packages_ignore=None, packages_ignore_regex=None, paths=None, packages_up_to=None, packages_up_to_regex=None, packages_above=None, packages_above_and_dependencies=None, packages_above_depth=None, packages_select_by_dep=None, packages_skip_by_dep=None, packages_skip_up_to=None, packages_select_build_failed=False, packages_skip_build_finished=False, packages_select_test_failures=False, packages_skip_test_passed=False, packages_select=None, packages_skip=None, packages_select_regex=None, packages_skip_regex=None, packages_start=None, packages_end=None, allow_overriding=[], cmake_args=None, cmake_target=None, cmake_target_skip_unavailable=False, cmake_clean_cache=False, cmake_clean_first=False, cmake_force_configure=False, ament_cmake_args=None, catkin_cmake_args=None, catkin_skip_building_tests=False, mixin_files=None, mixin=None, verb_parser=<colcon_mixin.mixin.mixin_argument.MixinArgumentDecorator object at 0x7bbc94e8c470>, verb_extension=<colcon_core.verb.build.BuildVerb object at 0x7bbc94e63bf0>, main=<bound method BuildVerb.main of <colcon_core.verb.build.BuildVerb object at 0x7bbc94e63bf0>>, mixin_verb=('build',))
[0.114s] Level 1:colcon.colcon_core.package_discovery:discover_packages(colcon_meta) check parameters
[0.114s] Level 1:colcon.colcon_core.package_discovery:discover_packages(recursive) check parameters
[0.114s] Level 1:colcon.colcon_core.package_discovery:discover_packages(ignore) check parameters
[0.114s] Level 1:colcon.colcon_core.package_discovery:discover_packages(path) check parameters
[0.114s] Level 1:colcon.colcon_core.package_discovery:discover_packages(colcon_meta) discover
[0.114s] Level 1:colcon.colcon_core.package_discovery:discover_packages(recursive) discover
[0.115s] INFO:colcon.colcon_core.package_discovery:Crawling recursively for packages in '/home/osboxes/ece569-fall2026/ECE569-Lab2/ws2'
[0.115s] Level 1:colcon.colcon_core.package_identification:_identify(.) by extensions ['ignore', 'ignore_ament_install']
[0.115s] Level 1:colcon.colcon_core.package_identification:_identify(.) by extension 'ignore'
[0.115s] Level 1:colcon.colcon_core.package_identification:_identify(.) by extension 'ignore_ament_install'
[0.115s] Level 1:colcon.colcon_core.package_identification:_identify(.) by extensions ['colcon_pkg']
[0.115s] Level 1:colcon.colcon_core.package_identification:_identify(.) by extension 'colcon_pkg'
[0.115s] Level 1:colcon.colcon_core.package_identification:_identify(.) by extensions ['colcon_meta']
[0.115s] Level 1:colcon.colcon_core.package_identification:_identify(.) by extension 'colcon_meta'
[0.116s] Level 1:colcon.colcon_core.package_identification:_identify(.) by extensions ['ros']
[0.116s] Level 1:colcon.colcon_core.package_identification:_identify(.) by extension 'ros'
[0.133s] Level 1:colcon.colcon_core.package_identification:_identify(.) by extensions ['cmake', 'python']
[0.133s] Level 1:colcon.colcon_core.package_identification:_identify(.) by extension 'cmake'
[0.133s] Level 1:colcon.colcon_core.package_identification:_identify(.) by extension 'python'
[0.133s] Level 1:colcon.colcon_core.package_identification:_identify(.) by extensions ['python_setup_py']
[0.133s] Level 1:colcon.colcon_core.package_identification:_identify(.) by extension 'python_setup_py'
[0.134s] Level 1:colcon.colcon_core.package_identification:_identify(build) by extensions ['ignore', 'ignore_ament_install']
[0.134s] Level 1:colcon.colcon_core.package_identification:_identify(build) by extension 'ignore'
[0.134s] Level 1:colcon.colcon_core.package_identification:_identify(build) ignored
[0.134s] Level 1:colcon.colcon_core.package_identification:_identify(install) by extensions ['ignore', 'ignore_ament_install']
[0.134s] Level 1:colcon.colcon_core.package_identification:_identify(install) by extension 'ignore'
[0.134s] Level 1:colcon.colcon_core.package_identification:_identify(install) ignored
[0.135s] Level 1:colcon.colcon_core.package_identification:_identify(log) by extensions ['ignore', 'ignore_ament_install']
[0.135s] Level 1:colcon.colcon_core.package_identification:_identify(log) by extension 'ignore'
[0.135s] Level 1:colcon.colcon_core.package_identification:_identify(log) ignored
[0.135s] Level 1:colcon.colcon_core.package_identification:_identify(src) by extensions ['ignore', 'ignore_ament_install']
[0.135s] Level 1:colcon.colcon_core.package_identification:_identify(src) by extension 'ignore'
[0.135s] Level 1:colcon.colcon_core.package_identification:_identify(src) by extension 'ignore_ament_install'
[0.135s] Level 1:colcon.colcon_core.package_identification:_identify(src) by extensions ['colcon_pkg']
[0.135s] Level 1:colcon.colcon_core.package_identification:_identify(src) by extension 'colcon_pkg'
[0.135s] Level 1:colcon.colcon_core.package_identification:_identify(src) by extensions ['colcon_meta']
[0.135s] Level 1:colcon.colcon_core.package_identification:_identify(src) by extension 'colcon_meta'
[0.135s] Level 1:colcon.colcon_core.package_identification:_identify(src) by extensions ['ros']
[0.135s] Level 1:colcon.colcon_core.package_identification:_identify(src) by extension 'ros'
[0.135s] Level 1:colcon.colcon_core.package_identification:_identify(src) by extensions ['cmake', 'python']
[0.135s] Level 1:colcon.colcon_core.package_identification:_identify(src) by extension 'cmake'
[0.135s] Level 1:colcon.colcon_core.package_identification:_identify(src) by extension 'python'
[0.135s] Level 1:colcon.colcon_core.package_identification:_identify(src) by extensions ['python_setup_py']
[0.135s] Level 1:colcon.colcon_core.package_identification:_identify(src) by extension 'python_setup_py'
[0.136s] Level 1:colcon.colcon_core.package_identification:_identify(src/rrbot_description) by extensions ['ignore', 'ignore_ament_install']
[0.136s] Level 1:colcon.colcon_core.package_identification:_identify(src/rrbot_description) by extension 'ignore'
[0.136s] Level 1:colcon.colcon_core.package_identification:_identify(src/rrbot_description) by extension 'ignore_ament_install'
[0.136s] Level 1:colcon.colcon_core.package_identification:_identify(src/rrbot_description) by extensions ['colcon_pkg']
[0.136s] Level 1:colcon.colcon_core.package_identification:_identify(src/rrbot_description) by extension 'colcon_pkg'
[0.136s] Level 1:colcon.colcon_core.package_identification:_identify(src/rrbot_description) by extensions ['colcon_meta']
[0.136s] Level 1:colcon.colcon_core.package_identification:_identify(src/rrbot_description) by extension 'colcon_meta'
[0.136s] Level 1:colcon.colcon_core.package_identification:_identify(src/rrbot_description) by extensions ['ros']
[0.136s] Level 1:colcon.colcon_core.package_identification:_identify(src/rrbot_description) by extension 'ros'
[0.138s] DEBUG:colcon.colcon_core.package_identification:Package 'src/rrbot_description' with type 'ros.ament_python' and name 'rrbot_description'
[0.139s] Level 1:colcon.colcon_core.package_discovery:discover_packages(recursive) using defaults
[0.139s] Level 1:colcon.colcon_core.package_discovery:discover_packages(ignore) discover
[0.139s] Level 1:colcon.colcon_core.package_discovery:discover_packages(ignore) using defaults
[0.139s] Level 1:colcon.colcon_core.package_discovery:discover_packages(path) discover
[0.139s] Level 1:colcon.colcon_core.package_discovery:discover_packages(path) using defaults
[0.152s] Level 1:colcon.colcon_core.package_discovery:discover_packages(prefix_path) check parameters
[0.152s] Level 1:colcon.colcon_core.package_discovery:discover_packages(prefix_path) discover
[0.153s] WARNING:colcon.colcon_ros.prefix_path.ament:The path '/home/osboxes/ece569-fall2026/ECE569-Lab2/ws2/install/rrbot_description' in the environment variable AMENT_PREFIX_PATH doesn't exist
[0.154s] DEBUG:colcon.colcon_installed_package_information.package_discovery:Found 0 installed packages in /home/osboxes/ece569-fall2026/ECE569-Lab2/ws2/install
[0.155s] DEBUG:colcon.colcon_installed_package_information.package_discovery:Found 290 installed packages in /opt/ros/jazzy
[0.156s] Level 1:colcon.colcon_core.package_discovery:discover_packages(prefix_path) using defaults
[0.184s] Level 5:colcon.colcon_core.verb:set package 'rrbot_description' build argument 'cmake_args' from command line to 'None'
[0.185s] Level 5:colcon.colcon_core.verb:set package 'rrbot_description' build argument 'cmake_target' from command line to 'None'
[0.186s] Level 5:colcon.colcon_core.verb:set package 'rrbot_description' build argument 'cmake_target_skip_unavailable' from command line to 'False'
[0.186s] Level 5:colcon.colcon_core.verb:set package 'rrbot_description' build argument 'cmake_clean_cache' from command line to 'False'
[0.186s] Level 5:colcon.colcon_core.verb:set package 'rrbot_description' build argument 'cmake_clean_first' from command line to 'False'
[0.186s] Level 5:colcon.colcon_core.verb:set package 'rrbot_description' build argument 'cmake_force_configure' from command line to 'False'
[0.187s] Level 5:colcon.colcon_core.verb:set package 'rrbot_description' build argument 'ament_cmake_args' from command line to 'None'
[0.187s] Level 5:colcon.colcon_core.verb:set package 'rrbot_description' build argument 'catkin_cmake_args' from command line to 'None'
[0.187s] Level 5:colcon.colcon_core.verb:set package 'rrbot_description' build argument 'catkin_skip_building_tests' from command line to 'False'
[0.187s] DEBUG:colcon.colcon_core.verb:Building package 'rrbot_description' with the following arguments: {'ament_cmake_args': None, 'build_base': '/home/osboxes/ece569-fall2026/ECE569-Lab2/ws2/build/rrbot_description', 'catkin_cmake_args': None, 'catkin_skip_building_tests': False, 'cmake_args': None, 'cmake_clean_cache': False, 'cmake_clean_first': False, 'cmake_force_configure': False, 'cmake_target': None, 'cmake_target_skip_unavailable': False, 'install_base': '/home/osboxes/ece569-fall2026/ECE569-Lab2/ws2/install/rrbot_description', 'merge_install': False, 'path': '/home/osboxes/ece569-fall2026/ECE569-Lab2/ws2/src/rrbot_description', 'symlink_install': True, 'test_result_base': None}
[0.187s] INFO:colcon.colcon_core.executor:Executing jobs using 'parallel' executor
[0.190s] DEBUG:colcon.colcon_parallel_executor.executor.parallel:run_until_complete
[0.191s] INFO:colcon.colcon_ros.task.ament_python.build:Building ROS package in '/home/osboxes/ece569-fall2026/ECE569-Lab2/ws2/src/rrbot_description' with build type 'ament_python'
[0.191s] Level 1:colcon.colcon_core.shell:create_environment_hook('rrbot_description', 'ament_prefix_path')
[0.193s] INFO:colcon.colcon_core.plugin_system:Skipping extension 'colcon_core.shell.bat': Not used on non-Windows systems
[0.193s] INFO:colcon.colcon_core.shell:Creating environment hook '/home/osboxes/ece569-fall2026/ECE569-Lab2/ws2/install/rrbot_description/share/rrbot_description/hook/ament_prefix_path.ps1'
[0.194s] INFO:colcon.colcon_core.shell:Creating environment descriptor '/home/osboxes/ece569-fall2026/ECE569-Lab2/ws2/install/rrbot_description/share/rrbot_description/hook/ament_prefix_path.dsv'
[0.194s] INFO:colcon.colcon_core.shell:Creating environment hook '/home/osboxes/ece569-fall2026/ECE569-Lab2/ws2/install/rrbot_description/share/rrbot_description/hook/ament_prefix_path.sh'
[0.195s] INFO:colcon.colcon_core.shell:Skip shell extension 'powershell' for command environment: Not usable outside of PowerShell
[0.195s] DEBUG:colcon.colcon_core.shell:Skip shell extension 'dsv' for command environment
[0.379s] INFO:colcon.colcon_core.task.python.build:Building Python package in '/home/osboxes/ece569-fall2026/ECE569-Lab2/ws2/src/rrbot_description'
[0.380s] INFO:colcon.colcon_core.shell:Skip shell extension 'powershell' for command environment: Not usable outside of PowerShell
[0.380s] DEBUG:colcon.colcon_core.shell:Skip shell extension 'dsv' for command environment
[0.751s] DEBUG:colcon.colcon_core.task.python.build:Available setuptools commands: dist_info, bdist, build_ext, symlink_data, setopt, bdist_dumb, easy_install, install_data, build_clib, register, update_catalog, compile_catalog, upload, upload_docs, extract_messages, install_scripts, install, sdist, bdist_rpm, develop, test, build, install_headers, editable_wheel, build_scripts, rotate, egg_info, check, alias, clean, bdist_egg, init_catalog, build_py, saveopts, install_lib, install_egg_info
[0.997s] DEBUG:colcon.colcon_core.task.python.build:Available setuptools 'develop' options: --allow-hosts, --no-deps, --editable, --exclude-scripts, --install-layout, --no-user-cfg, --force-installation-into-system-dir, --multi-version, --no-find-links, --index-url, --record, --egg-path, --always-copy, --site-dirs, --install-dir, --upgrade, --uninstall, --help, --prefix, --user, --script-dir, --build-directory, --verbose, --local-snapshots-ok, --version, --quiet, --find-links, --always-unzip, --dry-run, --zip-ok, --optimize
[0.999s] DEBUG:colcon.colcon_core.event_handler.log_command:Invoking command in '/home/osboxes/ece569-fall2026/ECE569-Lab2/ws2/build/rrbot_description': DEBUGINFOD_URLS=https://debuginfod.ubuntu.com PYTHONPATH=/home/osboxes/ece569-fall2026/ECE569-Lab2/ws2/build/rrbot_description/prefix_override:/usr/lib/python3/dist-packages/colcon_core/task/python/colcon_distutils_commands:/home/osboxes/ece569-fall2026/ECE569-Lab2/ws2/install/rrbot_description/lib/python3.12/site-packages:${PYTHONPATH} /usr/bin/python3 -W ignore:setup.py install is deprecated -W ignore:easy_install command is deprecated setup.py develop --editable --build-directory /home/osboxes/ece569-fall2026/ECE569-Lab2/ws2/build/rrbot_description/build --no-deps symlink_data
[1.407s] Level 1:colcon.colcon_core.shell:create_environment_hook('rrbot_description', 'pythonpath_develop')
[1.408s] INFO:colcon.colcon_core.shell:Creating environment hook '/home/osboxes/ece569-fall2026/ECE569-Lab2/ws2/build/rrbot_description/share/rrbot_description/hook/pythonpath_develop.ps1'
[1.408s] DEBUG:colcon.colcon_core.event_handler.log_command:Invoked command in '/home/osboxes/ece569-fall2026/ECE569-Lab2/ws2/build/rrbot_description' returned '0': DEBUGINFOD_URLS=https://debuginfod.ubuntu.com PYTHONPATH=/home/osboxes/ece569-fall2026/ECE569-Lab2/ws2/build/rrbot_description/prefix_override:/usr/lib/python3/dist-packages/colcon_core/task/python/colcon_distutils_commands:/home/osboxes/ece569-fall2026/ECE569-Lab2/ws2/install/rrbot_description/lib/python3.12/site-packages:${PYTHONPATH} /usr/bin/python3 -W ignore:setup.py install is deprecated -W ignore:easy_install command is deprecated setup.py develop --editable --build-directory /home/osboxes/ece569-fall2026/ECE569-Lab2/ws2/build/rrbot_description/build --no-deps symlink_data
[1.408s] INFO:colcon.colcon_core.shell:Creating environment descriptor '/home/osboxes/ece569-fall2026/ECE569-Lab2/ws2/build/rrbot_description/share/rrbot_description/hook/pythonpath_develop.dsv'
[1.409s] INFO:colcon.colcon_core.shell:Creating environment hook '/home/osboxes/ece569-fall2026/ECE569-Lab2/ws2/build/rrbot_description/share/rrbot_description/hook/pythonpath_develop.sh'
[1.410s] Level 1:colcon.colcon_core.environment:checking '/home/osboxes/ece569-fall2026/ECE569-Lab2/ws2/install/rrbot_description' for CMake module files
[1.411s] Level 1:colcon.colcon_core.environment:checking '/home/osboxes/ece569-fall2026/ECE569-Lab2/ws2/install/rrbot_description' for CMake config files
[1.412s] Level 1:colcon.colcon_core.environment:checking '/home/osboxes/ece569-fall2026/ECE569-Lab2/ws2/install/rrbot_description/lib'
[1.412s] Level 1:colcon.colcon_core.environment:checking '/home/osboxes/ece569-fall2026/ECE569-Lab2/ws2/install/rrbot_description/bin'
[1.412s] Level 1:colcon.colcon_core.environment:checking '/home/osboxes/ece569-fall2026/ECE569-Lab2/ws2/install/rrbot_description/lib/pkgconfig/rrbot_description.pc'
[1.413s] Level 1:colcon.colcon_core.environment:checking '/home/osboxes/ece569-fall2026/ECE569-Lab2/ws2/install/rrbot_description/lib/python3.12/site-packages'
[1.413s] Level 1:colcon.colcon_core.shell:create_environment_hook('rrbot_description', 'pythonpath')
[1.413s] INFO:colcon.colcon_core.shell:Creating environment hook '/home/osboxes/ece569-fall2026/ECE569-Lab2/ws2/install/rrbot_description/share/rrbot_description/hook/pythonpath.ps1'
[1.413s] INFO:colcon.colcon_core.shell:Creating environment descriptor '/home/osboxes/ece569-fall2026/ECE569-Lab2/ws2/install/rrbot_description/share/rrbot_description/hook/pythonpath.dsv'
[1.414s] INFO:colcon.colcon_core.shell:Creating environment hook '/home/osboxes/ece569-fall2026/ECE569-Lab2/ws2/install/rrbot_description/share/rrbot_description/hook/pythonpath.sh'
[1.414s] Level 1:colcon.colcon_core.environment:checking '/home/osboxes/ece569-fall2026/ECE569-Lab2/ws2/install/rrbot_description/bin'
[1.414s] Level 1:colcon.colcon_core.environment:create_environment_scripts_only(rrbot_description)
[1.415s] INFO:colcon.colcon_core.shell:Creating package script '/home/osboxes/ece569-fall2026/ECE569-Lab2/ws2/install/rrbot_description/share/rrbot_description/package.ps1'
[1.416s] INFO:colcon.colcon_core.shell:Creating package descriptor '/home/osboxes/ece569-fall2026/ECE569-Lab2/ws2/install/rrbot_description/share/rrbot_description/package.dsv'
[1.416s] INFO:colcon.colcon_core.shell:Creating package script '/home/osboxes/ece569-fall2026/ECE569-Lab2/ws2/install/rrbot_description/share/rrbot_description/package.sh'
[1.417s] INFO:colcon.colcon_core.shell:Creating package script '/home/osboxes/ece569-fall2026/ECE569-Lab2/ws2/install/rrbot_description/share/rrbot_description/package.bash'
[1.417s] INFO:colcon.colcon_core.shell:Creating package script '/home/osboxes/ece569-fall2026/ECE569-Lab2/ws2/install/rrbot_description/share/rrbot_description/package.zsh'
[1.418s] Level 1:colcon.colcon_core.environment:create_file_with_runtime_dependencies(/home/osboxes/ece569-fall2026/ECE569-Lab2/ws2/install/rrbot_description/share/colcon-core/packages/rrbot_description)
[1.419s] DEBUG:colcon.colcon_parallel_executor.executor.parallel:closing loop
[1.420s] DEBUG:colcon.colcon_parallel_executor.executor.parallel:loop closed
[1.420s] DEBUG:colcon.colcon_parallel_executor.executor.parallel:run_until_complete finished with '0'
[1.420s] DEBUG:colcon.colcon_core.event_reactor:joining thread
[1.424s] INFO:colcon.colcon_core.plugin_system:Skipping extension 'colcon_notification.desktop_notification.terminal_notifier': Not used on non-Darwin systems
[1.424s] INFO:colcon.colcon_core.plugin_system:Skipping extension 'colcon_notification.desktop_notification.win32': Not used on non-Windows systems
[1.424s] INFO:colcon.colcon_notification.desktop_notification:Sending desktop notification using 'notify2'
[1.498s] DEBUG:colcon.colcon_core.event_reactor:joined thread
[1.499s] INFO:colcon.colcon_core.shell:Creating prefix script '/home/osboxes/ece569-fall2026/ECE569-Lab2/ws2/install/local_setup.ps1'
[1.499s] INFO:colcon.colcon_core.shell:Creating prefix util module '/home/osboxes/ece569-fall2026/ECE569-Lab2/ws2/install/_local_setup_util_ps1.py'
[1.500s] INFO:colcon.colcon_core.shell:Creating prefix chain script '/home/osboxes/ece569-fall2026/ECE569-Lab2/ws2/install/setup.ps1'
[1.502s] INFO:colcon.colcon_core.shell:Creating prefix script '/home/osboxes/ece569-fall2026/ECE569-Lab2/ws2/install/local_setup.sh'
[1.503s] INFO:colcon.colcon_core.shell:Creating prefix util module '/home/osboxes/ece569-fall2026/ECE569-Lab2/ws2/install/_local_setup_util_sh.py'
[1.503s] INFO:colcon.colcon_core.shell:Creating prefix chain script '/home/osboxes/ece569-fall2026/ECE569-Lab2/ws2/install/setup.sh'
[1.504s] INFO:colcon.colcon_core.shell:Creating prefix script '/home/osboxes/ece569-fall2026/ECE569-Lab2/ws2/install/local_setup.bash'
[1.505s] INFO:colcon.colcon_core.shell:Creating prefix chain script '/home/osboxes/ece569-fall2026/ECE569-Lab2/ws2/install/setup.bash'
[1.505s] INFO:colcon.colcon_core.shell:Creating prefix script '/home/osboxes/ece569-fall2026/ECE569-Lab2/ws2/install/local_setup.zsh'
[1.506s] INFO:colcon.colcon_core.shell:Creating prefix chain script '/home/osboxes/ece569-fall2026/ECE569-Lab2/ws2/install/setup.zsh'
