[1.296s] Invoking command in '/home/osboxes/ece569-fall2026/ECE569-Lab2/ws2/build/ur3e_on_table': DEBUGINFOD_URLS=https://debuginfod.ubuntu.com PYTHONPATH=/home/osboxes/ece569-fall2026/ECE569-Lab2/ws2/build/ur3e_on_table/prefix_override:/usr/lib/python3/dist-packages/colcon_core/task/python/colcon_distutils_commands:/home/osboxes/ece569-fall2026/ECE569-Lab2/ws2/install/ur3e_on_table/lib/python3.12/site-packages:${PYTHONPATH} /usr/bin/python3 -W ignore:setup.py install is deprecated -W ignore:easy_install command is deprecated setup.py develop --editable --build-directory /home/osboxes/ece569-fall2026/ECE569-Lab2/ws2/build/ur3e_on_table/build --no-deps symlink_data
[1.647s] running develop
[1.958s] running egg_info
[1.976s] creating ur3e_on_table.egg-info
[1.994s] writing ur3e_on_table.egg-info/PKG-INFO
[2.019s] writing dependency_links to ur3e_on_table.egg-info/dependency_links.txt
[2.055s] writing requirements to ur3e_on_table.egg-info/requires.txt
[2.065s] writing top-level names to ur3e_on_table.egg-info/top_level.txt
[2.065s] writing manifest file 'ur3e_on_table.egg-info/SOURCES.txt'
[2.135s] reading manifest file 'ur3e_on_table.egg-info/SOURCES.txt'
[2.153s] writing manifest file 'ur3e_on_table.egg-info/SOURCES.txt'
[2.175s] running build_ext
[2.176s] Creating /home/osboxes/ece569-fall2026/ECE569-Lab2/ws2/install/ur3e_on_table/lib/python3.12/site-packages/ur3e-on-table.egg-link (link to .)
[2.176s] 
[2.176s] Installed /home/osboxes/ece569-fall2026/ECE569-Lab2/ws2/build/ur3e_on_table
[2.176s] running symlink_data
[2.176s] creating /home/osboxes/ece569-fall2026/ECE569-Lab2/ws2/install/ur3e_on_table/share/ament_index
[2.177s] creating /home/osboxes/ece569-fall2026/ECE569-Lab2/ws2/install/ur3e_on_table/share/ament_index/resource_index
[2.178s] creating /home/osboxes/ece569-fall2026/ECE569-Lab2/ws2/install/ur3e_on_table/share/ament_index/resource_index/packages
[2.178s] symbolically linking /home/osboxes/ece569-fall2026/ECE569-Lab2/ws2/build/ur3e_on_table/resource/ur3e_on_table -> /home/osboxes/ece569-fall2026/ECE569-Lab2/ws2/install/ur3e_on_table/share/ament_index/resource_index/packages
[2.179s] symbolically linking /home/osboxes/ece569-fall2026/ECE569-Lab2/ws2/build/ur3e_on_table/package.xml -> /home/osboxes/ece569-fall2026/ECE569-Lab2/ws2/install/ur3e_on_table/share/ur3e_on_table
[2.310s] Invoked command in '/home/osboxes/ece569-fall2026/ECE569-Lab2/ws2/build/ur3e_on_table' returned '0': DEBUGINFOD_URLS=https://debuginfod.ubuntu.com PYTHONPATH=/home/osboxes/ece569-fall2026/ECE569-Lab2/ws2/build/ur3e_on_table/prefix_override:/usr/lib/python3/dist-packages/colcon_core/task/python/colcon_distutils_commands:/home/osboxes/ece569-fall2026/ECE569-Lab2/ws2/install/ur3e_on_table/lib/python3.12/site-packages:${PYTHONPATH} /usr/bin/python3 -W ignore:setup.py install is deprecated -W ignore:easy_install command is deprecated setup.py develop --editable --build-directory /home/osboxes/ece569-fall2026/ECE569-Lab2/ws2/build/ur3e_on_table/build --no-deps symlink_data
