[1.112s] Invoking command in '/home/osboxes/ece569-fall2026/ECE569-Lab2/ws2/build/ur3e_on_table': DEBUGINFOD_URLS=https://debuginfod.ubuntu.com PYTHONPATH=/home/osboxes/ece569-fall2026/ECE569-Lab2/ws2/build/ur3e_on_table/prefix_override:/usr/lib/python3/dist-packages/colcon_core/task/python/colcon_distutils_commands:/home/osboxes/ece569-fall2026/ECE569-Lab2/ws2/install/ur3e_on_table/lib/python3.12/site-packages:${PYTHONPATH} /usr/bin/python3 -W ignore:setup.py install is deprecated -W ignore:easy_install command is deprecated setup.py develop --editable --build-directory /home/osboxes/ece569-fall2026/ECE569-Lab2/ws2/build/ur3e_on_table/build --no-deps symlink_data
[1.405s] running develop
[1.528s] running egg_info
[1.540s] writing ur3e_on_table.egg-info/PKG-INFO
[1.541s] writing dependency_links to ur3e_on_table.egg-info/dependency_links.txt
[1.542s] writing requirements to ur3e_on_table.egg-info/requires.txt
[1.542s] writing top-level names to ur3e_on_table.egg-info/top_level.txt
[1.566s] reading manifest file 'ur3e_on_table.egg-info/SOURCES.txt'
[1.567s] writing manifest file 'ur3e_on_table.egg-info/SOURCES.txt'
[1.579s] running build_ext
[1.580s] Creating /home/osboxes/ece569-fall2026/ECE569-Lab2/ws2/install/ur3e_on_table/lib/python3.12/site-packages/ur3e-on-table.egg-link (link to .)
[1.581s] 
[1.581s] Installed /home/osboxes/ece569-fall2026/ECE569-Lab2/ws2/build/ur3e_on_table
[1.581s] running symlink_data
[1.581s] creating /home/osboxes/ece569-fall2026/ECE569-Lab2/ws2/install/ur3e_on_table/share/ur3e_on_table/config
[1.582s] creating /home/osboxes/ece569-fall2026/ECE569-Lab2/ws2/install/ur3e_on_table/share/ur3e_on_table/launch
[1.582s] symbolically linking /home/osboxes/ece569-fall2026/ECE569-Lab2/ws2/build/ur3e_on_table/launch/view_ur3e_on_table.launch.py -> /home/osboxes/ece569-fall2026/ECE569-Lab2/ws2/install/ur3e_on_table/share/ur3e_on_table/launch
[1.582s] creating /home/osboxes/ece569-fall2026/ECE569-Lab2/ws2/install/ur3e_on_table/share/ur3e_on_table/rviz
[1.586s] creating /home/osboxes/ece569-fall2026/ECE569-Lab2/ws2/install/ur3e_on_table/share/ur3e_on_table/urdf
[1.586s] symbolically linking /home/osboxes/ece569-fall2026/ECE569-Lab2/ws2/build/ur3e_on_table/urdf/view_ur3e_on_table.launch.py -> /home/osboxes/ece569-fall2026/ECE569-Lab2/ws2/install/ur3e_on_table/share/ur3e_on_table/urdf
[1.616s] Invoked command in '/home/osboxes/ece569-fall2026/ECE569-Lab2/ws2/build/ur3e_on_table' returned '0': DEBUGINFOD_URLS=https://debuginfod.ubuntu.com PYTHONPATH=/home/osboxes/ece569-fall2026/ECE569-Lab2/ws2/build/ur3e_on_table/prefix_override:/usr/lib/python3/dist-packages/colcon_core/task/python/colcon_distutils_commands:/home/osboxes/ece569-fall2026/ECE569-Lab2/ws2/install/ur3e_on_table/lib/python3.12/site-packages:${PYTHONPATH} /usr/bin/python3 -W ignore:setup.py install is deprecated -W ignore:easy_install command is deprecated setup.py develop --editable --build-directory /home/osboxes/ece569-fall2026/ECE569-Lab2/ws2/build/ur3e_on_table/build --no-deps symlink_data
