[1.250s] Invoking command in '/home/osboxes/ece569-fall2026/ECE569-Lab2/ws2/build/ur3e_on_table': DEBUGINFOD_URLS=https://debuginfod.ubuntu.com PYTHONPATH=/home/osboxes/ece569-fall2026/ECE569-Lab2/ws2/build/ur3e_on_table/prefix_override:/usr/lib/python3/dist-packages/colcon_core/task/python/colcon_distutils_commands:/home/osboxes/ece569-fall2026/ECE569-Lab2/ws2/install/ur3e_on_table/lib/python3.12/site-packages:${PYTHONPATH} /usr/bin/python3 -W ignore:setup.py install is deprecated -W ignore:easy_install command is deprecated setup.py develop --editable --build-directory /home/osboxes/ece569-fall2026/ECE569-Lab2/ws2/build/ur3e_on_table/build --no-deps symlink_data
[1.545s] running develop
[1.680s] running egg_info
[1.690s] writing ur3e_on_table.egg-info/PKG-INFO
[1.694s] writing dependency_links to ur3e_on_table.egg-info/dependency_links.txt
[1.695s] writing entry points to ur3e_on_table.egg-info/entry_points.txt
[1.697s] writing requirements to ur3e_on_table.egg-info/requires.txt
[1.697s] writing top-level names to ur3e_on_table.egg-info/top_level.txt
[1.723s] reading manifest file 'ur3e_on_table.egg-info/SOURCES.txt'
[1.723s] writing manifest file 'ur3e_on_table.egg-info/SOURCES.txt'
[1.740s] running build_ext
[1.741s] Creating /home/osboxes/ece569-fall2026/ECE569-Lab2/ws2/install/ur3e_on_table/lib/python3.12/site-packages/ur3e-on-table.egg-link (link to .)
[1.741s] Installing lissajous script to /home/osboxes/ece569-fall2026/ECE569-Lab2/ws2/install/ur3e_on_table/lib/ur3e_on_table
[1.742s] Installing pick_and_place script to /home/osboxes/ece569-fall2026/ECE569-Lab2/ws2/install/ur3e_on_table/lib/ur3e_on_table
[1.742s] Installing test script to /home/osboxes/ece569-fall2026/ECE569-Lab2/ws2/install/ur3e_on_table/lib/ur3e_on_table
[1.742s] 
[1.742s] Installed /home/osboxes/ece569-fall2026/ECE569-Lab2/ws2/build/ur3e_on_table
[1.743s] running symlink_data
[1.743s] symbolically linking /home/osboxes/ece569-fall2026/ECE569-Lab2/ws2/build/ur3e_on_table/launch/pick_and_place_ur3e_on_table.launch.py -> /home/osboxes/ece569-fall2026/ECE569-Lab2/ws2/install/ur3e_on_table/share/ur3e_on_table/launch
[1.803s] Invoked command in '/home/osboxes/ece569-fall2026/ECE569-Lab2/ws2/build/ur3e_on_table' returned '0': DEBUGINFOD_URLS=https://debuginfod.ubuntu.com PYTHONPATH=/home/osboxes/ece569-fall2026/ECE569-Lab2/ws2/build/ur3e_on_table/prefix_override:/usr/lib/python3/dist-packages/colcon_core/task/python/colcon_distutils_commands:/home/osboxes/ece569-fall2026/ECE569-Lab2/ws2/install/ur3e_on_table/lib/python3.12/site-packages:${PYTHONPATH} /usr/bin/python3 -W ignore:setup.py install is deprecated -W ignore:easy_install command is deprecated setup.py develop --editable --build-directory /home/osboxes/ece569-fall2026/ECE569-Lab2/ws2/build/ur3e_on_table/build --no-deps symlink_data
