[0.085s] DEBUG:colcon:Command line arguments: ['/usr/bin/colcon', 'build', '--symlink-install']
[0.085s] DEBUG:colcon:Parsed command line arguments: Namespace(log_base=None, log_level=None, verb_name='build', build_base='build', install_base='install', merge_install=False, symlink_install=True, test_result_base=None, continue_on_error=False, executor='parallel', parallel_workers=2, event_handlers=None, ignore_user_meta=False, metas=['./colcon.meta'], base_paths=['.'], packages_ignore=None, packages_ignore_regex=None, paths=None, packages_up_to=None, packages_up_to_regex=None, packages_above=None, packages_above_and_dependencies=None, packages_above_depth=None, packages_select_by_dep=None, packages_skip_by_dep=None, packages_skip_up_to=None, packages_select_build_failed=False, packages_skip_build_finished=False, packages_select_test_failures=False, packages_skip_test_passed=False, packages_select=None, packages_skip=None, packages_select_regex=None, packages_skip_regex=None, packages_start=None, packages_end=None, allow_overriding=[], cmake_args=None, cmake_target=None, cmake_target_skip_unavailable=False, cmake_clean_cache=False, cmake_clean_first=False, cmake_force_configure=False, ament_cmake_args=None, catkin_cmake_args=None, catkin_skip_building_tests=False, mixin_files=None, mixin=None, verb_parser=<colcon_mixin.mixin.mixin_argument.MixinArgumentDecorator object at 0x7850aaaa0890>, verb_extension=<colcon_core.verb.build.BuildVerb object at 0x7850aaa7bcb0>, main=<bound method BuildVerb.main of <colcon_core.verb.build.BuildVerb object at 0x7850aaa7bcb0>>, mixin_verb=('build',))
[0.116s] Level 1:colcon.colcon_core.package_discovery:discover_packages(colcon_meta) check parameters
[0.116s] Level 1:colcon.colcon_core.package_discovery:discover_packages(recursive) check parameters
[0.116s] Level 1:colcon.colcon_core.package_discovery:discover_packages(ignore) check parameters
[0.116s] Level 1:colcon.colcon_core.package_discovery:discover_packages(path) check parameters
[0.117s] Level 1:colcon.colcon_core.package_discovery:discover_packages(colcon_meta) discover
[0.117s] Level 1:colcon.colcon_core.package_discovery:discover_packages(recursive) discover
[0.117s] INFO:colcon.colcon_core.package_discovery:Crawling recursively for packages in '/home/osboxes/ece569-fall2026/ECE569-Lab2/ws2'
[0.117s] Level 1:colcon.colcon_core.package_identification:_identify(.) by extensions ['ignore', 'ignore_ament_install']
[0.117s] Level 1:colcon.colcon_core.package_identification:_identify(.) by extension 'ignore'
[0.117s] Level 1:colcon.colcon_core.package_identification:_identify(.) by extension 'ignore_ament_install'
[0.117s] Level 1:colcon.colcon_core.package_identification:_identify(.) by extensions ['colcon_pkg']
[0.117s] Level 1:colcon.colcon_core.package_identification:_identify(.) by extension 'colcon_pkg'
[0.118s] Level 1:colcon.colcon_core.package_identification:_identify(.) by extensions ['colcon_meta']
[0.118s] Level 1:colcon.colcon_core.package_identification:_identify(.) by extension 'colcon_meta'
[0.118s] Level 1:colcon.colcon_core.package_identification:_identify(.) by extensions ['ros']
[0.118s] Level 1:colcon.colcon_core.package_identification:_identify(.) by extension 'ros'
[0.147s] Level 1:colcon.colcon_core.package_identification:_identify(.) by extensions ['cmake', 'python']
[0.148s] Level 1:colcon.colcon_core.package_identification:_identify(.) by extension 'cmake'
[0.148s] Level 1:colcon.colcon_core.package_identification:_identify(.) by extension 'python'
[0.148s] Level 1:colcon.colcon_core.package_identification:_identify(.) by extensions ['python_setup_py']
[0.148s] Level 1:colcon.colcon_core.package_identification:_identify(.) by extension 'python_setup_py'
[0.148s] Level 1:colcon.colcon_core.package_identification:_identify(build) by extensions ['ignore', 'ignore_ament_install']
[0.148s] Level 1:colcon.colcon_core.package_identification:_identify(build) by extension 'ignore'
[0.149s] Level 1:colcon.colcon_core.package_identification:_identify(build) ignored
[0.149s] Level 1:colcon.colcon_core.package_identification:_identify(install) by extensions ['ignore', 'ignore_ament_install']
[0.149s] Level 1:colcon.colcon_core.package_identification:_identify(install) by extension 'ignore'
[0.149s] Level 1:colcon.colcon_core.package_identification:_identify(install) ignored
[0.149s] Level 1:colcon.colcon_core.package_identification:_identify(log) by extensions ['ignore', 'ignore_ament_install']
[0.149s] Level 1:colcon.colcon_core.package_identification:_identify(log) by extension 'ignore'
[0.149s] Level 1:colcon.colcon_core.package_identification:_identify(log) ignored
[0.150s] Level 1:colcon.colcon_core.package_identification:_identify(src) by extensions ['ignore', 'ignore_ament_install']
[0.150s] Level 1:colcon.colcon_core.package_identification:_identify(src) by extension 'ignore'
[0.150s] Level 1:colcon.colcon_core.package_identification:_identify(src) by extension 'ignore_ament_install'
[0.150s] Level 1:colcon.colcon_core.package_identification:_identify(src) by extensions ['colcon_pkg']
[0.150s] Level 1:colcon.colcon_core.package_identification:_identify(src) by extension 'colcon_pkg'
[0.150s] Level 1:colcon.colcon_core.package_identification:_identify(src) by extensions ['colcon_meta']
[0.150s] Level 1:colcon.colcon_core.package_identification:_identify(src) by extension 'colcon_meta'
[0.150s] Level 1:colcon.colcon_core.package_identification:_identify(src) by extensions ['ros']
[0.150s] Level 1:colcon.colcon_core.package_identification:_identify(src) by extension 'ros'
[0.150s] Level 1:colcon.colcon_core.package_identification:_identify(src) by extensions ['cmake', 'python']
[0.150s] Level 1:colcon.colcon_core.package_identification:_identify(src) by extension 'cmake'
[0.151s] Level 1:colcon.colcon_core.package_identification:_identify(src) by extension 'python'
[0.151s] Level 1:colcon.colcon_core.package_identification:_identify(src) by extensions ['python_setup_py']
[0.151s] Level 1:colcon.colcon_core.package_identification:_identify(src) by extension 'python_setup_py'
[0.151s] Level 1:colcon.colcon_core.package_identification:_identify(src/Universal_Robots_ROS2_Description) by extensions ['ignore', 'ignore_ament_install']
[0.151s] Level 1:colcon.colcon_core.package_identification:_identify(src/Universal_Robots_ROS2_Description) by extension 'ignore'
[0.151s] Level 1:colcon.colcon_core.package_identification:_identify(src/Universal_Robots_ROS2_Description) by extension 'ignore_ament_install'
[0.151s] Level 1:colcon.colcon_core.package_identification:_identify(src/Universal_Robots_ROS2_Description) by extensions ['colcon_pkg']
[0.151s] Level 1:colcon.colcon_core.package_identification:_identify(src/Universal_Robots_ROS2_Description) by extension 'colcon_pkg'
[0.151s] Level 1:colcon.colcon_core.package_identification:_identify(src/Universal_Robots_ROS2_Description) by extensions ['colcon_meta']
[0.151s] Level 1:colcon.colcon_core.package_identification:_identify(src/Universal_Robots_ROS2_Description) by extension 'colcon_meta'
[0.151s] Level 1:colcon.colcon_core.package_identification:_identify(src/Universal_Robots_ROS2_Description) by extensions ['ros']
[0.152s] Level 1:colcon.colcon_core.package_identification:_identify(src/Universal_Robots_ROS2_Description) by extension 'ros'
[0.154s] DEBUG:colcon.colcon_core.package_identification:Package 'src/Universal_Robots_ROS2_Description' with type 'ros.ament_cmake' and name 'ur_description'
[0.154s] Level 1:colcon.colcon_core.package_identification:_identify(src/rrbot_description) by extensions ['ignore', 'ignore_ament_install']
[0.154s] Level 1:colcon.colcon_core.package_identification:_identify(src/rrbot_description) by extension 'ignore'
[0.155s] Level 1:colcon.colcon_core.package_identification:_identify(src/rrbot_description) by extension 'ignore_ament_install'
[0.155s] Level 1:colcon.colcon_core.package_identification:_identify(src/rrbot_description) by extensions ['colcon_pkg']
[0.155s] Level 1:colcon.colcon_core.package_identification:_identify(src/rrbot_description) by extension 'colcon_pkg'
[0.155s] Level 1:colcon.colcon_core.package_identification:_identify(src/rrbot_description) by extensions ['colcon_meta']
[0.155s] Level 1:colcon.colcon_core.package_identification:_identify(src/rrbot_description) by extension 'colcon_meta'
[0.155s] Level 1:colcon.colcon_core.package_identification:_identify(src/rrbot_description) by extensions ['ros']
[0.155s] Level 1:colcon.colcon_core.package_identification:_identify(src/rrbot_description) by extension 'ros'
[0.155s] DEBUG:colcon.colcon_core.package_identification:Package 'src/rrbot_description' with type 'ros.ament_python' and name 'rrbot_description'
[0.155s] Level 1:colcon.colcon_core.package_identification:_identify(src/table_description) by extensions ['ignore', 'ignore_ament_install']
[0.155s] Level 1:colcon.colcon_core.package_identification:_identify(src/table_description) by extension 'ignore'
[0.155s] Level 1:colcon.colcon_core.package_identification:_identify(src/table_description) by extension 'ignore_ament_install'
[0.155s] Level 1:colcon.colcon_core.package_identification:_identify(src/table_description) by extensions ['colcon_pkg']
[0.155s] Level 1:colcon.colcon_core.package_identification:_identify(src/table_description) by extension 'colcon_pkg'
[0.155s] Level 1:colcon.colcon_core.package_identification:_identify(src/table_description) by extensions ['colcon_meta']
[0.155s] Level 1:colcon.colcon_core.package_identification:_identify(src/table_description) by extension 'colcon_meta'
[0.155s] Level 1:colcon.colcon_core.package_identification:_identify(src/table_description) by extensions ['ros']
[0.155s] Level 1:colcon.colcon_core.package_identification:_identify(src/table_description) by extension 'ros'
[0.156s] DEBUG:colcon.colcon_core.package_identification:Package 'src/table_description' with type 'ros.ament_python' and name 'table_description'
[0.156s] Level 1:colcon.colcon_core.package_identification:_identify(src/ur3e_on_table) by extensions ['ignore', 'ignore_ament_install']
[0.156s] Level 1:colcon.colcon_core.package_identification:_identify(src/ur3e_on_table) by extension 'ignore'
[0.156s] Level 1:colcon.colcon_core.package_identification:_identify(src/ur3e_on_table) by extension 'ignore_ament_install'
[0.156s] Level 1:colcon.colcon_core.package_identification:_identify(src/ur3e_on_table) by extensions ['colcon_pkg']
[0.156s] Level 1:colcon.colcon_core.package_identification:_identify(src/ur3e_on_table) by extension 'colcon_pkg'
[0.156s] Level 1:colcon.colcon_core.package_identification:_identify(src/ur3e_on_table) by extensions ['colcon_meta']
[0.156s] Level 1:colcon.colcon_core.package_identification:_identify(src/ur3e_on_table) by extension 'colcon_meta'
[0.156s] Level 1:colcon.colcon_core.package_identification:_identify(src/ur3e_on_table) by extensions ['ros']
[0.156s] Level 1:colcon.colcon_core.package_identification:_identify(src/ur3e_on_table) by extension 'ros'
[0.158s] DEBUG:colcon.colcon_core.package_identification:Package 'src/ur3e_on_table' with type 'ros.ament_python' and name 'ur3e_on_table'
[0.158s] Level 1:colcon.colcon_core.package_discovery:discover_packages(recursive) using defaults
[0.158s] Level 1:colcon.colcon_core.package_discovery:discover_packages(ignore) discover
[0.158s] Level 1:colcon.colcon_core.package_discovery:discover_packages(ignore) using defaults
[0.158s] Level 1:colcon.colcon_core.package_discovery:discover_packages(path) discover
[0.158s] Level 1:colcon.colcon_core.package_discovery:discover_packages(path) using defaults
[0.175s] Level 1:colcon.colcon_core.package_discovery:discover_packages(prefix_path) check parameters
[0.175s] Level 1:colcon.colcon_core.package_discovery:discover_packages(prefix_path) discover
[0.176s] DEBUG:colcon.colcon_installed_package_information.package_discovery:Found 4 installed packages in /home/osboxes/ece569-fall2026/ECE569-Lab2/ws2/install
[0.177s] DEBUG:colcon.colcon_installed_package_information.package_discovery:Found 290 installed packages in /opt/ros/jazzy
[0.178s] Level 1:colcon.colcon_core.package_discovery:discover_packages(prefix_path) using defaults
[0.305s] Level 5:colcon.colcon_core.verb:set package 'rrbot_description' build argument 'cmake_args' from command line to 'None'
[0.305s] Level 5:colcon.colcon_core.verb:set package 'rrbot_description' build argument 'cmake_target' from command line to 'None'
[0.305s] Level 5:colcon.colcon_core.verb:set package 'rrbot_description' build argument 'cmake_target_skip_unavailable' from command line to 'False'
[0.305s] Level 5:colcon.colcon_core.verb:set package 'rrbot_description' build argument 'cmake_clean_cache' from command line to 'False'
[0.305s] Level 5:colcon.colcon_core.verb:set package 'rrbot_description' build argument 'cmake_clean_first' from command line to 'False'
[0.305s] Level 5:colcon.colcon_core.verb:set package 'rrbot_description' build argument 'cmake_force_configure' from command line to 'False'
[0.305s] Level 5:colcon.colcon_core.verb:set package 'rrbot_description' build argument 'ament_cmake_args' from command line to 'None'
[0.305s] Level 5:colcon.colcon_core.verb:set package 'rrbot_description' build argument 'catkin_cmake_args' from command line to 'None'
[0.305s] Level 5:colcon.colcon_core.verb:set package 'rrbot_description' build argument 'catkin_skip_building_tests' from command line to 'False'
[0.305s] DEBUG:colcon.colcon_core.verb:Building package 'rrbot_description' with the following arguments: {'ament_cmake_args': None, 'build_base': '/home/osboxes/ece569-fall2026/ECE569-Lab2/ws2/build/rrbot_description', 'catkin_cmake_args': None, 'catkin_skip_building_tests': False, 'cmake_args': None, 'cmake_clean_cache': False, 'cmake_clean_first': False, 'cmake_force_configure': False, 'cmake_target': None, 'cmake_target_skip_unavailable': False, 'install_base': '/home/osboxes/ece569-fall2026/ECE569-Lab2/ws2/install/rrbot_description', 'merge_install': False, 'path': '/home/osboxes/ece569-fall2026/ECE569-Lab2/ws2/src/rrbot_description', 'symlink_install': True, 'test_result_base': None}
[0.305s] Level 5:colcon.colcon_core.verb:set package 'table_description' build argument 'cmake_args' from command line to 'None'
[0.305s] Level 5:colcon.colcon_core.verb:set package 'table_description' build argument 'cmake_target' from command line to 'None'
[0.305s] Level 5:colcon.colcon_core.verb:set package 'table_description' build argument 'cmake_target_skip_unavailable' from command line to 'False'
[0.305s] Level 5:colcon.colcon_core.verb:set package 'table_description' build argument 'cmake_clean_cache' from command line to 'False'
[0.305s] Level 5:colcon.colcon_core.verb:set package 'table_description' build argument 'cmake_clean_first' from command line to 'False'
[0.305s] Level 5:colcon.colcon_core.verb:set package 'table_description' build argument 'cmake_force_configure' from command line to 'False'
[0.305s] Level 5:colcon.colcon_core.verb:set package 'table_description' build argument 'ament_cmake_args' from command line to 'None'
[0.305s] Level 5:colcon.colcon_core.verb:set package 'table_description' build argument 'catkin_cmake_args' from command line to 'None'
[0.305s] Level 5:colcon.colcon_core.verb:set package 'table_description' build argument 'catkin_skip_building_tests' from command line to 'False'
[0.305s] DEBUG:colcon.colcon_core.verb:Building package 'table_description' with the following arguments: {'ament_cmake_args': None, 'build_base': '/home/osboxes/ece569-fall2026/ECE569-Lab2/ws2/build/table_description', 'catkin_cmake_args': None, 'catkin_skip_building_tests': False, 'cmake_args': None, 'cmake_clean_cache': False, 'cmake_clean_first': False, 'cmake_force_configure': False, 'cmake_target': None, 'cmake_target_skip_unavailable': False, 'install_base': '/home/osboxes/ece569-fall2026/ECE569-Lab2/ws2/install/table_description', 'merge_install': False, 'path': '/home/osboxes/ece569-fall2026/ECE569-Lab2/ws2/src/table_description', 'symlink_install': True, 'test_result_base': None}
[0.306s] Level 5:colcon.colcon_core.verb:set package 'ur3e_on_table' build argument 'cmake_args' from command line to 'None'
[0.306s] Level 5:colcon.colcon_core.verb:set package 'ur3e_on_table' build argument 'cmake_target' from command line to 'None'
[0.306s] Level 5:colcon.colcon_core.verb:set package 'ur3e_on_table' build argument 'cmake_target_skip_unavailable' from command line to 'False'
[0.306s] Level 5:colcon.colcon_core.verb:set package 'ur3e_on_table' build argument 'cmake_clean_cache' from command line to 'False'
[0.306s] Level 5:colcon.colcon_core.verb:set package 'ur3e_on_table' build argument 'cmake_clean_first' from command line to 'False'
[0.306s] Level 5:colcon.colcon_core.verb:set package 'ur3e_on_table' build argument 'cmake_force_configure' from command line to 'False'
[0.306s] Level 5:colcon.colcon_core.verb:set package 'ur3e_on_table' build argument 'ament_cmake_args' from command line to 'None'
[0.306s] Level 5:colcon.colcon_core.verb:set package 'ur3e_on_table' build argument 'catkin_cmake_args' from command line to 'None'
[0.306s] Level 5:colcon.colcon_core.verb:set package 'ur3e_on_table' build argument 'catkin_skip_building_tests' from command line to 'False'
[0.306s] DEBUG:colcon.colcon_core.verb:Building package 'ur3e_on_table' with the following arguments: {'ament_cmake_args': None, 'build_base': '/home/osboxes/ece569-fall2026/ECE569-Lab2/ws2/build/ur3e_on_table', 'catkin_cmake_args': None, 'catkin_skip_building_tests': False, 'cmake_args': None, 'cmake_clean_cache': False, 'cmake_clean_first': False, 'cmake_force_configure': False, 'cmake_target': None, 'cmake_target_skip_unavailable': False, 'install_base': '/home/osboxes/ece569-fall2026/ECE569-Lab2/ws2/install/ur3e_on_table', 'merge_install': False, 'path': '/home/osboxes/ece569-fall2026/ECE569-Lab2/ws2/src/ur3e_on_table', 'symlink_install': True, 'test_result_base': None}
[0.306s] Level 5:colcon.colcon_core.verb:set package 'ur_description' build argument 'cmake_args' from command line to 'None'
[0.306s] Level 5:colcon.colcon_core.verb:set package 'ur_description' build argument 'cmake_target' from command line to 'None'
[0.306s] Level 5:colcon.colcon_core.verb:set package 'ur_description' build argument 'cmake_target_skip_unavailable' from command line to 'False'
[0.306s] Level 5:colcon.colcon_core.verb:set package 'ur_description' build argument 'cmake_clean_cache' from command line to 'False'
[0.306s] Level 5:colcon.colcon_core.verb:set package 'ur_description' build argument 'cmake_clean_first' from command line to 'False'
[0.306s] Level 5:colcon.colcon_core.verb:set package 'ur_description' build argument 'cmake_force_configure' from command line to 'False'
[0.306s] Level 5:colcon.colcon_core.verb:set package 'ur_description' build argument 'ament_cmake_args' from command line to 'None'
[0.306s] Level 5:colcon.colcon_core.verb:set package 'ur_description' build argument 'catkin_cmake_args' from command line to 'None'
[0.306s] Level 5:colcon.colcon_core.verb:set package 'ur_description' build argument 'catkin_skip_building_tests' from command line to 'False'
[0.306s] DEBUG:colcon.colcon_core.verb:Building package 'ur_description' with the following arguments: {'ament_cmake_args': None, 'build_base': '/home/osboxes/ece569-fall2026/ECE569-Lab2/ws2/build/ur_description', 'catkin_cmake_args': None, 'catkin_skip_building_tests': False, 'cmake_args': None, 'cmake_clean_cache': False, 'cmake_clean_first': False, 'cmake_force_configure': False, 'cmake_target': None, 'cmake_target_skip_unavailable': False, 'install_base': '/home/osboxes/ece569-fall2026/ECE569-Lab2/ws2/install/ur_description', 'merge_install': False, 'path': '/home/osboxes/ece569-fall2026/ECE569-Lab2/ws2/src/Universal_Robots_ROS2_Description', 'symlink_install': True, 'test_result_base': None}
[0.306s] INFO:colcon.colcon_core.executor:Executing jobs using 'parallel' executor
[0.308s] DEBUG:colcon.colcon_parallel_executor.executor.parallel:run_until_complete
[0.308s] INFO:colcon.colcon_ros.task.ament_python.build:Building ROS package in '/home/osboxes/ece569-fall2026/ECE569-Lab2/ws2/src/rrbot_description' with build type 'ament_python'
[0.308s] Level 1:colcon.colcon_core.shell:create_environment_hook('rrbot_description', 'ament_prefix_path')
[0.310s] INFO:colcon.colcon_core.plugin_system:Skipping extension 'colcon_core.shell.bat': Not used on non-Windows systems
[0.310s] INFO:colcon.colcon_core.shell:Creating environment hook '/home/osboxes/ece569-fall2026/ECE569-Lab2/ws2/install/rrbot_description/share/rrbot_description/hook/ament_prefix_path.ps1'
[0.312s] INFO:colcon.colcon_core.shell:Creating environment descriptor '/home/osboxes/ece569-fall2026/ECE569-Lab2/ws2/install/rrbot_description/share/rrbot_description/hook/ament_prefix_path.dsv'
[0.313s] INFO:colcon.colcon_core.shell:Creating environment hook '/home/osboxes/ece569-fall2026/ECE569-Lab2/ws2/install/rrbot_description/share/rrbot_description/hook/ament_prefix_path.sh'
[0.314s] INFO:colcon.colcon_core.shell:Skip shell extension 'powershell' for command environment: Not usable outside of PowerShell
[0.314s] DEBUG:colcon.colcon_core.shell:Skip shell extension 'dsv' for command environment
[0.317s] INFO:colcon.colcon_ros.task.ament_python.build:Building ROS package in '/home/osboxes/ece569-fall2026/ECE569-Lab2/ws2/src/table_description' with build type 'ament_python'
[0.318s] Level 1:colcon.colcon_core.shell:create_environment_hook('table_description', 'ament_prefix_path')
[0.324s] INFO:colcon.colcon_core.shell:Creating environment hook '/home/osboxes/ece569-fall2026/ECE569-Lab2/ws2/install/table_description/share/table_description/hook/ament_prefix_path.ps1'
[0.325s] INFO:colcon.colcon_core.shell:Creating environment descriptor '/home/osboxes/ece569-fall2026/ECE569-Lab2/ws2/install/table_description/share/table_description/hook/ament_prefix_path.dsv'
[0.326s] INFO:colcon.colcon_core.shell:Creating environment hook '/home/osboxes/ece569-fall2026/ECE569-Lab2/ws2/install/table_description/share/table_description/hook/ament_prefix_path.sh'
[0.326s] INFO:colcon.colcon_core.shell:Skip shell extension 'powershell' for command environment: Not usable outside of PowerShell
[0.326s] DEBUG:colcon.colcon_core.shell:Skip shell extension 'dsv' for command environment
[0.497s] INFO:colcon.colcon_core.task.python.build:Building Python package in '/home/osboxes/ece569-fall2026/ECE569-Lab2/ws2/src/table_description'
[0.498s] INFO:colcon.colcon_core.shell:Skip shell extension 'powershell' for command environment: Not usable outside of PowerShell
[0.498s] DEBUG:colcon.colcon_core.shell:Skip shell extension 'dsv' for command environment
[0.656s] INFO:colcon.colcon_core.task.python.build:Building Python package in '/home/osboxes/ece569-fall2026/ECE569-Lab2/ws2/src/rrbot_description'
[0.657s] INFO:colcon.colcon_core.shell:Skip shell extension 'powershell' for command environment: Not usable outside of PowerShell
[0.657s] DEBUG:colcon.colcon_core.shell:Skip shell extension 'dsv' for command environment
[1.325s] DEBUG:colcon.colcon_core.task.python.build:Available setuptools commands: sdist, saveopts, install_scripts, symlink_data, bdist, easy_install, check, install_data, build_scripts, clean, test, install_lib, install_headers, install_egg_info, develop, build, editable_wheel, update_catalog, register, extract_messages, egg_info, build_ext, bdist_rpm, setopt, compile_catalog, build_clib, alias, rotate, install, dist_info, bdist_egg, build_py, upload, upload_docs, init_catalog, bdist_dumb
[1.565s] DEBUG:colcon.colcon_core.task.python.build:Available setuptools 'develop' options: --upgrade, --no-user-cfg, --no-deps, --dry-run, --find-links, --help, --editable, --user, --exclude-scripts, --force-installation-into-system-dir, --quiet, --allow-hosts, --script-dir, --always-unzip, --zip-ok, --version, --uninstall, --egg-path, --install-dir, --local-snapshots-ok, --prefix, --site-dirs, --optimize, --index-url, --build-directory, --verbose, --install-layout, --record, --no-find-links, --multi-version, --always-copy
[1.570s] DEBUG:colcon.colcon_core.event_handler.log_command:Invoking command in '/home/osboxes/ece569-fall2026/ECE569-Lab2/ws2/build/table_description': DEBUGINFOD_URLS=https://debuginfod.ubuntu.com PYTHONPATH=/home/osboxes/ece569-fall2026/ECE569-Lab2/ws2/build/table_description/prefix_override:/usr/lib/python3/dist-packages/colcon_core/task/python/colcon_distutils_commands:/home/osboxes/ece569-fall2026/ECE569-Lab2/ws2/install/table_description/lib/python3.12/site-packages:${PYTHONPATH} /usr/bin/python3 -W ignore:setup.py install is deprecated -W ignore:easy_install command is deprecated setup.py develop --editable --build-directory /home/osboxes/ece569-fall2026/ECE569-Lab2/ws2/build/table_description/build --no-deps symlink_data
[1.662s] DEBUG:colcon.colcon_core.task.python.build:Available setuptools commands: sdist, saveopts, install_scripts, symlink_data, bdist, easy_install, check, install_data, build_scripts, clean, test, install_lib, install_headers, install_egg_info, develop, build, editable_wheel, update_catalog, register, extract_messages, egg_info, build_ext, bdist_rpm, setopt, compile_catalog, build_clib, alias, rotate, install, dist_info, bdist_egg, build_py, upload, upload_docs, init_catalog, bdist_dumb
[2.188s] DEBUG:colcon.colcon_core.task.python.build:Available setuptools 'develop' options: --upgrade, --no-user-cfg, --no-deps, --dry-run, --find-links, --help, --editable, --user, --exclude-scripts, --force-installation-into-system-dir, --quiet, --allow-hosts, --script-dir, --always-unzip, --zip-ok, --version, --uninstall, --egg-path, --install-dir, --local-snapshots-ok, --prefix, --site-dirs, --optimize, --index-url, --build-directory, --verbose, --install-layout, --record, --no-find-links, --multi-version, --always-copy
[2.199s] DEBUG:colcon.colcon_core.event_handler.log_command:Invoking command in '/home/osboxes/ece569-fall2026/ECE569-Lab2/ws2/build/rrbot_description': DEBUGINFOD_URLS=https://debuginfod.ubuntu.com PYTHONPATH=/home/osboxes/ece569-fall2026/ECE569-Lab2/ws2/build/rrbot_description/prefix_override:/usr/lib/python3/dist-packages/colcon_core/task/python/colcon_distutils_commands:/home/osboxes/ece569-fall2026/ECE569-Lab2/ws2/install/rrbot_description/lib/python3.12/site-packages:${PYTHONPATH} /usr/bin/python3 -W ignore:setup.py install is deprecated -W ignore:easy_install command is deprecated setup.py develop --editable --build-directory /home/osboxes/ece569-fall2026/ECE569-Lab2/ws2/build/rrbot_description/build --no-deps symlink_data
[2.343s] Level 1:colcon.colcon_core.shell:create_environment_hook('table_description', 'pythonpath_develop')
[2.344s] DEBUG:colcon.colcon_core.event_handler.log_command:Invoked command in '/home/osboxes/ece569-fall2026/ECE569-Lab2/ws2/build/table_description' returned '0': DEBUGINFOD_URLS=https://debuginfod.ubuntu.com PYTHONPATH=/home/osboxes/ece569-fall2026/ECE569-Lab2/ws2/build/table_description/prefix_override:/usr/lib/python3/dist-packages/colcon_core/task/python/colcon_distutils_commands:/home/osboxes/ece569-fall2026/ECE569-Lab2/ws2/install/table_description/lib/python3.12/site-packages:${PYTHONPATH} /usr/bin/python3 -W ignore:setup.py install is deprecated -W ignore:easy_install command is deprecated setup.py develop --editable --build-directory /home/osboxes/ece569-fall2026/ECE569-Lab2/ws2/build/table_description/build --no-deps symlink_data
[2.344s] INFO:colcon.colcon_core.shell:Creating environment hook '/home/osboxes/ece569-fall2026/ECE569-Lab2/ws2/build/table_description/share/table_description/hook/pythonpath_develop.ps1'
[2.346s] INFO:colcon.colcon_core.shell:Creating environment descriptor '/home/osboxes/ece569-fall2026/ECE569-Lab2/ws2/build/table_description/share/table_description/hook/pythonpath_develop.dsv'
[2.346s] INFO:colcon.colcon_core.shell:Creating environment hook '/home/osboxes/ece569-fall2026/ECE569-Lab2/ws2/build/table_description/share/table_description/hook/pythonpath_develop.sh'
[2.348s] Level 1:colcon.colcon_core.environment:checking '/home/osboxes/ece569-fall2026/ECE569-Lab2/ws2/install/table_description' for CMake module files
[2.353s] Level 1:colcon.colcon_core.environment:checking '/home/osboxes/ece569-fall2026/ECE569-Lab2/ws2/install/table_description' for CMake config files
[2.353s] Level 1:colcon.colcon_core.environment:checking '/home/osboxes/ece569-fall2026/ECE569-Lab2/ws2/install/table_description/lib'
[2.354s] Level 1:colcon.colcon_core.environment:checking '/home/osboxes/ece569-fall2026/ECE569-Lab2/ws2/install/table_description/bin'
[2.354s] Level 1:colcon.colcon_core.environment:checking '/home/osboxes/ece569-fall2026/ECE569-Lab2/ws2/install/table_description/lib/pkgconfig/table_description.pc'
[2.354s] Level 1:colcon.colcon_core.environment:checking '/home/osboxes/ece569-fall2026/ECE569-Lab2/ws2/install/table_description/lib/python3.12/site-packages'
[2.354s] Level 1:colcon.colcon_core.shell:create_environment_hook('table_description', 'pythonpath')
[2.354s] INFO:colcon.colcon_core.shell:Creating environment hook '/home/osboxes/ece569-fall2026/ECE569-Lab2/ws2/install/table_description/share/table_description/hook/pythonpath.ps1'
[2.355s] INFO:colcon.colcon_core.shell:Creating environment descriptor '/home/osboxes/ece569-fall2026/ECE569-Lab2/ws2/install/table_description/share/table_description/hook/pythonpath.dsv'
[2.355s] INFO:colcon.colcon_core.shell:Creating environment hook '/home/osboxes/ece569-fall2026/ECE569-Lab2/ws2/install/table_description/share/table_description/hook/pythonpath.sh'
[2.356s] Level 1:colcon.colcon_core.environment:checking '/home/osboxes/ece569-fall2026/ECE569-Lab2/ws2/install/table_description/bin'
[2.356s] Level 1:colcon.colcon_core.environment:create_environment_scripts_only(table_description)
[2.356s] INFO:colcon.colcon_core.shell:Creating package script '/home/osboxes/ece569-fall2026/ECE569-Lab2/ws2/install/table_description/share/table_description/package.ps1'
[2.364s] INFO:colcon.colcon_core.shell:Creating package descriptor '/home/osboxes/ece569-fall2026/ECE569-Lab2/ws2/install/table_description/share/table_description/package.dsv'
[2.366s] INFO:colcon.colcon_core.shell:Creating package script '/home/osboxes/ece569-fall2026/ECE569-Lab2/ws2/install/table_description/share/table_description/package.sh'
[2.366s] INFO:colcon.colcon_core.shell:Creating package script '/home/osboxes/ece569-fall2026/ECE569-Lab2/ws2/install/table_description/share/table_description/package.bash'
[2.367s] INFO:colcon.colcon_core.shell:Creating package script '/home/osboxes/ece569-fall2026/ECE569-Lab2/ws2/install/table_description/share/table_description/package.zsh'
[2.368s] Level 1:colcon.colcon_core.environment:create_file_with_runtime_dependencies(/home/osboxes/ece569-fall2026/ECE569-Lab2/ws2/install/table_description/share/colcon-core/packages/table_description)
[2.368s] INFO:colcon.colcon_ros.task.ament_python.build:Building ROS package in '/home/osboxes/ece569-fall2026/ECE569-Lab2/ws2/src/ur3e_on_table' with build type 'ament_python'
[2.368s] Level 1:colcon.colcon_core.shell:create_environment_hook('ur3e_on_table', 'ament_prefix_path')
[2.369s] INFO:colcon.colcon_core.shell:Creating environment hook '/home/osboxes/ece569-fall2026/ECE569-Lab2/ws2/install/ur3e_on_table/share/ur3e_on_table/hook/ament_prefix_path.ps1'
[2.370s] INFO:colcon.colcon_core.shell:Creating environment descriptor '/home/osboxes/ece569-fall2026/ECE569-Lab2/ws2/install/ur3e_on_table/share/ur3e_on_table/hook/ament_prefix_path.dsv'
[2.371s] INFO:colcon.colcon_core.shell:Creating environment hook '/home/osboxes/ece569-fall2026/ECE569-Lab2/ws2/install/ur3e_on_table/share/ur3e_on_table/hook/ament_prefix_path.sh'
[2.371s] INFO:colcon.colcon_core.shell:Skip shell extension 'powershell' for command environment: Not usable outside of PowerShell
[2.371s] DEBUG:colcon.colcon_core.shell:Skip shell extension 'dsv' for command environment
[2.717s] INFO:colcon.colcon_core.task.python.build:Building Python package in '/home/osboxes/ece569-fall2026/ECE569-Lab2/ws2/src/ur3e_on_table'
[2.717s] INFO:colcon.colcon_core.shell:Skip shell extension 'powershell' for command environment: Not usable outside of PowerShell
[2.717s] DEBUG:colcon.colcon_core.shell:Skip shell extension 'dsv' for command environment
[2.902s] Level 1:colcon.colcon_core.shell:create_environment_hook('rrbot_description', 'pythonpath_develop')
[2.902s] INFO:colcon.colcon_core.shell:Creating environment hook '/home/osboxes/ece569-fall2026/ECE569-Lab2/ws2/build/rrbot_description/share/rrbot_description/hook/pythonpath_develop.ps1'
[2.905s] DEBUG:colcon.colcon_core.event_handler.log_command:Invoked command in '/home/osboxes/ece569-fall2026/ECE569-Lab2/ws2/build/rrbot_description' returned '0': DEBUGINFOD_URLS=https://debuginfod.ubuntu.com PYTHONPATH=/home/osboxes/ece569-fall2026/ECE569-Lab2/ws2/build/rrbot_description/prefix_override:/usr/lib/python3/dist-packages/colcon_core/task/python/colcon_distutils_commands:/home/osboxes/ece569-fall2026/ECE569-Lab2/ws2/install/rrbot_description/lib/python3.12/site-packages:${PYTHONPATH} /usr/bin/python3 -W ignore:setup.py install is deprecated -W ignore:easy_install command is deprecated setup.py develop --editable --build-directory /home/osboxes/ece569-fall2026/ECE569-Lab2/ws2/build/rrbot_description/build --no-deps symlink_data
[2.906s] INFO:colcon.colcon_core.shell:Creating environment descriptor '/home/osboxes/ece569-fall2026/ECE569-Lab2/ws2/build/rrbot_description/share/rrbot_description/hook/pythonpath_develop.dsv'
[2.911s] INFO:colcon.colcon_core.shell:Creating environment hook '/home/osboxes/ece569-fall2026/ECE569-Lab2/ws2/build/rrbot_description/share/rrbot_description/hook/pythonpath_develop.sh'
[2.915s] Level 1:colcon.colcon_core.environment:checking '/home/osboxes/ece569-fall2026/ECE569-Lab2/ws2/install/rrbot_description' for CMake module files
[2.924s] Level 1:colcon.colcon_core.environment:checking '/home/osboxes/ece569-fall2026/ECE569-Lab2/ws2/install/rrbot_description' for CMake config files
[2.924s] Level 1:colcon.colcon_core.environment:checking '/home/osboxes/ece569-fall2026/ECE569-Lab2/ws2/install/rrbot_description/lib'
[2.924s] Level 1:colcon.colcon_core.environment:checking '/home/osboxes/ece569-fall2026/ECE569-Lab2/ws2/install/rrbot_description/bin'
[2.924s] Level 1:colcon.colcon_core.environment:checking '/home/osboxes/ece569-fall2026/ECE569-Lab2/ws2/install/rrbot_description/lib/pkgconfig/rrbot_description.pc'
[2.925s] Level 1:colcon.colcon_core.environment:checking '/home/osboxes/ece569-fall2026/ECE569-Lab2/ws2/install/rrbot_description/lib/python3.12/site-packages'
[2.925s] Level 1:colcon.colcon_core.shell:create_environment_hook('rrbot_description', 'pythonpath')
[2.925s] INFO:colcon.colcon_core.shell:Creating environment hook '/home/osboxes/ece569-fall2026/ECE569-Lab2/ws2/install/rrbot_description/share/rrbot_description/hook/pythonpath.ps1'
[2.925s] INFO:colcon.colcon_core.shell:Creating environment descriptor '/home/osboxes/ece569-fall2026/ECE569-Lab2/ws2/install/rrbot_description/share/rrbot_description/hook/pythonpath.dsv'
[2.944s] INFO:colcon.colcon_core.shell:Creating environment hook '/home/osboxes/ece569-fall2026/ECE569-Lab2/ws2/install/rrbot_description/share/rrbot_description/hook/pythonpath.sh'
[2.954s] Level 1:colcon.colcon_core.environment:checking '/home/osboxes/ece569-fall2026/ECE569-Lab2/ws2/install/rrbot_description/bin'
[2.954s] Level 1:colcon.colcon_core.environment:create_environment_scripts_only(rrbot_description)
[2.954s] INFO:colcon.colcon_core.shell:Creating package script '/home/osboxes/ece569-fall2026/ECE569-Lab2/ws2/install/rrbot_description/share/rrbot_description/package.ps1'
[2.955s] INFO:colcon.colcon_core.shell:Creating package descriptor '/home/osboxes/ece569-fall2026/ECE569-Lab2/ws2/install/rrbot_description/share/rrbot_description/package.dsv'
[2.965s] INFO:colcon.colcon_core.shell:Creating package script '/home/osboxes/ece569-fall2026/ECE569-Lab2/ws2/install/rrbot_description/share/rrbot_description/package.sh'
[2.966s] INFO:colcon.colcon_core.shell:Creating package script '/home/osboxes/ece569-fall2026/ECE569-Lab2/ws2/install/rrbot_description/share/rrbot_description/package.bash'
[2.966s] INFO:colcon.colcon_core.shell:Creating package script '/home/osboxes/ece569-fall2026/ECE569-Lab2/ws2/install/rrbot_description/share/rrbot_description/package.zsh'
[2.967s] Level 1:colcon.colcon_core.environment:create_file_with_runtime_dependencies(/home/osboxes/ece569-fall2026/ECE569-Lab2/ws2/install/rrbot_description/share/colcon-core/packages/rrbot_description)
[2.974s] INFO:colcon.colcon_ros.task.ament_cmake.build:Building ROS package in '/home/osboxes/ece569-fall2026/ECE569-Lab2/ws2/src/Universal_Robots_ROS2_Description' with build type 'ament_cmake'
[2.974s] INFO:colcon.colcon_cmake.task.cmake.build:Building CMake package in '/home/osboxes/ece569-fall2026/ECE569-Lab2/ws2/src/Universal_Robots_ROS2_Description'
[2.974s] INFO:colcon.colcon_core.shell:Skip shell extension 'powershell' for command environment: Not usable outside of PowerShell
[2.974s] DEBUG:colcon.colcon_core.shell:Skip shell extension 'dsv' for command environment
[3.011s] DEBUG:colcon.colcon_core.event_handler.log_command:Invoking command in '/home/osboxes/ece569-fall2026/ECE569-Lab2/ws2/build/ur_description': CMAKE_PREFIX_PATH=${CMAKE_PREFIX_PATH}:/home/osboxes/ece569-fall2026/ECE569-Lab2/ws2/install/ur3e_on_table:/home/osboxes/ece569-fall2026/ECE569-Lab2/ws2/install/table_description:/home/osboxes/ece569-fall2026/ECE569-Lab2/ws2/install/rrbot_description:/opt/ros/jazzy DEBUGINFOD_URLS=https://debuginfod.ubuntu.com /usr/bin/cmake --build /home/osboxes/ece569-fall2026/ECE569-Lab2/ws2/build/ur_description -- -j2 -l2
[3.178s] DEBUG:colcon.colcon_core.event_handler.log_command:Invoked command in '/home/osboxes/ece569-fall2026/ECE569-Lab2/ws2/build/ur_description' returned '0': CMAKE_PREFIX_PATH=${CMAKE_PREFIX_PATH}:/home/osboxes/ece569-fall2026/ECE569-Lab2/ws2/install/ur3e_on_table:/home/osboxes/ece569-fall2026/ECE569-Lab2/ws2/install/table_description:/home/osboxes/ece569-fall2026/ECE569-Lab2/ws2/install/rrbot_description:/opt/ros/jazzy DEBUGINFOD_URLS=https://debuginfod.ubuntu.com /usr/bin/cmake --build /home/osboxes/ece569-fall2026/ECE569-Lab2/ws2/build/ur_description -- -j2 -l2
[3.199s] DEBUG:colcon.colcon_core.event_handler.log_command:Invoking command in '/home/osboxes/ece569-fall2026/ECE569-Lab2/ws2/build/ur_description': CMAKE_PREFIX_PATH=${CMAKE_PREFIX_PATH}:/home/osboxes/ece569-fall2026/ECE569-Lab2/ws2/install/ur3e_on_table:/home/osboxes/ece569-fall2026/ECE569-Lab2/ws2/install/table_description:/home/osboxes/ece569-fall2026/ECE569-Lab2/ws2/install/rrbot_description:/opt/ros/jazzy DEBUGINFOD_URLS=https://debuginfod.ubuntu.com /usr/bin/cmake --install /home/osboxes/ece569-fall2026/ECE569-Lab2/ws2/build/ur_description
[3.378s] DEBUG:colcon.colcon_core.task.python.build:Available setuptools commands: sdist, saveopts, install_scripts, symlink_data, bdist, easy_install, check, install_data, build_scripts, clean, test, install_lib, install_headers, install_egg_info, develop, build, editable_wheel, update_catalog, register, extract_messages, egg_info, build_ext, bdist_rpm, setopt, compile_catalog, build_clib, alias, rotate, install, dist_info, bdist_egg, build_py, upload, upload_docs, init_catalog, bdist_dumb
[3.398s] Level 1:colcon.colcon_core.environment:create_environment_scripts_only(ur_description)
[3.398s] Level 1:colcon.colcon_core.environment:checking '/home/osboxes/ece569-fall2026/ECE569-Lab2/ws2/install/ur_description' for CMake module files
[3.399s] Level 1:colcon.colcon_core.environment:checking '/home/osboxes/ece569-fall2026/ECE569-Lab2/ws2/install/ur_description' for CMake config files
[3.399s] Level 1:colcon.colcon_core.shell:create_environment_hook('ur_description', 'cmake_prefix_path')
[3.411s] INFO:colcon.colcon_core.shell:Creating environment hook '/home/osboxes/ece569-fall2026/ECE569-Lab2/ws2/install/ur_description/share/ur_description/hook/cmake_prefix_path.ps1'
[3.401s] DEBUG:colcon.colcon_core.event_handler.log_command:Invoked command in '/home/osboxes/ece569-fall2026/ECE569-Lab2/ws2/build/ur_description' returned '0': CMAKE_PREFIX_PATH=${CMAKE_PREFIX_PATH}:/home/osboxes/ece569-fall2026/ECE569-Lab2/ws2/install/ur3e_on_table:/home/osboxes/ece569-fall2026/ECE569-Lab2/ws2/install/table_description:/home/osboxes/ece569-fall2026/ECE569-Lab2/ws2/install/rrbot_description:/opt/ros/jazzy DEBUGINFOD_URLS=https://debuginfod.ubuntu.com /usr/bin/cmake --install /home/osboxes/ece569-fall2026/ECE569-Lab2/ws2/build/ur_description
[3.416s] INFO:colcon.colcon_core.shell:Creating environment descriptor '/home/osboxes/ece569-fall2026/ECE569-Lab2/ws2/install/ur_description/share/ur_description/hook/cmake_prefix_path.dsv'
[3.417s] INFO:colcon.colcon_core.shell:Creating environment hook '/home/osboxes/ece569-fall2026/ECE569-Lab2/ws2/install/ur_description/share/ur_description/hook/cmake_prefix_path.sh'
[3.430s] Level 1:colcon.colcon_core.environment:checking '/home/osboxes/ece569-fall2026/ECE569-Lab2/ws2/install/ur_description/bin'
[3.430s] Level 1:colcon.colcon_core.environment:checking '/home/osboxes/ece569-fall2026/ECE569-Lab2/ws2/install/ur_description/lib/pkgconfig/ur_description.pc'
[3.430s] Level 1:colcon.colcon_core.environment:checking '/home/osboxes/ece569-fall2026/ECE569-Lab2/ws2/install/ur_description/lib/python3.12/site-packages'
[3.431s] Level 1:colcon.colcon_core.environment:checking '/home/osboxes/ece569-fall2026/ECE569-Lab2/ws2/install/ur_description/bin'
[3.431s] INFO:colcon.colcon_core.shell:Creating package script '/home/osboxes/ece569-fall2026/ECE569-Lab2/ws2/install/ur_description/share/ur_description/package.ps1'
[3.432s] INFO:colcon.colcon_core.shell:Creating package descriptor '/home/osboxes/ece569-fall2026/ECE569-Lab2/ws2/install/ur_description/share/ur_description/package.dsv'
[3.433s] INFO:colcon.colcon_core.shell:Creating package script '/home/osboxes/ece569-fall2026/ECE569-Lab2/ws2/install/ur_description/share/ur_description/package.sh'
[3.433s] INFO:colcon.colcon_core.shell:Creating package script '/home/osboxes/ece569-fall2026/ECE569-Lab2/ws2/install/ur_description/share/ur_description/package.bash'
[3.434s] INFO:colcon.colcon_core.shell:Creating package script '/home/osboxes/ece569-fall2026/ECE569-Lab2/ws2/install/ur_description/share/ur_description/package.zsh'
[3.434s] Level 1:colcon.colcon_core.environment:create_file_with_runtime_dependencies(/home/osboxes/ece569-fall2026/ECE569-Lab2/ws2/install/ur_description/share/colcon-core/packages/ur_description)
[3.435s] Level 1:colcon.colcon_core.environment:create_environment_scripts_only(ur_description)
[3.436s] Level 1:colcon.colcon_core.environment:checking '/home/osboxes/ece569-fall2026/ECE569-Lab2/ws2/install/ur_description' for CMake module files
[3.436s] Level 1:colcon.colcon_core.environment:checking '/home/osboxes/ece569-fall2026/ECE569-Lab2/ws2/install/ur_description' for CMake config files
[3.436s] Level 1:colcon.colcon_core.shell:create_environment_hook('ur_description', 'cmake_prefix_path')
[3.436s] INFO:colcon.colcon_core.shell:Creating environment hook '/home/osboxes/ece569-fall2026/ECE569-Lab2/ws2/install/ur_description/share/ur_description/hook/cmake_prefix_path.ps1'
[3.438s] INFO:colcon.colcon_core.shell:Creating environment descriptor '/home/osboxes/ece569-fall2026/ECE569-Lab2/ws2/install/ur_description/share/ur_description/hook/cmake_prefix_path.dsv'
[3.441s] INFO:colcon.colcon_core.shell:Creating environment hook '/home/osboxes/ece569-fall2026/ECE569-Lab2/ws2/install/ur_description/share/ur_description/hook/cmake_prefix_path.sh'
[3.450s] Level 1:colcon.colcon_core.environment:checking '/home/osboxes/ece569-fall2026/ECE569-Lab2/ws2/install/ur_description/bin'
[3.450s] Level 1:colcon.colcon_core.environment:checking '/home/osboxes/ece569-fall2026/ECE569-Lab2/ws2/install/ur_description/lib/pkgconfig/ur_description.pc'
[3.450s] Level 1:colcon.colcon_core.environment:checking '/home/osboxes/ece569-fall2026/ECE569-Lab2/ws2/install/ur_description/lib/python3.12/site-packages'
[3.450s] Level 1:colcon.colcon_core.environment:checking '/home/osboxes/ece569-fall2026/ECE569-Lab2/ws2/install/ur_description/bin'
[3.451s] INFO:colcon.colcon_core.shell:Creating package script '/home/osboxes/ece569-fall2026/ECE569-Lab2/ws2/install/ur_description/share/ur_description/package.ps1'
[3.452s] INFO:colcon.colcon_core.shell:Creating package descriptor '/home/osboxes/ece569-fall2026/ECE569-Lab2/ws2/install/ur_description/share/ur_description/package.dsv'
[3.452s] INFO:colcon.colcon_core.shell:Creating package script '/home/osboxes/ece569-fall2026/ECE569-Lab2/ws2/install/ur_description/share/ur_description/package.sh'
[3.453s] INFO:colcon.colcon_core.shell:Creating package script '/home/osboxes/ece569-fall2026/ECE569-Lab2/ws2/install/ur_description/share/ur_description/package.bash'
[3.453s] INFO:colcon.colcon_core.shell:Creating package script '/home/osboxes/ece569-fall2026/ECE569-Lab2/ws2/install/ur_description/share/ur_description/package.zsh'
[3.454s] Level 1:colcon.colcon_core.environment:create_file_with_runtime_dependencies(/home/osboxes/ece569-fall2026/ECE569-Lab2/ws2/install/ur_description/share/colcon-core/packages/ur_description)
[3.645s] DEBUG:colcon.colcon_core.task.python.build:Available setuptools 'develop' options: --upgrade, --no-user-cfg, --no-deps, --dry-run, --find-links, --help, --editable, --user, --exclude-scripts, --force-installation-into-system-dir, --quiet, --allow-hosts, --script-dir, --always-unzip, --zip-ok, --version, --uninstall, --egg-path, --install-dir, --local-snapshots-ok, --prefix, --site-dirs, --optimize, --index-url, --build-directory, --verbose, --install-layout, --record, --no-find-links, --multi-version, --always-copy
[3.649s] DEBUG:colcon.colcon_core.event_handler.log_command:Invoking command in '/home/osboxes/ece569-fall2026/ECE569-Lab2/ws2/build/ur3e_on_table': DEBUGINFOD_URLS=https://debuginfod.ubuntu.com PYTHONPATH=/home/osboxes/ece569-fall2026/ECE569-Lab2/ws2/build/ur3e_on_table/prefix_override:/usr/lib/python3/dist-packages/colcon_core/task/python/colcon_distutils_commands:/home/osboxes/ece569-fall2026/ECE569-Lab2/ws2/install/ur3e_on_table/lib/python3.12/site-packages:${PYTHONPATH} /usr/bin/python3 -W ignore:setup.py install is deprecated -W ignore:easy_install command is deprecated setup.py develop --editable --build-directory /home/osboxes/ece569-fall2026/ECE569-Lab2/ws2/build/ur3e_on_table/build --no-deps symlink_data
[4.084s] Level 1:colcon.colcon_core.shell:create_environment_hook('ur3e_on_table', 'pythonpath_develop')
[4.084s] INFO:colcon.colcon_core.shell:Creating environment hook '/home/osboxes/ece569-fall2026/ECE569-Lab2/ws2/build/ur3e_on_table/share/ur3e_on_table/hook/pythonpath_develop.ps1'
[4.085s] DEBUG:colcon.colcon_core.event_handler.log_command:Invoked command in '/home/osboxes/ece569-fall2026/ECE569-Lab2/ws2/build/ur3e_on_table' returned '0': DEBUGINFOD_URLS=https://debuginfod.ubuntu.com PYTHONPATH=/home/osboxes/ece569-fall2026/ECE569-Lab2/ws2/build/ur3e_on_table/prefix_override:/usr/lib/python3/dist-packages/colcon_core/task/python/colcon_distutils_commands:/home/osboxes/ece569-fall2026/ECE569-Lab2/ws2/install/ur3e_on_table/lib/python3.12/site-packages:${PYTHONPATH} /usr/bin/python3 -W ignore:setup.py install is deprecated -W ignore:easy_install command is deprecated setup.py develop --editable --build-directory /home/osboxes/ece569-fall2026/ECE569-Lab2/ws2/build/ur3e_on_table/build --no-deps symlink_data
[4.086s] INFO:colcon.colcon_core.shell:Creating environment descriptor '/home/osboxes/ece569-fall2026/ECE569-Lab2/ws2/build/ur3e_on_table/share/ur3e_on_table/hook/pythonpath_develop.dsv'
[4.087s] INFO:colcon.colcon_core.shell:Creating environment hook '/home/osboxes/ece569-fall2026/ECE569-Lab2/ws2/build/ur3e_on_table/share/ur3e_on_table/hook/pythonpath_develop.sh'
[4.088s] Level 1:colcon.colcon_core.environment:checking '/home/osboxes/ece569-fall2026/ECE569-Lab2/ws2/install/ur3e_on_table' for CMake module files
[4.088s] Level 1:colcon.colcon_core.environment:checking '/home/osboxes/ece569-fall2026/ECE569-Lab2/ws2/install/ur3e_on_table' for CMake config files
[4.088s] Level 1:colcon.colcon_core.environment:checking '/home/osboxes/ece569-fall2026/ECE569-Lab2/ws2/install/ur3e_on_table/lib'
[4.089s] Level 1:colcon.colcon_core.environment:checking '/home/osboxes/ece569-fall2026/ECE569-Lab2/ws2/install/ur3e_on_table/bin'
[4.089s] Level 1:colcon.colcon_core.environment:checking '/home/osboxes/ece569-fall2026/ECE569-Lab2/ws2/install/ur3e_on_table/lib/pkgconfig/ur3e_on_table.pc'
[4.089s] Level 1:colcon.colcon_core.environment:checking '/home/osboxes/ece569-fall2026/ECE569-Lab2/ws2/install/ur3e_on_table/lib/python3.12/site-packages'
[4.089s] Level 1:colcon.colcon_core.shell:create_environment_hook('ur3e_on_table', 'pythonpath')
[4.089s] INFO:colcon.colcon_core.shell:Creating environment hook '/home/osboxes/ece569-fall2026/ECE569-Lab2/ws2/install/ur3e_on_table/share/ur3e_on_table/hook/pythonpath.ps1'
[4.090s] INFO:colcon.colcon_core.shell:Creating environment descriptor '/home/osboxes/ece569-fall2026/ECE569-Lab2/ws2/install/ur3e_on_table/share/ur3e_on_table/hook/pythonpath.dsv'
[4.090s] INFO:colcon.colcon_core.shell:Creating environment hook '/home/osboxes/ece569-fall2026/ECE569-Lab2/ws2/install/ur3e_on_table/share/ur3e_on_table/hook/pythonpath.sh'
[4.091s] Level 1:colcon.colcon_core.environment:checking '/home/osboxes/ece569-fall2026/ECE569-Lab2/ws2/install/ur3e_on_table/bin'
[4.091s] Level 1:colcon.colcon_core.environment:create_environment_scripts_only(ur3e_on_table)
[4.091s] INFO:colcon.colcon_core.shell:Creating package script '/home/osboxes/ece569-fall2026/ECE569-Lab2/ws2/install/ur3e_on_table/share/ur3e_on_table/package.ps1'
[4.092s] INFO:colcon.colcon_core.shell:Creating package descriptor '/home/osboxes/ece569-fall2026/ECE569-Lab2/ws2/install/ur3e_on_table/share/ur3e_on_table/package.dsv'
[4.093s] INFO:colcon.colcon_core.shell:Creating package script '/home/osboxes/ece569-fall2026/ECE569-Lab2/ws2/install/ur3e_on_table/share/ur3e_on_table/package.sh'
[4.094s] INFO:colcon.colcon_core.shell:Creating package script '/home/osboxes/ece569-fall2026/ECE569-Lab2/ws2/install/ur3e_on_table/share/ur3e_on_table/package.bash'
[4.095s] INFO:colcon.colcon_core.shell:Creating package script '/home/osboxes/ece569-fall2026/ECE569-Lab2/ws2/install/ur3e_on_table/share/ur3e_on_table/package.zsh'
[4.095s] Level 1:colcon.colcon_core.environment:create_file_with_runtime_dependencies(/home/osboxes/ece569-fall2026/ECE569-Lab2/ws2/install/ur3e_on_table/share/colcon-core/packages/ur3e_on_table)
[4.096s] DEBUG:colcon.colcon_parallel_executor.executor.parallel:closing loop
[4.097s] DEBUG:colcon.colcon_parallel_executor.executor.parallel:loop closed
[4.097s] DEBUG:colcon.colcon_parallel_executor.executor.parallel:run_until_complete finished with '0'
[4.097s] DEBUG:colcon.colcon_core.event_reactor:joining thread
[4.103s] INFO:colcon.colcon_core.plugin_system:Skipping extension 'colcon_notification.desktop_notification.terminal_notifier': Not used on non-Darwin systems
[4.104s] INFO:colcon.colcon_core.plugin_system:Skipping extension 'colcon_notification.desktop_notification.win32': Not used on non-Windows systems
[4.104s] INFO:colcon.colcon_notification.desktop_notification:Sending desktop notification using 'notify2'
[4.136s] DEBUG:colcon.colcon_core.event_reactor:joined thread
[4.137s] INFO:colcon.colcon_core.shell:Creating prefix script '/home/osboxes/ece569-fall2026/ECE569-Lab2/ws2/install/local_setup.ps1'
[4.138s] INFO:colcon.colcon_core.shell:Creating prefix util module '/home/osboxes/ece569-fall2026/ECE569-Lab2/ws2/install/_local_setup_util_ps1.py'
[4.140s] INFO:colcon.colcon_core.shell:Creating prefix chain script '/home/osboxes/ece569-fall2026/ECE569-Lab2/ws2/install/setup.ps1'
[4.142s] INFO:colcon.colcon_core.shell:Creating prefix script '/home/osboxes/ece569-fall2026/ECE569-Lab2/ws2/install/local_setup.sh'
[4.143s] INFO:colcon.colcon_core.shell:Creating prefix util module '/home/osboxes/ece569-fall2026/ECE569-Lab2/ws2/install/_local_setup_util_sh.py'
[4.144s] INFO:colcon.colcon_core.shell:Creating prefix chain script '/home/osboxes/ece569-fall2026/ECE569-Lab2/ws2/install/setup.sh'
[4.145s] INFO:colcon.colcon_core.shell:Creating prefix script '/home/osboxes/ece569-fall2026/ECE569-Lab2/ws2/install/local_setup.bash'
[4.146s] INFO:colcon.colcon_core.shell:Creating prefix chain script '/home/osboxes/ece569-fall2026/ECE569-Lab2/ws2/install/setup.bash'
[4.147s] INFO:colcon.colcon_core.shell:Creating prefix script '/home/osboxes/ece569-fall2026/ECE569-Lab2/ws2/install/local_setup.zsh'
[4.148s] INFO:colcon.colcon_core.shell:Creating prefix chain script '/home/osboxes/ece569-fall2026/ECE569-Lab2/ws2/install/setup.zsh'
