[0.091s] DEBUG:colcon:Command line arguments: ['/usr/bin/colcon', 'build', '--symlink-install']
[0.091s] DEBUG:colcon:Parsed command line arguments: Namespace(log_base=None, log_level=None, verb_name='build', build_base='build', install_base='install', merge_install=False, symlink_install=True, test_result_base=None, continue_on_error=False, executor='parallel', parallel_workers=2, event_handlers=None, ignore_user_meta=False, metas=['./colcon.meta'], base_paths=['.'], packages_ignore=None, packages_ignore_regex=None, paths=None, packages_up_to=None, packages_up_to_regex=None, packages_above=None, packages_above_and_dependencies=None, packages_above_depth=None, packages_select_by_dep=None, packages_skip_by_dep=None, packages_skip_up_to=None, packages_select_build_failed=False, packages_skip_build_finished=False, packages_select_test_failures=False, packages_skip_test_passed=False, packages_select=None, packages_skip=None, packages_select_regex=None, packages_skip_regex=None, packages_start=None, packages_end=None, allow_overriding=[], cmake_args=None, cmake_target=None, cmake_target_skip_unavailable=False, cmake_clean_cache=False, cmake_clean_first=False, cmake_force_configure=False, ament_cmake_args=None, catkin_cmake_args=None, catkin_skip_building_tests=False, mixin_files=None, mixin=None, verb_parser=<colcon_mixin.mixin.mixin_argument.MixinArgumentDecorator object at 0x76f2bfd90e30>, verb_extension=<colcon_core.verb.build.BuildVerb object at 0x76f2bfd90ad0>, main=<bound method BuildVerb.main of <colcon_core.verb.build.BuildVerb object at 0x76f2bfd90ad0>>, mixin_verb=('build',))
[0.123s] Level 1:colcon.colcon_core.package_discovery:discover_packages(colcon_meta) check parameters
[0.123s] Level 1:colcon.colcon_core.package_discovery:discover_packages(recursive) check parameters
[0.123s] Level 1:colcon.colcon_core.package_discovery:discover_packages(ignore) check parameters
[0.123s] Level 1:colcon.colcon_core.package_discovery:discover_packages(path) check parameters
[0.123s] Level 1:colcon.colcon_core.package_discovery:discover_packages(colcon_meta) discover
[0.123s] Level 1:colcon.colcon_core.package_discovery:discover_packages(recursive) discover
[0.123s] INFO:colcon.colcon_core.package_discovery:Crawling recursively for packages in '/home/osboxes/ece569-fall2026/ECE569-Lab2/ws2'
[0.123s] Level 1:colcon.colcon_core.package_identification:_identify(.) by extensions ['ignore', 'ignore_ament_install']
[0.123s] Level 1:colcon.colcon_core.package_identification:_identify(.) by extension 'ignore'
[0.123s] Level 1:colcon.colcon_core.package_identification:_identify(.) by extension 'ignore_ament_install'
[0.123s] Level 1:colcon.colcon_core.package_identification:_identify(.) by extensions ['colcon_pkg']
[0.123s] Level 1:colcon.colcon_core.package_identification:_identify(.) by extension 'colcon_pkg'
[0.123s] Level 1:colcon.colcon_core.package_identification:_identify(.) by extensions ['colcon_meta']
[0.123s] Level 1:colcon.colcon_core.package_identification:_identify(.) by extension 'colcon_meta'
[0.124s] Level 1:colcon.colcon_core.package_identification:_identify(.) by extensions ['ros']
[0.124s] Level 1:colcon.colcon_core.package_identification:_identify(.) by extension 'ros'
[0.143s] Level 1:colcon.colcon_core.package_identification:_identify(.) by extensions ['cmake', 'python']
[0.143s] Level 1:colcon.colcon_core.package_identification:_identify(.) by extension 'cmake'
[0.143s] Level 1:colcon.colcon_core.package_identification:_identify(.) by extension 'python'
[0.143s] Level 1:colcon.colcon_core.package_identification:_identify(.) by extensions ['python_setup_py']
[0.143s] Level 1:colcon.colcon_core.package_identification:_identify(.) by extension 'python_setup_py'
[0.143s] Level 1:colcon.colcon_core.package_identification:_identify(build) by extensions ['ignore', 'ignore_ament_install']
[0.144s] Level 1:colcon.colcon_core.package_identification:_identify(build) by extension 'ignore'
[0.144s] Level 1:colcon.colcon_core.package_identification:_identify(build) ignored
[0.144s] Level 1:colcon.colcon_core.package_identification:_identify(install) by extensions ['ignore', 'ignore_ament_install']
[0.144s] Level 1:colcon.colcon_core.package_identification:_identify(install) by extension 'ignore'
[0.144s] Level 1:colcon.colcon_core.package_identification:_identify(install) ignored
[0.145s] Level 1:colcon.colcon_core.package_identification:_identify(log) by extensions ['ignore', 'ignore_ament_install']
[0.145s] Level 1:colcon.colcon_core.package_identification:_identify(log) by extension 'ignore'
[0.145s] Level 1:colcon.colcon_core.package_identification:_identify(log) ignored
[0.145s] Level 1:colcon.colcon_core.package_identification:_identify(src) by extensions ['ignore', 'ignore_ament_install']
[0.145s] Level 1:colcon.colcon_core.package_identification:_identify(src) by extension 'ignore'
[0.145s] Level 1:colcon.colcon_core.package_identification:_identify(src) by extension 'ignore_ament_install'
[0.145s] Level 1:colcon.colcon_core.package_identification:_identify(src) by extensions ['colcon_pkg']
[0.145s] Level 1:colcon.colcon_core.package_identification:_identify(src) by extension 'colcon_pkg'
[0.145s] Level 1:colcon.colcon_core.package_identification:_identify(src) by extensions ['colcon_meta']
[0.145s] Level 1:colcon.colcon_core.package_identification:_identify(src) by extension 'colcon_meta'
[0.145s] Level 1:colcon.colcon_core.package_identification:_identify(src) by extensions ['ros']
[0.145s] Level 1:colcon.colcon_core.package_identification:_identify(src) by extension 'ros'
[0.145s] Level 1:colcon.colcon_core.package_identification:_identify(src) by extensions ['cmake', 'python']
[0.146s] Level 1:colcon.colcon_core.package_identification:_identify(src) by extension 'cmake'
[0.146s] Level 1:colcon.colcon_core.package_identification:_identify(src) by extension 'python'
[0.146s] Level 1:colcon.colcon_core.package_identification:_identify(src) by extensions ['python_setup_py']
[0.146s] Level 1:colcon.colcon_core.package_identification:_identify(src) by extension 'python_setup_py'
[0.146s] Level 1:colcon.colcon_core.package_identification:_identify(src/Universal_Robots_ROS2_Description) by extensions ['ignore', 'ignore_ament_install']
[0.146s] Level 1:colcon.colcon_core.package_identification:_identify(src/Universal_Robots_ROS2_Description) by extension 'ignore'
[0.146s] Level 1:colcon.colcon_core.package_identification:_identify(src/Universal_Robots_ROS2_Description) by extension 'ignore_ament_install'
[0.146s] Level 1:colcon.colcon_core.package_identification:_identify(src/Universal_Robots_ROS2_Description) by extensions ['colcon_pkg']
[0.146s] Level 1:colcon.colcon_core.package_identification:_identify(src/Universal_Robots_ROS2_Description) by extension 'colcon_pkg'
[0.146s] Level 1:colcon.colcon_core.package_identification:_identify(src/Universal_Robots_ROS2_Description) by extensions ['colcon_meta']
[0.146s] Level 1:colcon.colcon_core.package_identification:_identify(src/Universal_Robots_ROS2_Description) by extension 'colcon_meta'
[0.146s] Level 1:colcon.colcon_core.package_identification:_identify(src/Universal_Robots_ROS2_Description) by extensions ['ros']
[0.146s] Level 1:colcon.colcon_core.package_identification:_identify(src/Universal_Robots_ROS2_Description) by extension 'ros'
[0.149s] DEBUG:colcon.colcon_core.package_identification:Package 'src/Universal_Robots_ROS2_Description' with type 'ros.ament_cmake' and name 'ur_description'
[0.150s] Level 1:colcon.colcon_core.package_identification:_identify(src/rrbot_description) by extensions ['ignore', 'ignore_ament_install']
[0.150s] Level 1:colcon.colcon_core.package_identification:_identify(src/rrbot_description) by extension 'ignore'
[0.150s] Level 1:colcon.colcon_core.package_identification:_identify(src/rrbot_description) by extension 'ignore_ament_install'
[0.150s] Level 1:colcon.colcon_core.package_identification:_identify(src/rrbot_description) by extensions ['colcon_pkg']
[0.150s] Level 1:colcon.colcon_core.package_identification:_identify(src/rrbot_description) by extension 'colcon_pkg'
[0.150s] Level 1:colcon.colcon_core.package_identification:_identify(src/rrbot_description) by extensions ['colcon_meta']
[0.150s] Level 1:colcon.colcon_core.package_identification:_identify(src/rrbot_description) by extension 'colcon_meta'
[0.150s] Level 1:colcon.colcon_core.package_identification:_identify(src/rrbot_description) by extensions ['ros']
[0.150s] Level 1:colcon.colcon_core.package_identification:_identify(src/rrbot_description) by extension 'ros'
[0.151s] DEBUG:colcon.colcon_core.package_identification:Package 'src/rrbot_description' with type 'ros.ament_python' and name 'rrbot_description'
[0.151s] Level 1:colcon.colcon_core.package_identification:_identify(src/table_description) by extensions ['ignore', 'ignore_ament_install']
[0.151s] Level 1:colcon.colcon_core.package_identification:_identify(src/table_description) by extension 'ignore'
[0.151s] Level 1:colcon.colcon_core.package_identification:_identify(src/table_description) by extension 'ignore_ament_install'
[0.151s] Level 1:colcon.colcon_core.package_identification:_identify(src/table_description) by extensions ['colcon_pkg']
[0.151s] Level 1:colcon.colcon_core.package_identification:_identify(src/table_description) by extension 'colcon_pkg'
[0.151s] Level 1:colcon.colcon_core.package_identification:_identify(src/table_description) by extensions ['colcon_meta']
[0.151s] Level 1:colcon.colcon_core.package_identification:_identify(src/table_description) by extension 'colcon_meta'
[0.151s] Level 1:colcon.colcon_core.package_identification:_identify(src/table_description) by extensions ['ros']
[0.151s] Level 1:colcon.colcon_core.package_identification:_identify(src/table_description) by extension 'ros'
[0.152s] DEBUG:colcon.colcon_core.package_identification:Package 'src/table_description' with type 'ros.ament_python' and name 'table_description'
[0.152s] Level 1:colcon.colcon_core.package_identification:_identify(src/ur3e_on_table) by extensions ['ignore', 'ignore_ament_install']
[0.152s] Level 1:colcon.colcon_core.package_identification:_identify(src/ur3e_on_table) by extension 'ignore'
[0.152s] Level 1:colcon.colcon_core.package_identification:_identify(src/ur3e_on_table) by extension 'ignore_ament_install'
[0.152s] Level 1:colcon.colcon_core.package_identification:_identify(src/ur3e_on_table) by extensions ['colcon_pkg']
[0.152s] Level 1:colcon.colcon_core.package_identification:_identify(src/ur3e_on_table) by extension 'colcon_pkg'
[0.152s] Level 1:colcon.colcon_core.package_identification:_identify(src/ur3e_on_table) by extensions ['colcon_meta']
[0.152s] Level 1:colcon.colcon_core.package_identification:_identify(src/ur3e_on_table) by extension 'colcon_meta'
[0.152s] Level 1:colcon.colcon_core.package_identification:_identify(src/ur3e_on_table) by extensions ['ros']
[0.152s] Level 1:colcon.colcon_core.package_identification:_identify(src/ur3e_on_table) by extension 'ros'
[0.153s] DEBUG:colcon.colcon_core.package_identification:Package 'src/ur3e_on_table' with type 'ros.ament_python' and name 'ur3e_on_table'
[0.153s] Level 1:colcon.colcon_core.package_discovery:discover_packages(recursive) using defaults
[0.153s] Level 1:colcon.colcon_core.package_discovery:discover_packages(ignore) discover
[0.153s] Level 1:colcon.colcon_core.package_discovery:discover_packages(ignore) using defaults
[0.153s] Level 1:colcon.colcon_core.package_discovery:discover_packages(path) discover
[0.153s] Level 1:colcon.colcon_core.package_discovery:discover_packages(path) using defaults
[0.169s] Level 1:colcon.colcon_core.package_discovery:discover_packages(prefix_path) check parameters
[0.169s] Level 1:colcon.colcon_core.package_discovery:discover_packages(prefix_path) discover
[0.170s] WARNING:colcon.colcon_ros.prefix_path.ament:The path '/home/osboxes/ece569-fall2026/ECE569-Lab2/ws2/install/ur3e_on_table' in the environment variable AMENT_PREFIX_PATH doesn't exist
[0.171s] DEBUG:colcon.colcon_installed_package_information.package_discovery:Found 3 installed packages in /home/osboxes/ece569-fall2026/ECE569-Lab2/ws2/install
[0.172s] DEBUG:colcon.colcon_installed_package_information.package_discovery:Found 290 installed packages in /opt/ros/jazzy
[0.173s] Level 1:colcon.colcon_core.package_discovery:discover_packages(prefix_path) using defaults
[0.207s] Level 5:colcon.colcon_core.verb:set package 'rrbot_description' build argument 'cmake_args' from command line to 'None'
[0.207s] Level 5:colcon.colcon_core.verb:set package 'rrbot_description' build argument 'cmake_target' from command line to 'None'
[0.207s] Level 5:colcon.colcon_core.verb:set package 'rrbot_description' build argument 'cmake_target_skip_unavailable' from command line to 'False'
[0.208s] Level 5:colcon.colcon_core.verb:set package 'rrbot_description' build argument 'cmake_clean_cache' from command line to 'False'
[0.208s] Level 5:colcon.colcon_core.verb:set package 'rrbot_description' build argument 'cmake_clean_first' from command line to 'False'
[0.208s] Level 5:colcon.colcon_core.verb:set package 'rrbot_description' build argument 'cmake_force_configure' from command line to 'False'
[0.208s] Level 5:colcon.colcon_core.verb:set package 'rrbot_description' build argument 'ament_cmake_args' from command line to 'None'
[0.208s] Level 5:colcon.colcon_core.verb:set package 'rrbot_description' build argument 'catkin_cmake_args' from command line to 'None'
[0.208s] Level 5:colcon.colcon_core.verb:set package 'rrbot_description' build argument 'catkin_skip_building_tests' from command line to 'False'
[0.208s] DEBUG:colcon.colcon_core.verb:Building package 'rrbot_description' with the following arguments: {'ament_cmake_args': None, 'build_base': '/home/osboxes/ece569-fall2026/ECE569-Lab2/ws2/build/rrbot_description', 'catkin_cmake_args': None, 'catkin_skip_building_tests': False, 'cmake_args': None, 'cmake_clean_cache': False, 'cmake_clean_first': False, 'cmake_force_configure': False, 'cmake_target': None, 'cmake_target_skip_unavailable': False, 'install_base': '/home/osboxes/ece569-fall2026/ECE569-Lab2/ws2/install/rrbot_description', 'merge_install': False, 'path': '/home/osboxes/ece569-fall2026/ECE569-Lab2/ws2/src/rrbot_description', 'symlink_install': True, 'test_result_base': None}
[0.208s] Level 5:colcon.colcon_core.verb:set package 'table_description' build argument 'cmake_args' from command line to 'None'
[0.209s] Level 5:colcon.colcon_core.verb:set package 'table_description' build argument 'cmake_target' from command line to 'None'
[0.209s] Level 5:colcon.colcon_core.verb:set package 'table_description' build argument 'cmake_target_skip_unavailable' from command line to 'False'
[0.209s] Level 5:colcon.colcon_core.verb:set package 'table_description' build argument 'cmake_clean_cache' from command line to 'False'
[0.209s] Level 5:colcon.colcon_core.verb:set package 'table_description' build argument 'cmake_clean_first' from command line to 'False'
[0.209s] Level 5:colcon.colcon_core.verb:set package 'table_description' build argument 'cmake_force_configure' from command line to 'False'
[0.209s] Level 5:colcon.colcon_core.verb:set package 'table_description' build argument 'ament_cmake_args' from command line to 'None'
[0.209s] Level 5:colcon.colcon_core.verb:set package 'table_description' build argument 'catkin_cmake_args' from command line to 'None'
[0.209s] Level 5:colcon.colcon_core.verb:set package 'table_description' build argument 'catkin_skip_building_tests' from command line to 'False'
[0.209s] DEBUG:colcon.colcon_core.verb:Building package 'table_description' with the following arguments: {'ament_cmake_args': None, 'build_base': '/home/osboxes/ece569-fall2026/ECE569-Lab2/ws2/build/table_description', 'catkin_cmake_args': None, 'catkin_skip_building_tests': False, 'cmake_args': None, 'cmake_clean_cache': False, 'cmake_clean_first': False, 'cmake_force_configure': False, 'cmake_target': None, 'cmake_target_skip_unavailable': False, 'install_base': '/home/osboxes/ece569-fall2026/ECE569-Lab2/ws2/install/table_description', 'merge_install': False, 'path': '/home/osboxes/ece569-fall2026/ECE569-Lab2/ws2/src/table_description', 'symlink_install': True, 'test_result_base': None}
[0.209s] Level 5:colcon.colcon_core.verb:set package 'ur3e_on_table' build argument 'cmake_args' from command line to 'None'
[0.209s] Level 5:colcon.colcon_core.verb:set package 'ur3e_on_table' build argument 'cmake_target' from command line to 'None'
[0.209s] Level 5:colcon.colcon_core.verb:set package 'ur3e_on_table' build argument 'cmake_target_skip_unavailable' from command line to 'False'
[0.209s] Level 5:colcon.colcon_core.verb:set package 'ur3e_on_table' build argument 'cmake_clean_cache' from command line to 'False'
[0.209s] Level 5:colcon.colcon_core.verb:set package 'ur3e_on_table' build argument 'cmake_clean_first' from command line to 'False'
[0.209s] Level 5:colcon.colcon_core.verb:set package 'ur3e_on_table' build argument 'cmake_force_configure' from command line to 'False'
[0.209s] Level 5:colcon.colcon_core.verb:set package 'ur3e_on_table' build argument 'ament_cmake_args' from command line to 'None'
[0.210s] Level 5:colcon.colcon_core.verb:set package 'ur3e_on_table' build argument 'catkin_cmake_args' from command line to 'None'
[0.210s] Level 5:colcon.colcon_core.verb:set package 'ur3e_on_table' build argument 'catkin_skip_building_tests' from command line to 'False'
[0.210s] DEBUG:colcon.colcon_core.verb:Building package 'ur3e_on_table' with the following arguments: {'ament_cmake_args': None, 'build_base': '/home/osboxes/ece569-fall2026/ECE569-Lab2/ws2/build/ur3e_on_table', 'catkin_cmake_args': None, 'catkin_skip_building_tests': False, 'cmake_args': None, 'cmake_clean_cache': False, 'cmake_clean_first': False, 'cmake_force_configure': False, 'cmake_target': None, 'cmake_target_skip_unavailable': False, 'install_base': '/home/osboxes/ece569-fall2026/ECE569-Lab2/ws2/install/ur3e_on_table', 'merge_install': False, 'path': '/home/osboxes/ece569-fall2026/ECE569-Lab2/ws2/src/ur3e_on_table', 'symlink_install': True, 'test_result_base': None}
[0.210s] Level 5:colcon.colcon_core.verb:set package 'ur_description' build argument 'cmake_args' from command line to 'None'
[0.210s] Level 5:colcon.colcon_core.verb:set package 'ur_description' build argument 'cmake_target' from command line to 'None'
[0.210s] Level 5:colcon.colcon_core.verb:set package 'ur_description' build argument 'cmake_target_skip_unavailable' from command line to 'False'
[0.210s] Level 5:colcon.colcon_core.verb:set package 'ur_description' build argument 'cmake_clean_cache' from command line to 'False'
[0.210s] Level 5:colcon.colcon_core.verb:set package 'ur_description' build argument 'cmake_clean_first' from command line to 'False'
[0.210s] Level 5:colcon.colcon_core.verb:set package 'ur_description' build argument 'cmake_force_configure' from command line to 'False'
[0.210s] Level 5:colcon.colcon_core.verb:set package 'ur_description' build argument 'ament_cmake_args' from command line to 'None'
[0.210s] Level 5:colcon.colcon_core.verb:set package 'ur_description' build argument 'catkin_cmake_args' from command line to 'None'
[0.210s] Level 5:colcon.colcon_core.verb:set package 'ur_description' build argument 'catkin_skip_building_tests' from command line to 'False'
[0.210s] DEBUG:colcon.colcon_core.verb:Building package 'ur_description' with the following arguments: {'ament_cmake_args': None, 'build_base': '/home/osboxes/ece569-fall2026/ECE569-Lab2/ws2/build/ur_description', 'catkin_cmake_args': None, 'catkin_skip_building_tests': False, 'cmake_args': None, 'cmake_clean_cache': False, 'cmake_clean_first': False, 'cmake_force_configure': False, 'cmake_target': None, 'cmake_target_skip_unavailable': False, 'install_base': '/home/osboxes/ece569-fall2026/ECE569-Lab2/ws2/install/ur_description', 'merge_install': False, 'path': '/home/osboxes/ece569-fall2026/ECE569-Lab2/ws2/src/Universal_Robots_ROS2_Description', 'symlink_install': True, 'test_result_base': None}
[0.210s] INFO:colcon.colcon_core.executor:Executing jobs using 'parallel' executor
[0.224s] DEBUG:colcon.colcon_parallel_executor.executor.parallel:run_until_complete
[0.224s] INFO:colcon.colcon_ros.task.ament_python.build:Building ROS package in '/home/osboxes/ece569-fall2026/ECE569-Lab2/ws2/src/rrbot_description' with build type 'ament_python'
[0.225s] Level 1:colcon.colcon_core.shell:create_environment_hook('rrbot_description', 'ament_prefix_path')
[0.229s] INFO:colcon.colcon_core.plugin_system:Skipping extension 'colcon_core.shell.bat': Not used on non-Windows systems
[0.230s] INFO:colcon.colcon_core.shell:Creating environment hook '/home/osboxes/ece569-fall2026/ECE569-Lab2/ws2/install/rrbot_description/share/rrbot_description/hook/ament_prefix_path.ps1'
[0.230s] INFO:colcon.colcon_core.shell:Creating environment descriptor '/home/osboxes/ece569-fall2026/ECE569-Lab2/ws2/install/rrbot_description/share/rrbot_description/hook/ament_prefix_path.dsv'
[0.231s] INFO:colcon.colcon_core.shell:Creating environment hook '/home/osboxes/ece569-fall2026/ECE569-Lab2/ws2/install/rrbot_description/share/rrbot_description/hook/ament_prefix_path.sh'
[0.232s] INFO:colcon.colcon_core.shell:Skip shell extension 'powershell' for command environment: Not usable outside of PowerShell
[0.232s] DEBUG:colcon.colcon_core.shell:Skip shell extension 'dsv' for command environment
[0.235s] INFO:colcon.colcon_ros.task.ament_python.build:Building ROS package in '/home/osboxes/ece569-fall2026/ECE569-Lab2/ws2/src/table_description' with build type 'ament_python'
[0.235s] Level 1:colcon.colcon_core.shell:create_environment_hook('table_description', 'ament_prefix_path')
[0.236s] INFO:colcon.colcon_core.shell:Creating environment hook '/home/osboxes/ece569-fall2026/ECE569-Lab2/ws2/install/table_description/share/table_description/hook/ament_prefix_path.ps1'
[0.237s] INFO:colcon.colcon_core.shell:Creating environment descriptor '/home/osboxes/ece569-fall2026/ECE569-Lab2/ws2/install/table_description/share/table_description/hook/ament_prefix_path.dsv'
[0.239s] INFO:colcon.colcon_core.shell:Creating environment hook '/home/osboxes/ece569-fall2026/ECE569-Lab2/ws2/install/table_description/share/table_description/hook/ament_prefix_path.sh'
[0.239s] INFO:colcon.colcon_core.shell:Skip shell extension 'powershell' for command environment: Not usable outside of PowerShell
[0.239s] DEBUG:colcon.colcon_core.shell:Skip shell extension 'dsv' for command environment
[0.411s] INFO:colcon.colcon_core.task.python.build:Building Python package in '/home/osboxes/ece569-fall2026/ECE569-Lab2/ws2/src/rrbot_description'
[0.413s] INFO:colcon.colcon_core.shell:Skip shell extension 'powershell' for command environment: Not usable outside of PowerShell
[0.413s] DEBUG:colcon.colcon_core.shell:Skip shell extension 'dsv' for command environment
[0.576s] INFO:colcon.colcon_core.task.python.build:Building Python package in '/home/osboxes/ece569-fall2026/ECE569-Lab2/ws2/src/table_description'
[0.576s] INFO:colcon.colcon_core.shell:Skip shell extension 'powershell' for command environment: Not usable outside of PowerShell
[0.577s] DEBUG:colcon.colcon_core.shell:Skip shell extension 'dsv' for command environment
[1.492s] DEBUG:colcon.colcon_core.task.python.build:Available setuptools commands: check, install_egg_info, upload_docs, alias, update_catalog, install, install_lib, install_data, install_headers, editable_wheel, build, dist_info, test, saveopts, bdist, setopt, build_scripts, egg_info, init_catalog, bdist_rpm, build_clib, symlink_data, rotate, build_ext, develop, compile_catalog, easy_install, extract_messages, upload, clean, bdist_egg, bdist_dumb, build_py, register, install_scripts, sdist
[1.594s] DEBUG:colcon.colcon_core.task.python.build:Available setuptools commands: check, install_egg_info, upload_docs, alias, update_catalog, install, install_lib, install_data, install_headers, editable_wheel, build, dist_info, test, saveopts, bdist, setopt, build_scripts, egg_info, init_catalog, bdist_rpm, build_clib, symlink_data, rotate, build_ext, develop, compile_catalog, easy_install, extract_messages, upload, clean, bdist_egg, bdist_dumb, build_py, register, install_scripts, sdist
[1.903s] DEBUG:colcon.colcon_core.task.python.build:Available setuptools 'develop' options: --exclude-scripts, --prefix, --editable, --find-links, --dry-run, --always-copy, --optimize, --upgrade, --install-layout, --local-snapshots-ok, --help, --multi-version, --quiet, --user, --force-installation-into-system-dir, --allow-hosts, --uninstall, --no-user-cfg, --index-url, --build-directory, --script-dir, --install-dir, --no-deps, --egg-path, --version, --always-unzip, --zip-ok, --no-find-links, --site-dirs, --verbose, --record
[1.907s] DEBUG:colcon.colcon_core.event_handler.log_command:Invoking command in '/home/osboxes/ece569-fall2026/ECE569-Lab2/ws2/build/table_description': DEBUGINFOD_URLS=https://debuginfod.ubuntu.com PYTHONPATH=/home/osboxes/ece569-fall2026/ECE569-Lab2/ws2/build/table_description/prefix_override:/usr/lib/python3/dist-packages/colcon_core/task/python/colcon_distutils_commands:/home/osboxes/ece569-fall2026/ECE569-Lab2/ws2/install/table_description/lib/python3.12/site-packages:${PYTHONPATH} /usr/bin/python3 -W ignore:setup.py install is deprecated -W ignore:easy_install command is deprecated setup.py develop --editable --build-directory /home/osboxes/ece569-fall2026/ECE569-Lab2/ws2/build/table_description/build --no-deps symlink_data
[2.014s] DEBUG:colcon.colcon_core.task.python.build:Available setuptools 'develop' options: --exclude-scripts, --prefix, --editable, --find-links, --dry-run, --always-copy, --optimize, --upgrade, --install-layout, --local-snapshots-ok, --help, --multi-version, --quiet, --user, --force-installation-into-system-dir, --allow-hosts, --uninstall, --no-user-cfg, --index-url, --build-directory, --script-dir, --install-dir, --no-deps, --egg-path, --version, --always-unzip, --zip-ok, --no-find-links, --site-dirs, --verbose, --record
[2.015s] DEBUG:colcon.colcon_core.event_handler.log_command:Invoking command in '/home/osboxes/ece569-fall2026/ECE569-Lab2/ws2/build/rrbot_description': DEBUGINFOD_URLS=https://debuginfod.ubuntu.com PYTHONPATH=/home/osboxes/ece569-fall2026/ECE569-Lab2/ws2/build/rrbot_description/prefix_override:/usr/lib/python3/dist-packages/colcon_core/task/python/colcon_distutils_commands:/home/osboxes/ece569-fall2026/ECE569-Lab2/ws2/install/rrbot_description/lib/python3.12/site-packages:${PYTHONPATH} /usr/bin/python3 -W ignore:setup.py install is deprecated -W ignore:easy_install command is deprecated setup.py develop --editable --build-directory /home/osboxes/ece569-fall2026/ECE569-Lab2/ws2/build/rrbot_description/build --no-deps symlink_data
[2.579s] Level 1:colcon.colcon_core.shell:create_environment_hook('table_description', 'pythonpath_develop')
[2.582s] DEBUG:colcon.colcon_core.event_handler.log_command:Invoked command in '/home/osboxes/ece569-fall2026/ECE569-Lab2/ws2/build/table_description' returned '0': DEBUGINFOD_URLS=https://debuginfod.ubuntu.com PYTHONPATH=/home/osboxes/ece569-fall2026/ECE569-Lab2/ws2/build/table_description/prefix_override:/usr/lib/python3/dist-packages/colcon_core/task/python/colcon_distutils_commands:/home/osboxes/ece569-fall2026/ECE569-Lab2/ws2/install/table_description/lib/python3.12/site-packages:${PYTHONPATH} /usr/bin/python3 -W ignore:setup.py install is deprecated -W ignore:easy_install command is deprecated setup.py develop --editable --build-directory /home/osboxes/ece569-fall2026/ECE569-Lab2/ws2/build/table_description/build --no-deps symlink_data
[2.582s] INFO:colcon.colcon_core.shell:Creating environment hook '/home/osboxes/ece569-fall2026/ECE569-Lab2/ws2/build/table_description/share/table_description/hook/pythonpath_develop.ps1'
[2.587s] INFO:colcon.colcon_core.shell:Creating environment descriptor '/home/osboxes/ece569-fall2026/ECE569-Lab2/ws2/build/table_description/share/table_description/hook/pythonpath_develop.dsv'
[2.588s] INFO:colcon.colcon_core.shell:Creating environment hook '/home/osboxes/ece569-fall2026/ECE569-Lab2/ws2/build/table_description/share/table_description/hook/pythonpath_develop.sh'
[2.593s] Level 1:colcon.colcon_core.environment:checking '/home/osboxes/ece569-fall2026/ECE569-Lab2/ws2/install/table_description' for CMake module files
[2.602s] Level 1:colcon.colcon_core.environment:checking '/home/osboxes/ece569-fall2026/ECE569-Lab2/ws2/install/table_description' for CMake config files
[2.603s] Level 1:colcon.colcon_core.environment:checking '/home/osboxes/ece569-fall2026/ECE569-Lab2/ws2/install/table_description/lib'
[2.610s] Level 1:colcon.colcon_core.environment:checking '/home/osboxes/ece569-fall2026/ECE569-Lab2/ws2/install/table_description/bin'
[2.610s] Level 1:colcon.colcon_core.environment:checking '/home/osboxes/ece569-fall2026/ECE569-Lab2/ws2/install/table_description/lib/pkgconfig/table_description.pc'
[2.611s] Level 1:colcon.colcon_core.environment:checking '/home/osboxes/ece569-fall2026/ECE569-Lab2/ws2/install/table_description/lib/python3.12/site-packages'
[2.618s] Level 1:colcon.colcon_core.shell:create_environment_hook('table_description', 'pythonpath')
[2.619s] INFO:colcon.colcon_core.shell:Creating environment hook '/home/osboxes/ece569-fall2026/ECE569-Lab2/ws2/install/table_description/share/table_description/hook/pythonpath.ps1'
[2.619s] INFO:colcon.colcon_core.shell:Creating environment descriptor '/home/osboxes/ece569-fall2026/ECE569-Lab2/ws2/install/table_description/share/table_description/hook/pythonpath.dsv'
[2.620s] INFO:colcon.colcon_core.shell:Creating environment hook '/home/osboxes/ece569-fall2026/ECE569-Lab2/ws2/install/table_description/share/table_description/hook/pythonpath.sh'
[2.633s] Level 1:colcon.colcon_core.environment:checking '/home/osboxes/ece569-fall2026/ECE569-Lab2/ws2/install/table_description/bin'
[2.633s] Level 1:colcon.colcon_core.environment:create_environment_scripts_only(table_description)
[2.633s] INFO:colcon.colcon_core.shell:Creating package script '/home/osboxes/ece569-fall2026/ECE569-Lab2/ws2/install/table_description/share/table_description/package.ps1'
[2.635s] INFO:colcon.colcon_core.shell:Creating package descriptor '/home/osboxes/ece569-fall2026/ECE569-Lab2/ws2/install/table_description/share/table_description/package.dsv'
[2.635s] INFO:colcon.colcon_core.shell:Creating package script '/home/osboxes/ece569-fall2026/ECE569-Lab2/ws2/install/table_description/share/table_description/package.sh'
[2.636s] INFO:colcon.colcon_core.shell:Creating package script '/home/osboxes/ece569-fall2026/ECE569-Lab2/ws2/install/table_description/share/table_description/package.bash'
[2.637s] INFO:colcon.colcon_core.shell:Creating package script '/home/osboxes/ece569-fall2026/ECE569-Lab2/ws2/install/table_description/share/table_description/package.zsh'
[2.637s] Level 1:colcon.colcon_core.environment:create_file_with_runtime_dependencies(/home/osboxes/ece569-fall2026/ECE569-Lab2/ws2/install/table_description/share/colcon-core/packages/table_description)
[2.638s] INFO:colcon.colcon_ros.task.ament_python.build:Building ROS package in '/home/osboxes/ece569-fall2026/ECE569-Lab2/ws2/src/ur3e_on_table' with build type 'ament_python'
[2.643s] Level 1:colcon.colcon_core.shell:create_environment_hook('ur3e_on_table', 'ament_prefix_path')
[2.643s] INFO:colcon.colcon_core.shell:Creating environment hook '/home/osboxes/ece569-fall2026/ECE569-Lab2/ws2/install/ur3e_on_table/share/ur3e_on_table/hook/ament_prefix_path.ps1'
[2.644s] INFO:colcon.colcon_core.shell:Creating environment descriptor '/home/osboxes/ece569-fall2026/ECE569-Lab2/ws2/install/ur3e_on_table/share/ur3e_on_table/hook/ament_prefix_path.dsv'
[2.645s] INFO:colcon.colcon_core.shell:Creating environment hook '/home/osboxes/ece569-fall2026/ECE569-Lab2/ws2/install/ur3e_on_table/share/ur3e_on_table/hook/ament_prefix_path.sh'
[2.645s] INFO:colcon.colcon_core.shell:Skip shell extension 'powershell' for command environment: Not usable outside of PowerShell
[2.645s] DEBUG:colcon.colcon_core.shell:Skip shell extension 'dsv' for command environment
[3.025s] INFO:colcon.colcon_core.task.python.build:Building Python package in '/home/osboxes/ece569-fall2026/ECE569-Lab2/ws2/src/ur3e_on_table'
[3.025s] INFO:colcon.colcon_core.shell:Skip shell extension 'powershell' for command environment: Not usable outside of PowerShell
[3.025s] DEBUG:colcon.colcon_core.shell:Skip shell extension 'dsv' for command environment
[3.034s] Level 1:colcon.colcon_core.shell:create_environment_hook('rrbot_description', 'pythonpath_develop')
[3.034s] DEBUG:colcon.colcon_core.event_handler.log_command:Invoked command in '/home/osboxes/ece569-fall2026/ECE569-Lab2/ws2/build/rrbot_description' returned '0': DEBUGINFOD_URLS=https://debuginfod.ubuntu.com PYTHONPATH=/home/osboxes/ece569-fall2026/ECE569-Lab2/ws2/build/rrbot_description/prefix_override:/usr/lib/python3/dist-packages/colcon_core/task/python/colcon_distutils_commands:/home/osboxes/ece569-fall2026/ECE569-Lab2/ws2/install/rrbot_description/lib/python3.12/site-packages:${PYTHONPATH} /usr/bin/python3 -W ignore:setup.py install is deprecated -W ignore:easy_install command is deprecated setup.py develop --editable --build-directory /home/osboxes/ece569-fall2026/ECE569-Lab2/ws2/build/rrbot_description/build --no-deps symlink_data
[3.034s] INFO:colcon.colcon_core.shell:Creating environment hook '/home/osboxes/ece569-fall2026/ECE569-Lab2/ws2/build/rrbot_description/share/rrbot_description/hook/pythonpath_develop.ps1'
[3.035s] INFO:colcon.colcon_core.shell:Creating environment descriptor '/home/osboxes/ece569-fall2026/ECE569-Lab2/ws2/build/rrbot_description/share/rrbot_description/hook/pythonpath_develop.dsv'
[3.035s] INFO:colcon.colcon_core.shell:Creating environment hook '/home/osboxes/ece569-fall2026/ECE569-Lab2/ws2/build/rrbot_description/share/rrbot_description/hook/pythonpath_develop.sh'
[3.038s] Level 1:colcon.colcon_core.environment:checking '/home/osboxes/ece569-fall2026/ECE569-Lab2/ws2/install/rrbot_description' for CMake module files
[3.038s] Level 1:colcon.colcon_core.environment:checking '/home/osboxes/ece569-fall2026/ECE569-Lab2/ws2/install/rrbot_description' for CMake config files
[3.038s] Level 1:colcon.colcon_core.environment:checking '/home/osboxes/ece569-fall2026/ECE569-Lab2/ws2/install/rrbot_description/lib'
[3.038s] Level 1:colcon.colcon_core.environment:checking '/home/osboxes/ece569-fall2026/ECE569-Lab2/ws2/install/rrbot_description/bin'
[3.038s] Level 1:colcon.colcon_core.environment:checking '/home/osboxes/ece569-fall2026/ECE569-Lab2/ws2/install/rrbot_description/lib/pkgconfig/rrbot_description.pc'
[3.039s] Level 1:colcon.colcon_core.environment:checking '/home/osboxes/ece569-fall2026/ECE569-Lab2/ws2/install/rrbot_description/lib/python3.12/site-packages'
[3.039s] Level 1:colcon.colcon_core.shell:create_environment_hook('rrbot_description', 'pythonpath')
[3.039s] INFO:colcon.colcon_core.shell:Creating environment hook '/home/osboxes/ece569-fall2026/ECE569-Lab2/ws2/install/rrbot_description/share/rrbot_description/hook/pythonpath.ps1'
[3.039s] INFO:colcon.colcon_core.shell:Creating environment descriptor '/home/osboxes/ece569-fall2026/ECE569-Lab2/ws2/install/rrbot_description/share/rrbot_description/hook/pythonpath.dsv'
[3.040s] INFO:colcon.colcon_core.shell:Creating environment hook '/home/osboxes/ece569-fall2026/ECE569-Lab2/ws2/install/rrbot_description/share/rrbot_description/hook/pythonpath.sh'
[3.041s] Level 1:colcon.colcon_core.environment:checking '/home/osboxes/ece569-fall2026/ECE569-Lab2/ws2/install/rrbot_description/bin'
[3.041s] Level 1:colcon.colcon_core.environment:create_environment_scripts_only(rrbot_description)
[3.041s] INFO:colcon.colcon_core.shell:Creating package script '/home/osboxes/ece569-fall2026/ECE569-Lab2/ws2/install/rrbot_description/share/rrbot_description/package.ps1'
[3.042s] INFO:colcon.colcon_core.shell:Creating package descriptor '/home/osboxes/ece569-fall2026/ECE569-Lab2/ws2/install/rrbot_description/share/rrbot_description/package.dsv'
[3.042s] INFO:colcon.colcon_core.shell:Creating package script '/home/osboxes/ece569-fall2026/ECE569-Lab2/ws2/install/rrbot_description/share/rrbot_description/package.sh'
[3.043s] INFO:colcon.colcon_core.shell:Creating package script '/home/osboxes/ece569-fall2026/ECE569-Lab2/ws2/install/rrbot_description/share/rrbot_description/package.bash'
[3.043s] INFO:colcon.colcon_core.shell:Creating package script '/home/osboxes/ece569-fall2026/ECE569-Lab2/ws2/install/rrbot_description/share/rrbot_description/package.zsh'
[3.044s] Level 1:colcon.colcon_core.environment:create_file_with_runtime_dependencies(/home/osboxes/ece569-fall2026/ECE569-Lab2/ws2/install/rrbot_description/share/colcon-core/packages/rrbot_description)
[3.046s] INFO:colcon.colcon_ros.task.ament_cmake.build:Building ROS package in '/home/osboxes/ece569-fall2026/ECE569-Lab2/ws2/src/Universal_Robots_ROS2_Description' with build type 'ament_cmake'
[3.046s] INFO:colcon.colcon_cmake.task.cmake.build:Building CMake package in '/home/osboxes/ece569-fall2026/ECE569-Lab2/ws2/src/Universal_Robots_ROS2_Description'
[3.046s] INFO:colcon.colcon_core.shell:Skip shell extension 'powershell' for command environment: Not usable outside of PowerShell
[3.046s] DEBUG:colcon.colcon_core.shell:Skip shell extension 'dsv' for command environment
[3.068s] DEBUG:colcon.colcon_core.event_handler.log_command:Invoking command in '/home/osboxes/ece569-fall2026/ECE569-Lab2/ws2/build/ur_description': CMAKE_PREFIX_PATH=${CMAKE_PREFIX_PATH}:/home/osboxes/ece569-fall2026/ECE569-Lab2/ws2/install/ur3e_on_table:/home/osboxes/ece569-fall2026/ECE569-Lab2/ws2/install/table_description:/home/osboxes/ece569-fall2026/ECE569-Lab2/ws2/install/rrbot_description:/opt/ros/jazzy DEBUGINFOD_URLS=https://debuginfod.ubuntu.com /usr/bin/cmake --build /home/osboxes/ece569-fall2026/ECE569-Lab2/ws2/build/ur_description -- -j2 -l2
[3.190s] DEBUG:colcon.colcon_core.event_handler.log_command:Invoked command in '/home/osboxes/ece569-fall2026/ECE569-Lab2/ws2/build/ur_description' returned '0': CMAKE_PREFIX_PATH=${CMAKE_PREFIX_PATH}:/home/osboxes/ece569-fall2026/ECE569-Lab2/ws2/install/ur3e_on_table:/home/osboxes/ece569-fall2026/ECE569-Lab2/ws2/install/table_description:/home/osboxes/ece569-fall2026/ECE569-Lab2/ws2/install/rrbot_description:/opt/ros/jazzy DEBUGINFOD_URLS=https://debuginfod.ubuntu.com /usr/bin/cmake --build /home/osboxes/ece569-fall2026/ECE569-Lab2/ws2/build/ur_description -- -j2 -l2
[3.213s] DEBUG:colcon.colcon_core.event_handler.log_command:Invoking command in '/home/osboxes/ece569-fall2026/ECE569-Lab2/ws2/build/ur_description': CMAKE_PREFIX_PATH=${CMAKE_PREFIX_PATH}:/home/osboxes/ece569-fall2026/ECE569-Lab2/ws2/install/ur3e_on_table:/home/osboxes/ece569-fall2026/ECE569-Lab2/ws2/install/table_description:/home/osboxes/ece569-fall2026/ECE569-Lab2/ws2/install/rrbot_description:/opt/ros/jazzy DEBUGINFOD_URLS=https://debuginfod.ubuntu.com /usr/bin/cmake --install /home/osboxes/ece569-fall2026/ECE569-Lab2/ws2/build/ur_description
[3.316s] Level 1:colcon.colcon_core.environment:create_environment_scripts_only(ur_description)
[3.318s] Level 1:colcon.colcon_core.environment:checking '/home/osboxes/ece569-fall2026/ECE569-Lab2/ws2/install/ur_description' for CMake module files
[3.318s] Level 1:colcon.colcon_core.environment:checking '/home/osboxes/ece569-fall2026/ECE569-Lab2/ws2/install/ur_description' for CMake config files
[3.318s] Level 1:colcon.colcon_core.shell:create_environment_hook('ur_description', 'cmake_prefix_path')
[3.319s] INFO:colcon.colcon_core.shell:Creating environment hook '/home/osboxes/ece569-fall2026/ECE569-Lab2/ws2/install/ur_description/share/ur_description/hook/cmake_prefix_path.ps1'
[3.318s] DEBUG:colcon.colcon_core.event_handler.log_command:Invoked command in '/home/osboxes/ece569-fall2026/ECE569-Lab2/ws2/build/ur_description' returned '0': CMAKE_PREFIX_PATH=${CMAKE_PREFIX_PATH}:/home/osboxes/ece569-fall2026/ECE569-Lab2/ws2/install/ur3e_on_table:/home/osboxes/ece569-fall2026/ECE569-Lab2/ws2/install/table_description:/home/osboxes/ece569-fall2026/ECE569-Lab2/ws2/install/rrbot_description:/opt/ros/jazzy DEBUGINFOD_URLS=https://debuginfod.ubuntu.com /usr/bin/cmake --install /home/osboxes/ece569-fall2026/ECE569-Lab2/ws2/build/ur_description
[3.338s] INFO:colcon.colcon_core.shell:Creating environment descriptor '/home/osboxes/ece569-fall2026/ECE569-Lab2/ws2/install/ur_description/share/ur_description/hook/cmake_prefix_path.dsv'
[3.340s] INFO:colcon.colcon_core.shell:Creating environment hook '/home/osboxes/ece569-fall2026/ECE569-Lab2/ws2/install/ur_description/share/ur_description/hook/cmake_prefix_path.sh'
[3.341s] Level 1:colcon.colcon_core.environment:checking '/home/osboxes/ece569-fall2026/ECE569-Lab2/ws2/install/ur_description/bin'
[3.341s] Level 1:colcon.colcon_core.environment:checking '/home/osboxes/ece569-fall2026/ECE569-Lab2/ws2/install/ur_description/lib/pkgconfig/ur_description.pc'
[3.341s] Level 1:colcon.colcon_core.environment:checking '/home/osboxes/ece569-fall2026/ECE569-Lab2/ws2/install/ur_description/lib/python3.12/site-packages'
[3.342s] Level 1:colcon.colcon_core.environment:checking '/home/osboxes/ece569-fall2026/ECE569-Lab2/ws2/install/ur_description/bin'
[3.342s] INFO:colcon.colcon_core.shell:Creating package script '/home/osboxes/ece569-fall2026/ECE569-Lab2/ws2/install/ur_description/share/ur_description/package.ps1'
[3.343s] INFO:colcon.colcon_core.shell:Creating package descriptor '/home/osboxes/ece569-fall2026/ECE569-Lab2/ws2/install/ur_description/share/ur_description/package.dsv'
[3.343s] INFO:colcon.colcon_core.shell:Creating package script '/home/osboxes/ece569-fall2026/ECE569-Lab2/ws2/install/ur_description/share/ur_description/package.sh'
[3.344s] INFO:colcon.colcon_core.shell:Creating package script '/home/osboxes/ece569-fall2026/ECE569-Lab2/ws2/install/ur_description/share/ur_description/package.bash'
[3.349s] INFO:colcon.colcon_core.shell:Creating package script '/home/osboxes/ece569-fall2026/ECE569-Lab2/ws2/install/ur_description/share/ur_description/package.zsh'
[3.350s] Level 1:colcon.colcon_core.environment:create_file_with_runtime_dependencies(/home/osboxes/ece569-fall2026/ECE569-Lab2/ws2/install/ur_description/share/colcon-core/packages/ur_description)
[3.351s] Level 1:colcon.colcon_core.environment:create_environment_scripts_only(ur_description)
[3.351s] Level 1:colcon.colcon_core.environment:checking '/home/osboxes/ece569-fall2026/ECE569-Lab2/ws2/install/ur_description' for CMake module files
[3.351s] Level 1:colcon.colcon_core.environment:checking '/home/osboxes/ece569-fall2026/ECE569-Lab2/ws2/install/ur_description' for CMake config files
[3.352s] Level 1:colcon.colcon_core.shell:create_environment_hook('ur_description', 'cmake_prefix_path')
[3.352s] INFO:colcon.colcon_core.shell:Creating environment hook '/home/osboxes/ece569-fall2026/ECE569-Lab2/ws2/install/ur_description/share/ur_description/hook/cmake_prefix_path.ps1'
[3.354s] INFO:colcon.colcon_core.shell:Creating environment descriptor '/home/osboxes/ece569-fall2026/ECE569-Lab2/ws2/install/ur_description/share/ur_description/hook/cmake_prefix_path.dsv'
[3.355s] INFO:colcon.colcon_core.shell:Creating environment hook '/home/osboxes/ece569-fall2026/ECE569-Lab2/ws2/install/ur_description/share/ur_description/hook/cmake_prefix_path.sh'
[3.355s] Level 1:colcon.colcon_core.environment:checking '/home/osboxes/ece569-fall2026/ECE569-Lab2/ws2/install/ur_description/bin'
[3.355s] Level 1:colcon.colcon_core.environment:checking '/home/osboxes/ece569-fall2026/ECE569-Lab2/ws2/install/ur_description/lib/pkgconfig/ur_description.pc'
[3.355s] Level 1:colcon.colcon_core.environment:checking '/home/osboxes/ece569-fall2026/ECE569-Lab2/ws2/install/ur_description/lib/python3.12/site-packages'
[3.356s] Level 1:colcon.colcon_core.environment:checking '/home/osboxes/ece569-fall2026/ECE569-Lab2/ws2/install/ur_description/bin'
[3.356s] INFO:colcon.colcon_core.shell:Creating package script '/home/osboxes/ece569-fall2026/ECE569-Lab2/ws2/install/ur_description/share/ur_description/package.ps1'
[3.361s] INFO:colcon.colcon_core.shell:Creating package descriptor '/home/osboxes/ece569-fall2026/ECE569-Lab2/ws2/install/ur_description/share/ur_description/package.dsv'
[3.362s] INFO:colcon.colcon_core.shell:Creating package script '/home/osboxes/ece569-fall2026/ECE569-Lab2/ws2/install/ur_description/share/ur_description/package.sh'
[3.367s] INFO:colcon.colcon_core.shell:Creating package script '/home/osboxes/ece569-fall2026/ECE569-Lab2/ws2/install/ur_description/share/ur_description/package.bash'
[3.371s] INFO:colcon.colcon_core.shell:Creating package script '/home/osboxes/ece569-fall2026/ECE569-Lab2/ws2/install/ur_description/share/ur_description/package.zsh'
[3.375s] Level 1:colcon.colcon_core.environment:create_file_with_runtime_dependencies(/home/osboxes/ece569-fall2026/ECE569-Lab2/ws2/install/ur_description/share/colcon-core/packages/ur_description)
[3.640s] DEBUG:colcon.colcon_core.task.python.build:Available setuptools commands: check, install_egg_info, upload_docs, alias, update_catalog, install, install_lib, install_data, install_headers, editable_wheel, build, dist_info, test, saveopts, bdist, setopt, build_scripts, egg_info, init_catalog, bdist_rpm, build_clib, symlink_data, rotate, build_ext, develop, compile_catalog, easy_install, extract_messages, upload, clean, bdist_egg, bdist_dumb, build_py, register, install_scripts, sdist
[3.863s] DEBUG:colcon.colcon_core.task.python.build:Available setuptools 'develop' options: --exclude-scripts, --prefix, --editable, --find-links, --dry-run, --always-copy, --optimize, --upgrade, --install-layout, --local-snapshots-ok, --help, --multi-version, --quiet, --user, --force-installation-into-system-dir, --allow-hosts, --uninstall, --no-user-cfg, --index-url, --build-directory, --script-dir, --install-dir, --no-deps, --egg-path, --version, --always-unzip, --zip-ok, --no-find-links, --site-dirs, --verbose, --record
[3.866s] DEBUG:colcon.colcon_core.event_handler.log_command:Invoking command in '/home/osboxes/ece569-fall2026/ECE569-Lab2/ws2/build/ur3e_on_table': DEBUGINFOD_URLS=https://debuginfod.ubuntu.com PYTHONPATH=/home/osboxes/ece569-fall2026/ECE569-Lab2/ws2/build/ur3e_on_table/prefix_override:/usr/lib/python3/dist-packages/colcon_core/task/python/colcon_distutils_commands:/home/osboxes/ece569-fall2026/ECE569-Lab2/ws2/install/ur3e_on_table/lib/python3.12/site-packages:${PYTHONPATH} /usr/bin/python3 -W ignore:setup.py install is deprecated -W ignore:easy_install command is deprecated setup.py develop --editable --build-directory /home/osboxes/ece569-fall2026/ECE569-Lab2/ws2/build/ur3e_on_table/build --no-deps symlink_data
[4.325s] Level 1:colcon.colcon_core.shell:create_environment_hook('ur3e_on_table', 'pythonpath_develop')
[4.325s] DEBUG:colcon.colcon_core.event_handler.log_command:Invoked command in '/home/osboxes/ece569-fall2026/ECE569-Lab2/ws2/build/ur3e_on_table' returned '0': DEBUGINFOD_URLS=https://debuginfod.ubuntu.com PYTHONPATH=/home/osboxes/ece569-fall2026/ECE569-Lab2/ws2/build/ur3e_on_table/prefix_override:/usr/lib/python3/dist-packages/colcon_core/task/python/colcon_distutils_commands:/home/osboxes/ece569-fall2026/ECE569-Lab2/ws2/install/ur3e_on_table/lib/python3.12/site-packages:${PYTHONPATH} /usr/bin/python3 -W ignore:setup.py install is deprecated -W ignore:easy_install command is deprecated setup.py develop --editable --build-directory /home/osboxes/ece569-fall2026/ECE569-Lab2/ws2/build/ur3e_on_table/build --no-deps symlink_data
[4.325s] INFO:colcon.colcon_core.shell:Creating environment hook '/home/osboxes/ece569-fall2026/ECE569-Lab2/ws2/build/ur3e_on_table/share/ur3e_on_table/hook/pythonpath_develop.ps1'
[4.327s] INFO:colcon.colcon_core.shell:Creating environment descriptor '/home/osboxes/ece569-fall2026/ECE569-Lab2/ws2/build/ur3e_on_table/share/ur3e_on_table/hook/pythonpath_develop.dsv'
[4.327s] INFO:colcon.colcon_core.shell:Creating environment hook '/home/osboxes/ece569-fall2026/ECE569-Lab2/ws2/build/ur3e_on_table/share/ur3e_on_table/hook/pythonpath_develop.sh'
[4.328s] Level 1:colcon.colcon_core.environment:checking '/home/osboxes/ece569-fall2026/ECE569-Lab2/ws2/install/ur3e_on_table' for CMake module files
[4.329s] Level 1:colcon.colcon_core.environment:checking '/home/osboxes/ece569-fall2026/ECE569-Lab2/ws2/install/ur3e_on_table' for CMake config files
[4.329s] Level 1:colcon.colcon_core.environment:checking '/home/osboxes/ece569-fall2026/ECE569-Lab2/ws2/install/ur3e_on_table/lib'
[4.330s] Level 1:colcon.colcon_core.environment:checking '/home/osboxes/ece569-fall2026/ECE569-Lab2/ws2/install/ur3e_on_table/bin'
[4.330s] Level 1:colcon.colcon_core.environment:checking '/home/osboxes/ece569-fall2026/ECE569-Lab2/ws2/install/ur3e_on_table/lib/pkgconfig/ur3e_on_table.pc'
[4.331s] Level 1:colcon.colcon_core.environment:checking '/home/osboxes/ece569-fall2026/ECE569-Lab2/ws2/install/ur3e_on_table/lib/python3.12/site-packages'
[4.331s] Level 1:colcon.colcon_core.shell:create_environment_hook('ur3e_on_table', 'pythonpath')
[4.331s] INFO:colcon.colcon_core.shell:Creating environment hook '/home/osboxes/ece569-fall2026/ECE569-Lab2/ws2/install/ur3e_on_table/share/ur3e_on_table/hook/pythonpath.ps1'
[4.332s] INFO:colcon.colcon_core.shell:Creating environment descriptor '/home/osboxes/ece569-fall2026/ECE569-Lab2/ws2/install/ur3e_on_table/share/ur3e_on_table/hook/pythonpath.dsv'
[4.332s] INFO:colcon.colcon_core.shell:Creating environment hook '/home/osboxes/ece569-fall2026/ECE569-Lab2/ws2/install/ur3e_on_table/share/ur3e_on_table/hook/pythonpath.sh'
[4.332s] Level 1:colcon.colcon_core.environment:checking '/home/osboxes/ece569-fall2026/ECE569-Lab2/ws2/install/ur3e_on_table/bin'
[4.332s] Level 1:colcon.colcon_core.environment:create_environment_scripts_only(ur3e_on_table)
[4.333s] INFO:colcon.colcon_core.shell:Creating package script '/home/osboxes/ece569-fall2026/ECE569-Lab2/ws2/install/ur3e_on_table/share/ur3e_on_table/package.ps1'
[4.333s] INFO:colcon.colcon_core.shell:Creating package descriptor '/home/osboxes/ece569-fall2026/ECE569-Lab2/ws2/install/ur3e_on_table/share/ur3e_on_table/package.dsv'
[4.333s] INFO:colcon.colcon_core.shell:Creating package script '/home/osboxes/ece569-fall2026/ECE569-Lab2/ws2/install/ur3e_on_table/share/ur3e_on_table/package.sh'
[4.334s] INFO:colcon.colcon_core.shell:Creating package script '/home/osboxes/ece569-fall2026/ECE569-Lab2/ws2/install/ur3e_on_table/share/ur3e_on_table/package.bash'
[4.334s] INFO:colcon.colcon_core.shell:Creating package script '/home/osboxes/ece569-fall2026/ECE569-Lab2/ws2/install/ur3e_on_table/share/ur3e_on_table/package.zsh'
[4.334s] Level 1:colcon.colcon_core.environment:create_file_with_runtime_dependencies(/home/osboxes/ece569-fall2026/ECE569-Lab2/ws2/install/ur3e_on_table/share/colcon-core/packages/ur3e_on_table)
[4.336s] DEBUG:colcon.colcon_parallel_executor.executor.parallel:closing loop
[4.336s] DEBUG:colcon.colcon_parallel_executor.executor.parallel:loop closed
[4.336s] DEBUG:colcon.colcon_parallel_executor.executor.parallel:run_until_complete finished with '0'
[4.336s] DEBUG:colcon.colcon_core.event_reactor:joining thread
[4.341s] INFO:colcon.colcon_core.plugin_system:Skipping extension 'colcon_notification.desktop_notification.terminal_notifier': Not used on non-Darwin systems
[4.341s] INFO:colcon.colcon_core.plugin_system:Skipping extension 'colcon_notification.desktop_notification.win32': Not used on non-Windows systems
[4.341s] INFO:colcon.colcon_notification.desktop_notification:Sending desktop notification using 'notify2'
[4.373s] DEBUG:colcon.colcon_core.event_reactor:joined thread
[4.373s] INFO:colcon.colcon_core.shell:Creating prefix script '/home/osboxes/ece569-fall2026/ECE569-Lab2/ws2/install/local_setup.ps1'
[4.375s] INFO:colcon.colcon_core.shell:Creating prefix util module '/home/osboxes/ece569-fall2026/ECE569-Lab2/ws2/install/_local_setup_util_ps1.py'
[4.376s] INFO:colcon.colcon_core.shell:Creating prefix chain script '/home/osboxes/ece569-fall2026/ECE569-Lab2/ws2/install/setup.ps1'
[4.377s] INFO:colcon.colcon_core.shell:Creating prefix script '/home/osboxes/ece569-fall2026/ECE569-Lab2/ws2/install/local_setup.sh'
[4.378s] INFO:colcon.colcon_core.shell:Creating prefix util module '/home/osboxes/ece569-fall2026/ECE569-Lab2/ws2/install/_local_setup_util_sh.py'
[4.378s] INFO:colcon.colcon_core.shell:Creating prefix chain script '/home/osboxes/ece569-fall2026/ECE569-Lab2/ws2/install/setup.sh'
[4.380s] INFO:colcon.colcon_core.shell:Creating prefix script '/home/osboxes/ece569-fall2026/ECE569-Lab2/ws2/install/local_setup.bash'
[4.381s] INFO:colcon.colcon_core.shell:Creating prefix chain script '/home/osboxes/ece569-fall2026/ECE569-Lab2/ws2/install/setup.bash'
[4.383s] INFO:colcon.colcon_core.shell:Creating prefix script '/home/osboxes/ece569-fall2026/ECE569-Lab2/ws2/install/local_setup.zsh'
[4.384s] INFO:colcon.colcon_core.shell:Creating prefix chain script '/home/osboxes/ece569-fall2026/ECE569-Lab2/ws2/install/setup.zsh'
