running develop
running egg_info
writing table_description.egg-info/PKG-INFO
writing dependency_links to table_description.egg-info/dependency_links.txt
writing requirements to table_description.egg-info/requires.txt
writing top-level names to table_description.egg-info/top_level.txt
reading manifest file 'table_description.egg-info/SOURCES.txt'
writing manifest file 'table_description.egg-info/SOURCES.txt'
running build_ext
Creating /home/osboxes/ece569-fall2026/ECE569-Lab2/ws2/install/table_description/lib/python3.12/site-packages/table-description.egg-link (link to .)

Installed /home/osboxes/ece569-fall2026/ECE569-Lab2/ws2/build/table_description
running symlink_data
creating /home/osboxes/ece569-fall2026/ECE569-Lab2/ws2/install/table_description/share/table_description/config
creating /home/osboxes/ece569-fall2026/ECE569-Lab2/ws2/install/table_description/share/table_description/launch
symbolically linking /home/osboxes/ece569-fall2026/ECE569-Lab2/ws2/build/table_description/launch/table.launch.py -> /home/osboxes/ece569-fall2026/ECE569-Lab2/ws2/install/table_description/share/table_description/launch
creating /home/osboxes/ece569-fall2026/ECE569-Lab2/ws2/install/table_description/share/table_description/rviz
creating /home/osboxes/ece569-fall2026/ECE569-Lab2/ws2/install/table_description/share/table_description/urdf
symbolically linking /home/osboxes/ece569-fall2026/ECE569-Lab2/ws2/build/table_description/urdf/table_macro.xacro -> /home/osboxes/ece569-fall2026/ECE569-Lab2/ws2/install/table_description/share/table_description/urdf
symbolically linking /home/osboxes/ece569-fall2026/ECE569-Lab2/ws2/build/table_description/urdf/table.urdf.xacro -> /home/osboxes/ece569-fall2026/ECE569-Lab2/ws2/install/table_description/share/table_description/urdf
symbolically linking /home/osboxes/ece569-fall2026/ECE569-Lab2/ws2/build/table_description/urdf/materials.xacro -> /home/osboxes/ece569-fall2026/ECE569-Lab2/ws2/install/table_description/share/table_description/urdf
