[0.034s] Invoking command in '/home/osboxes/ece569-fall2026/ECE569-Lab2/ws2/build/ur_description': CMAKE_PREFIX_PATH=${CMAKE_PREFIX_PATH}:/home/osboxes/ece569-fall2026/ECE569-Lab2/ws2/install/table_description:/home/osboxes/ece569-fall2026/ECE569-Lab2/ws2/install/rrbot_description:/opt/ros/jazzy DEBUGINFOD_URLS=https://debuginfod.ubuntu.com /usr/bin/cmake /home/osboxes/ece569-fall2026/ECE569-Lab2/ws2/src/Universal_Robots_ROS2_Description -DAMENT_CMAKE_SYMLINK_INSTALL=1 -DCMAKE_INSTALL_PREFIX=/home/osboxes/ece569-fall2026/ECE569-Lab2/ws2/install/ur_description
[0.581s] -- The C compiler identification is GNU 13.3.0
[0.779s] -- The CXX compiler identification is GNU 13.3.0
[0.840s] -- Detecting C compiler ABI info
[0.961s] -- Detecting C compiler ABI info - done
[0.968s] -- Check for working C compiler: /usr/bin/cc - skipped
[0.969s] -- Detecting C compile features
[0.970s] -- Detecting C compile features - done
[0.985s] -- Detecting CXX compiler ABI info
[1.094s] -- Detecting CXX compiler ABI info - done
[1.101s] -- Check for working CXX compiler: /usr/bin/c++ - skipped
[1.103s] -- Detecting CXX compile features
[1.103s] -- Detecting CXX compile features - done
[1.125s] -- Found ament_cmake: 2.5.6 (/opt/ros/jazzy/share/ament_cmake/cmake)
[1.277s] -- Found Python3: /usr/bin/python3 (found version "3.12.3") found components: Interpreter 
[1.361s] -- Override CMake install command with custom implementation using symlinks instead of copying resources
[1.451s] -- Found ament_cmake_pytest: 2.5.6 (/opt/ros/jazzy/share/ament_cmake_pytest/cmake)
[2.664s] -- Configuring done (2.6s)
[2.673s] -- Generating done (0.0s)
[2.678s] -- Build files have been written to: /home/osboxes/ece569-fall2026/ECE569-Lab2/ws2/build/ur_description
[2.696s] Invoked command in '/home/osboxes/ece569-fall2026/ECE569-Lab2/ws2/build/ur_description' returned '0': CMAKE_PREFIX_PATH=${CMAKE_PREFIX_PATH}:/home/osboxes/ece569-fall2026/ECE569-Lab2/ws2/install/table_description:/home/osboxes/ece569-fall2026/ECE569-Lab2/ws2/install/rrbot_description:/opt/ros/jazzy DEBUGINFOD_URLS=https://debuginfod.ubuntu.com /usr/bin/cmake /home/osboxes/ece569-fall2026/ECE569-Lab2/ws2/src/Universal_Robots_ROS2_Description -DAMENT_CMAKE_SYMLINK_INSTALL=1 -DCMAKE_INSTALL_PREFIX=/home/osboxes/ece569-fall2026/ECE569-Lab2/ws2/install/ur_description
[2.697s] Invoking command in '/home/osboxes/ece569-fall2026/ECE569-Lab2/ws2/build/ur_description': CMAKE_PREFIX_PATH=${CMAKE_PREFIX_PATH}:/home/osboxes/ece569-fall2026/ECE569-Lab2/ws2/install/table_description:/home/osboxes/ece569-fall2026/ECE569-Lab2/ws2/install/rrbot_description:/opt/ros/jazzy DEBUGINFOD_URLS=https://debuginfod.ubuntu.com /usr/bin/cmake --build /home/osboxes/ece569-fall2026/ECE569-Lab2/ws2/build/ur_description -- -j2 -l2
[2.791s] Invoked command in '/home/osboxes/ece569-fall2026/ECE569-Lab2/ws2/build/ur_description' returned '0': CMAKE_PREFIX_PATH=${CMAKE_PREFIX_PATH}:/home/osboxes/ece569-fall2026/ECE569-Lab2/ws2/install/table_description:/home/osboxes/ece569-fall2026/ECE569-Lab2/ws2/install/rrbot_description:/opt/ros/jazzy DEBUGINFOD_URLS=https://debuginfod.ubuntu.com /usr/bin/cmake --build /home/osboxes/ece569-fall2026/ECE569-Lab2/ws2/build/ur_description -- -j2 -l2
[2.819s] Invoking command in '/home/osboxes/ece569-fall2026/ECE569-Lab2/ws2/build/ur_description': CMAKE_PREFIX_PATH=${CMAKE_PREFIX_PATH}:/home/osboxes/ece569-fall2026/ECE569-Lab2/ws2/install/table_description:/home/osboxes/ece569-fall2026/ECE569-Lab2/ws2/install/rrbot_description:/opt/ros/jazzy DEBUGINFOD_URLS=https://debuginfod.ubuntu.com /usr/bin/cmake --install /home/osboxes/ece569-fall2026/ECE569-Lab2/ws2/build/ur_description
[2.832s] -- Install configuration: ""
[2.832s] -- Execute custom install script
[2.832s] -- Symlinking: /home/osboxes/ece569-fall2026/ECE569-Lab2/ws2/install/ur_description/share/ur_description/config/initial_positions.yaml
[2.907s] -- Symlinking: /home/osboxes/ece569-fall2026/ECE569-Lab2/ws2/install/ur_description/share/ur_description/config/ur10/default_kinematics.yaml
[2.923s] -- Symlinking: /home/osboxes/ece569-fall2026/ECE569-Lab2/ws2/install/ur_description/share/ur_description/config/ur10/joint_limits.yaml
[2.984s] -- Symlinking: /home/osboxes/ece569-fall2026/ECE569-Lab2/ws2/install/ur_description/share/ur_description/config/ur10/physical_parameters.yaml
[2.994s] -- Symlinking: /home/osboxes/ece569-fall2026/ECE569-Lab2/ws2/install/ur_description/share/ur_description/config/ur10/visual_parameters.yaml
[3.009s] -- Symlinking: /home/osboxes/ece569-fall2026/ECE569-Lab2/ws2/install/ur_description/share/ur_description/config/ur10e/default_kinematics.yaml
[3.010s] -- Symlinking: /home/osboxes/ece569-fall2026/ECE569-Lab2/ws2/install/ur_description/share/ur_description/config/ur10e/joint_limits.yaml
[3.018s] -- Symlinking: /home/osboxes/ece569-fall2026/ECE569-Lab2/ws2/install/ur_description/share/ur_description/config/ur10e/physical_parameters.yaml
[3.038s] -- Symlinking: /home/osboxes/ece569-fall2026/ECE569-Lab2/ws2/install/ur_description/share/ur_description/config/ur10e/visual_parameters.yaml
[3.038s] -- Symlinking: /home/osboxes/ece569-fall2026/ECE569-Lab2/ws2/install/ur_description/share/ur_description/config/ur12e/default_kinematics.yaml
[3.049s] -- Symlinking: /home/osboxes/ece569-fall2026/ECE569-Lab2/ws2/install/ur_description/share/ur_description/config/ur12e/joint_limits.yaml
[3.081s] -- Symlinking: /home/osboxes/ece569-fall2026/ECE569-Lab2/ws2/install/ur_description/share/ur_description/config/ur12e/physical_parameters.yaml
[3.081s] -- Symlinking: /home/osboxes/ece569-fall2026/ECE569-Lab2/ws2/install/ur_description/share/ur_description/config/ur12e/visual_parameters.yaml
[3.090s] -- Symlinking: /home/osboxes/ece569-fall2026/ECE569-Lab2/ws2/install/ur_description/share/ur_description/config/ur15/default_kinematics.yaml
[3.099s] -- Symlinking: /home/osboxes/ece569-fall2026/ECE569-Lab2/ws2/install/ur_description/share/ur_description/config/ur15/joint_limits.yaml
[3.106s] -- Symlinking: /home/osboxes/ece569-fall2026/ECE569-Lab2/ws2/install/ur_description/share/ur_description/config/ur15/physical_parameters.yaml
[3.114s] -- Symlinking: /home/osboxes/ece569-fall2026/ECE569-Lab2/ws2/install/ur_description/share/ur_description/config/ur15/visual_parameters.yaml
[3.128s] -- Symlinking: /home/osboxes/ece569-fall2026/ECE569-Lab2/ws2/install/ur_description/share/ur_description/config/ur16e/default_kinematics.yaml
[3.149s] -- Symlinking: /home/osboxes/ece569-fall2026/ECE569-Lab2/ws2/install/ur_description/share/ur_description/config/ur16e/joint_limits.yaml
[3.150s] -- Symlinking: /home/osboxes/ece569-fall2026/ECE569-Lab2/ws2/install/ur_description/share/ur_description/config/ur16e/physical_parameters.yaml
[3.158s] -- Symlinking: /home/osboxes/ece569-fall2026/ECE569-Lab2/ws2/install/ur_description/share/ur_description/config/ur16e/visual_parameters.yaml
[3.166s] -- Symlinking: /home/osboxes/ece569-fall2026/ECE569-Lab2/ws2/install/ur_description/share/ur_description/config/ur18/default_kinematics.yaml
[3.174s] -- Symlinking: /home/osboxes/ece569-fall2026/ECE569-Lab2/ws2/install/ur_description/share/ur_description/config/ur18/joint_limits.yaml
[3.181s] -- Symlinking: /home/osboxes/ece569-fall2026/ECE569-Lab2/ws2/install/ur_description/share/ur_description/config/ur18/physical_parameters.yaml
[3.197s] -- Symlinking: /home/osboxes/ece569-fall2026/ECE569-Lab2/ws2/install/ur_description/share/ur_description/config/ur18/visual_parameters.yaml
[3.203s] -- Symlinking: /home/osboxes/ece569-fall2026/ECE569-Lab2/ws2/install/ur_description/share/ur_description/config/ur20/default_kinematics.yaml
[3.212s] -- Symlinking: /home/osboxes/ece569-fall2026/ECE569-Lab2/ws2/install/ur_description/share/ur_description/config/ur20/joint_limits.yaml
[3.226s] -- Symlinking: /home/osboxes/ece569-fall2026/ECE569-Lab2/ws2/install/ur_description/share/ur_description/config/ur20/physical_parameters.yaml
[3.245s] -- Symlinking: /home/osboxes/ece569-fall2026/ECE569-Lab2/ws2/install/ur_description/share/ur_description/config/ur20/visual_parameters.yaml
[3.246s] -- Symlinking: /home/osboxes/ece569-fall2026/ECE569-Lab2/ws2/install/ur_description/share/ur_description/config/ur3/default_kinematics.yaml
[3.256s] -- Symlinking: /home/osboxes/ece569-fall2026/ECE569-Lab2/ws2/install/ur_description/share/ur_description/config/ur3/joint_limits.yaml
[3.266s] -- Symlinking: /home/osboxes/ece569-fall2026/ECE569-Lab2/ws2/install/ur_description/share/ur_description/config/ur3/physical_parameters.yaml
[3.276s] -- Symlinking: /home/osboxes/ece569-fall2026/ECE569-Lab2/ws2/install/ur_description/share/ur_description/config/ur3/visual_parameters.yaml
[3.292s] -- Symlinking: /home/osboxes/ece569-fall2026/ECE569-Lab2/ws2/install/ur_description/share/ur_description/config/ur30/default_kinematics.yaml
[3.301s] -- Symlinking: /home/osboxes/ece569-fall2026/ECE569-Lab2/ws2/install/ur_description/share/ur_description/config/ur30/joint_limits.yaml
[3.311s] -- Symlinking: /home/osboxes/ece569-fall2026/ECE569-Lab2/ws2/install/ur_description/share/ur_description/config/ur30/physical_parameters.yaml
[3.345s] -- Symlinking: /home/osboxes/ece569-fall2026/ECE569-Lab2/ws2/install/ur_description/share/ur_description/config/ur30/visual_parameters.yaml
[3.346s] -- Symlinking: /home/osboxes/ece569-fall2026/ECE569-Lab2/ws2/install/ur_description/share/ur_description/config/ur3e/default_kinematics.yaml
[3.354s] -- Symlinking: /home/osboxes/ece569-fall2026/ECE569-Lab2/ws2/install/ur_description/share/ur_description/config/ur3e/joint_limits.yaml
[3.370s] -- Symlinking: /home/osboxes/ece569-fall2026/ECE569-Lab2/ws2/install/ur_description/share/ur_description/config/ur3e/physical_parameters.yaml
[3.370s] -- Symlinking: /home/osboxes/ece569-fall2026/ECE569-Lab2/ws2/install/ur_description/share/ur_description/config/ur3e/visual_parameters.yaml
[3.378s] -- Symlinking: /home/osboxes/ece569-fall2026/ECE569-Lab2/ws2/install/ur_description/share/ur_description/config/ur5/default_kinematics.yaml
[3.386s] -- Symlinking: /home/osboxes/ece569-fall2026/ECE569-Lab2/ws2/install/ur_description/share/ur_description/config/ur5/joint_limits.yaml
[3.403s] -- Symlinking: /home/osboxes/ece569-fall2026/ECE569-Lab2/ws2/install/ur_description/share/ur_description/config/ur5/physical_parameters.yaml
[3.412s] -- Symlinking: /home/osboxes/ece569-fall2026/ECE569-Lab2/ws2/install/ur_description/share/ur_description/config/ur5/visual_parameters.yaml
[3.430s] -- Symlinking: /home/osboxes/ece569-fall2026/ECE569-Lab2/ws2/install/ur_description/share/ur_description/config/ur5e/default_kinematics.yaml
[3.444s] -- Symlinking: /home/osboxes/ece569-fall2026/ECE569-Lab2/ws2/install/ur_description/share/ur_description/config/ur5e/joint_limits.yaml
[3.447s] -- Symlinking: /home/osboxes/ece569-fall2026/ECE569-Lab2/ws2/install/ur_description/share/ur_description/config/ur5e/physical_parameters.yaml
[3.456s] -- Symlinking: /home/osboxes/ece569-fall2026/ECE569-Lab2/ws2/install/ur_description/share/ur_description/config/ur5e/visual_parameters.yaml
[3.464s] -- Symlinking: /home/osboxes/ece569-fall2026/ECE569-Lab2/ws2/install/ur_description/share/ur_description/config/ur7e/default_kinematics.yaml
[3.475s] -- Symlinking: /home/osboxes/ece569-fall2026/ECE569-Lab2/ws2/install/ur_description/share/ur_description/config/ur7e/joint_limits.yaml
[3.484s] -- Symlinking: /home/osboxes/ece569-fall2026/ECE569-Lab2/ws2/install/ur_description/share/ur_description/config/ur7e/physical_parameters.yaml
[3.494s] -- Symlinking: /home/osboxes/ece569-fall2026/ECE569-Lab2/ws2/install/ur_description/share/ur_description/config/ur7e/visual_parameters.yaml
[3.502s] -- Symlinking: /home/osboxes/ece569-fall2026/ECE569-Lab2/ws2/install/ur_description/share/ur_description/config/ur8long/default_kinematics.yaml
[3.513s] -- Symlinking: /home/osboxes/ece569-fall2026/ECE569-Lab2/ws2/install/ur_description/share/ur_description/config/ur8long/joint_limits.yaml
[3.535s] -- Symlinking: /home/osboxes/ece569-fall2026/ECE569-Lab2/ws2/install/ur_description/share/ur_description/config/ur8long/physical_parameters.yaml
[3.553s] -- Symlinking: /home/osboxes/ece569-fall2026/ECE569-Lab2/ws2/install/ur_description/share/ur_description/config/ur8long/visual_parameters.yaml
[3.563s] -- Symlinking: /home/osboxes/ece569-fall2026/ECE569-Lab2/ws2/install/ur_description/share/ur_description/launch/view_ur.launch.py
[3.571s] -- Symlinking: /home/osboxes/ece569-fall2026/ECE569-Lab2/ws2/install/ur_description/share/ur_description/launch/view_ur.launch.xml
[3.581s] -- Symlinking: /home/osboxes/ece569-fall2026/ECE569-Lab2/ws2/install/ur_description/share/ur_description/meshes/ur10/collision/base.stl
[3.589s] -- Symlinking: /home/osboxes/ece569-fall2026/ECE569-Lab2/ws2/install/ur_description/share/ur_description/meshes/ur10/collision/forearm.stl
[3.605s] -- Symlinking: /home/osboxes/ece569-fall2026/ECE569-Lab2/ws2/install/ur_description/share/ur_description/meshes/ur10/collision/shoulder.stl
[3.612s] -- Symlinking: /home/osboxes/ece569-fall2026/ECE569-Lab2/ws2/install/ur_description/share/ur_description/meshes/ur10/collision/upperarm.stl
[3.636s] -- Symlinking: /home/osboxes/ece569-fall2026/ECE569-Lab2/ws2/install/ur_description/share/ur_description/meshes/ur10/collision/wrist1.stl
[3.636s] -- Symlinking: /home/osboxes/ece569-fall2026/ECE569-Lab2/ws2/install/ur_description/share/ur_description/meshes/ur10/collision/wrist2.stl
[3.655s] -- Symlinking: /home/osboxes/ece569-fall2026/ECE569-Lab2/ws2/install/ur_description/share/ur_description/meshes/ur10/collision/wrist3.stl
[3.656s] -- Symlinking: /home/osboxes/ece569-fall2026/ECE569-Lab2/ws2/install/ur_description/share/ur_description/meshes/ur10/visual/base.dae
[3.664s] -- Symlinking: /home/osboxes/ece569-fall2026/ECE569-Lab2/ws2/install/ur_description/share/ur_description/meshes/ur10/visual/forearm.dae
[3.672s] -- Symlinking: /home/osboxes/ece569-fall2026/ECE569-Lab2/ws2/install/ur_description/share/ur_description/meshes/ur10/visual/shoulder.dae
[3.680s] -- Symlinking: /home/osboxes/ece569-fall2026/ECE569-Lab2/ws2/install/ur_description/share/ur_description/meshes/ur10/visual/upperarm.dae
[3.694s] -- Symlinking: /home/osboxes/ece569-fall2026/ECE569-Lab2/ws2/install/ur_description/share/ur_description/meshes/ur10/visual/wrist1.dae
[3.702s] -- Symlinking: /home/osboxes/ece569-fall2026/ECE569-Lab2/ws2/install/ur_description/share/ur_description/meshes/ur10/visual/wrist2.dae
[3.709s] -- Symlinking: /home/osboxes/ece569-fall2026/ECE569-Lab2/ws2/install/ur_description/share/ur_description/meshes/ur10/visual/wrist3.dae
[3.720s] -- Symlinking: /home/osboxes/ece569-fall2026/ECE569-Lab2/ws2/install/ur_description/share/ur_description/meshes/ur10e/collision/base.stl
[3.727s] -- Symlinking: /home/osboxes/ece569-fall2026/ECE569-Lab2/ws2/install/ur_description/share/ur_description/meshes/ur10e/collision/forearm.stl
[3.734s] -- Symlinking: /home/osboxes/ece569-fall2026/ECE569-Lab2/ws2/install/ur_description/share/ur_description/meshes/ur10e/collision/shoulder.stl
[3.745s] -- Symlinking: /home/osboxes/ece569-fall2026/ECE569-Lab2/ws2/install/ur_description/share/ur_description/meshes/ur10e/collision/upperarm.stl
[3.762s] -- Symlinking: /home/osboxes/ece569-fall2026/ECE569-Lab2/ws2/install/ur_description/share/ur_description/meshes/ur10e/collision/wrist1.stl
[3.762s] -- Symlinking: /home/osboxes/ece569-fall2026/ECE569-Lab2/ws2/install/ur_description/share/ur_description/meshes/ur10e/collision/wrist2.stl
[3.770s] -- Symlinking: /home/osboxes/ece569-fall2026/ECE569-Lab2/ws2/install/ur_description/share/ur_description/meshes/ur10e/collision/wrist3.stl
[3.778s] -- Symlinking: /home/osboxes/ece569-fall2026/ECE569-Lab2/ws2/install/ur_description/share/ur_description/meshes/ur10e/visual/base.dae
[3.785s] -- Symlinking: /home/osboxes/ece569-fall2026/ECE569-Lab2/ws2/install/ur_description/share/ur_description/meshes/ur10e/visual/forearm.dae
[3.794s] -- Symlinking: /home/osboxes/ece569-fall2026/ECE569-Lab2/ws2/install/ur_description/share/ur_description/meshes/ur10e/visual/shoulder.dae
[3.810s] -- Symlinking: /home/osboxes/ece569-fall2026/ECE569-Lab2/ws2/install/ur_description/share/ur_description/meshes/ur10e/visual/upperarm.dae
[3.813s] -- Symlinking: /home/osboxes/ece569-fall2026/ECE569-Lab2/ws2/install/ur_description/share/ur_description/meshes/ur10e/visual/wrist1.dae
[3.836s] -- Symlinking: /home/osboxes/ece569-fall2026/ECE569-Lab2/ws2/install/ur_description/share/ur_description/meshes/ur10e/visual/wrist2.dae
[3.837s] -- Symlinking: /home/osboxes/ece569-fall2026/ECE569-Lab2/ws2/install/ur_description/share/ur_description/meshes/ur10e/visual/wrist3.dae
[3.845s] -- Symlinking: /home/osboxes/ece569-fall2026/ECE569-Lab2/ws2/install/ur_description/share/ur_description/meshes/ur15/LICENSE.txt
[3.854s] -- Symlinking: /home/osboxes/ece569-fall2026/ECE569-Lab2/ws2/install/ur_description/share/ur_description/meshes/ur15/collision/base.stl
[3.862s] -- Symlinking: /home/osboxes/ece569-fall2026/ECE569-Lab2/ws2/install/ur_description/share/ur_description/meshes/ur15/collision/forearm.stl
[3.871s] -- Symlinking: /home/osboxes/ece569-fall2026/ECE569-Lab2/ws2/install/ur_description/share/ur_description/meshes/ur15/collision/shoulder.stl
[3.879s] -- Symlinking: /home/osboxes/ece569-fall2026/ECE569-Lab2/ws2/install/ur_description/share/ur_description/meshes/ur15/collision/upperarm.stl
[3.891s] -- Symlinking: /home/osboxes/ece569-fall2026/ECE569-Lab2/ws2/install/ur_description/share/ur_description/meshes/ur15/collision/wrist1.stl
[3.902s] -- Symlinking: /home/osboxes/ece569-fall2026/ECE569-Lab2/ws2/install/ur_description/share/ur_description/meshes/ur15/collision/wrist2.stl
[3.911s] -- Symlinking: /home/osboxes/ece569-fall2026/ECE569-Lab2/ws2/install/ur_description/share/ur_description/meshes/ur15/collision/wrist3.stl
[3.983s] -- Symlinking: /home/osboxes/ece569-fall2026/ECE569-Lab2/ws2/install/ur_description/share/ur_description/meshes/ur15/visual/UR15_DIFF_8bit_2K.jpg
[3.983s] -- Symlinking: /home/osboxes/ece569-fall2026/ECE569-Lab2/ws2/install/ur_description/share/ur_description/meshes/ur15/visual/base.dae
[3.983s] -- Symlinking: /home/osboxes/ece569-fall2026/ECE569-Lab2/ws2/install/ur_description/share/ur_description/meshes/ur15/visual/forearm.dae
[3.983s] -- Symlinking: /home/osboxes/ece569-fall2026/ECE569-Lab2/ws2/install/ur_description/share/ur_description/meshes/ur15/visual/shoulder.dae
[3.983s] -- Symlinking: /home/osboxes/ece569-fall2026/ECE569-Lab2/ws2/install/ur_description/share/ur_description/meshes/ur15/visual/upperarm.dae
[3.983s] -- Symlinking: /home/osboxes/ece569-fall2026/ECE569-Lab2/ws2/install/ur_description/share/ur_description/meshes/ur15/visual/wrist1.dae
[3.984s] -- Symlinking: /home/osboxes/ece569-fall2026/ECE569-Lab2/ws2/install/ur_description/share/ur_description/meshes/ur15/visual/wrist2.dae
[3.984s] -- Symlinking: /home/osboxes/ece569-fall2026/ECE569-Lab2/ws2/install/ur_description/share/ur_description/meshes/ur15/visual/wrist3.dae
[3.996s] -- Symlinking: /home/osboxes/ece569-fall2026/ECE569-Lab2/ws2/install/ur_description/share/ur_description/meshes/ur16e/collision/forearm.stl
[4.005s] -- Symlinking: /home/osboxes/ece569-fall2026/ECE569-Lab2/ws2/install/ur_description/share/ur_description/meshes/ur16e/collision/upperarm.stl
[4.016s] -- Symlinking: /home/osboxes/ece569-fall2026/ECE569-Lab2/ws2/install/ur_description/share/ur_description/meshes/ur16e/visual/forearm.dae
[4.033s] -- Symlinking: /home/osboxes/ece569-fall2026/ECE569-Lab2/ws2/install/ur_description/share/ur_description/meshes/ur16e/visual/upperarm.dae
[4.050s] -- Symlinking: /home/osboxes/ece569-fall2026/ECE569-Lab2/ws2/install/ur_description/share/ur_description/meshes/ur18/LICENSE.txt
[4.112s] -- Symlinking: /home/osboxes/ece569-fall2026/ECE569-Lab2/ws2/install/ur_description/share/ur_description/meshes/ur18/collision/forearm.stl
[4.130s] -- Symlinking: /home/osboxes/ece569-fall2026/ECE569-Lab2/ws2/install/ur_description/share/ur_description/meshes/ur18/collision/upperarm.stl
[4.131s] -- Symlinking: /home/osboxes/ece569-fall2026/ECE569-Lab2/ws2/install/ur_description/share/ur_description/meshes/ur18/visual/UR18_DIFF_8bit_2K.jpg
[4.138s] -- Symlinking: /home/osboxes/ece569-fall2026/ECE569-Lab2/ws2/install/ur_description/share/ur_description/meshes/ur18/visual/forearm.dae
[4.153s] -- Symlinking: /home/osboxes/ece569-fall2026/ECE569-Lab2/ws2/install/ur_description/share/ur_description/meshes/ur18/visual/upperarm.dae
[4.154s] -- Symlinking: /home/osboxes/ece569-fall2026/ECE569-Lab2/ws2/install/ur_description/share/ur_description/meshes/ur20/LICENSE.txt
[4.161s] -- Symlinking: /home/osboxes/ece569-fall2026/ECE569-Lab2/ws2/install/ur_description/share/ur_description/meshes/ur20/collision/base.stl
[4.167s] -- Symlinking: /home/osboxes/ece569-fall2026/ECE569-Lab2/ws2/install/ur_description/share/ur_description/meshes/ur20/collision/forearm.stl
[4.194s] -- Symlinking: /home/osboxes/ece569-fall2026/ECE569-Lab2/ws2/install/ur_description/share/ur_description/meshes/ur20/collision/shoulder.stl
[4.204s] -- Symlinking: /home/osboxes/ece569-fall2026/ECE569-Lab2/ws2/install/ur_description/share/ur_description/meshes/ur20/collision/upperarm.stl
[4.218s] -- Symlinking: /home/osboxes/ece569-fall2026/ECE569-Lab2/ws2/install/ur_description/share/ur_description/meshes/ur20/collision/wrist1.stl
[4.218s] -- Symlinking: /home/osboxes/ece569-fall2026/ECE569-Lab2/ws2/install/ur_description/share/ur_description/meshes/ur20/collision/wrist2.stl
[4.226s] -- Symlinking: /home/osboxes/ece569-fall2026/ECE569-Lab2/ws2/install/ur_description/share/ur_description/meshes/ur20/collision/wrist3.stl
[4.235s] -- Symlinking: /home/osboxes/ece569-fall2026/ECE569-Lab2/ws2/install/ur_description/share/ur_description/meshes/ur20/visual/UR20_DIFF_8bit_2K.png
[4.242s] -- Symlinking: /home/osboxes/ece569-fall2026/ECE569-Lab2/ws2/install/ur_description/share/ur_description/meshes/ur20/visual/base.dae
[4.249s] -- Symlinking: /home/osboxes/ece569-fall2026/ECE569-Lab2/ws2/install/ur_description/share/ur_description/meshes/ur20/visual/forearm.dae
[4.261s] -- Symlinking: /home/osboxes/ece569-fall2026/ECE569-Lab2/ws2/install/ur_description/share/ur_description/meshes/ur20/visual/shoulder.dae
[4.273s] -- Symlinking: /home/osboxes/ece569-fall2026/ECE569-Lab2/ws2/install/ur_description/share/ur_description/meshes/ur20/visual/upperarm.dae
[4.287s] -- Symlinking: /home/osboxes/ece569-fall2026/ECE569-Lab2/ws2/install/ur_description/share/ur_description/meshes/ur20/visual/wrist1.dae
[4.294s] -- Symlinking: /home/osboxes/ece569-fall2026/ECE569-Lab2/ws2/install/ur_description/share/ur_description/meshes/ur20/visual/wrist2.dae
[4.294s] -- Symlinking: /home/osboxes/ece569-fall2026/ECE569-Lab2/ws2/install/ur_description/share/ur_description/meshes/ur20/visual/wrist3.dae
[4.302s] -- Symlinking: /home/osboxes/ece569-fall2026/ECE569-Lab2/ws2/install/ur_description/share/ur_description/meshes/ur3/collision/base.stl
[4.309s] -- Symlinking: /home/osboxes/ece569-fall2026/ECE569-Lab2/ws2/install/ur_description/share/ur_description/meshes/ur3/collision/forearm.stl
[4.315s] -- Symlinking: /home/osboxes/ece569-fall2026/ECE569-Lab2/ws2/install/ur_description/share/ur_description/meshes/ur3/collision/shoulder.stl
[4.324s] -- Symlinking: /home/osboxes/ece569-fall2026/ECE569-Lab2/ws2/install/ur_description/share/ur_description/meshes/ur3/collision/upperarm.stl
[4.346s] -- Symlinking: /home/osboxes/ece569-fall2026/ECE569-Lab2/ws2/install/ur_description/share/ur_description/meshes/ur3/collision/wrist1.stl
[4.364s] -- Symlinking: /home/osboxes/ece569-fall2026/ECE569-Lab2/ws2/install/ur_description/share/ur_description/meshes/ur3/collision/wrist2.stl
[4.375s] -- Symlinking: /home/osboxes/ece569-fall2026/ECE569-Lab2/ws2/install/ur_description/share/ur_description/meshes/ur3/collision/wrist3.stl
[4.382s] -- Symlinking: /home/osboxes/ece569-fall2026/ECE569-Lab2/ws2/install/ur_description/share/ur_description/meshes/ur3/visual/base.dae
[4.391s] -- Symlinking: /home/osboxes/ece569-fall2026/ECE569-Lab2/ws2/install/ur_description/share/ur_description/meshes/ur3/visual/forearm.dae
[4.401s] -- Symlinking: /home/osboxes/ece569-fall2026/ECE569-Lab2/ws2/install/ur_description/share/ur_description/meshes/ur3/visual/shoulder.dae
[4.410s] -- Symlinking: /home/osboxes/ece569-fall2026/ECE569-Lab2/ws2/install/ur_description/share/ur_description/meshes/ur3/visual/upperarm.dae
[4.422s] -- Symlinking: /home/osboxes/ece569-fall2026/ECE569-Lab2/ws2/install/ur_description/share/ur_description/meshes/ur3/visual/wrist1.dae
[4.433s] -- Symlinking: /home/osboxes/ece569-fall2026/ECE569-Lab2/ws2/install/ur_description/share/ur_description/meshes/ur3/visual/wrist2.dae
[4.462s] -- Symlinking: /home/osboxes/ece569-fall2026/ECE569-Lab2/ws2/install/ur_description/share/ur_description/meshes/ur3/visual/wrist3.dae
[4.472s] -- Symlinking: /home/osboxes/ece569-fall2026/ECE569-Lab2/ws2/install/ur_description/share/ur_description/meshes/ur30/LICENSE.txt
[4.482s] -- Symlinking: /home/osboxes/ece569-fall2026/ECE569-Lab2/ws2/install/ur_description/share/ur_description/meshes/ur30/collision/forearm.stl
[4.492s] -- Symlinking: /home/osboxes/ece569-fall2026/ECE569-Lab2/ws2/install/ur_description/share/ur_description/meshes/ur30/collision/upperarm.stl
[4.503s] -- Symlinking: /home/osboxes/ece569-fall2026/ECE569-Lab2/ws2/install/ur_description/share/ur_description/meshes/ur30/visual/UR30_DIFF_8bit_2K.png
[4.512s] -- Symlinking: /home/osboxes/ece569-fall2026/ECE569-Lab2/ws2/install/ur_description/share/ur_description/meshes/ur30/visual/forearm.dae
[4.522s] -- Symlinking: /home/osboxes/ece569-fall2026/ECE569-Lab2/ws2/install/ur_description/share/ur_description/meshes/ur30/visual/upperarm.dae
[4.531s] -- Symlinking: /home/osboxes/ece569-fall2026/ECE569-Lab2/ws2/install/ur_description/share/ur_description/meshes/ur3e/collision/base.stl
[4.545s] -- Symlinking: /home/osboxes/ece569-fall2026/ECE569-Lab2/ws2/install/ur_description/share/ur_description/meshes/ur3e/collision/forearm.stl
[4.555s] -- Symlinking: /home/osboxes/ece569-fall2026/ECE569-Lab2/ws2/install/ur_description/share/ur_description/meshes/ur3e/collision/shoulder.stl
[4.565s] -- Symlinking: /home/osboxes/ece569-fall2026/ECE569-Lab2/ws2/install/ur_description/share/ur_description/meshes/ur3e/collision/upperarm.stl
[4.574s] -- Symlinking: /home/osboxes/ece569-fall2026/ECE569-Lab2/ws2/install/ur_description/share/ur_description/meshes/ur3e/collision/wrist1.stl
[4.584s] -- Symlinking: /home/osboxes/ece569-fall2026/ECE569-Lab2/ws2/install/ur_description/share/ur_description/meshes/ur3e/collision/wrist2.stl
[4.593s] -- Symlinking: /home/osboxes/ece569-fall2026/ECE569-Lab2/ws2/install/ur_description/share/ur_description/meshes/ur3e/collision/wrist3.stl
[4.603s] -- Symlinking: /home/osboxes/ece569-fall2026/ECE569-Lab2/ws2/install/ur_description/share/ur_description/meshes/ur3e/visual/base.dae
[4.611s] -- Symlinking: /home/osboxes/ece569-fall2026/ECE569-Lab2/ws2/install/ur_description/share/ur_description/meshes/ur3e/visual/forearm.dae
[4.623s] -- Symlinking: /home/osboxes/ece569-fall2026/ECE569-Lab2/ws2/install/ur_description/share/ur_description/meshes/ur3e/visual/shoulder.dae
[4.632s] -- Symlinking: /home/osboxes/ece569-fall2026/ECE569-Lab2/ws2/install/ur_description/share/ur_description/meshes/ur3e/visual/upperarm.dae
[4.643s] -- Symlinking: /home/osboxes/ece569-fall2026/ECE569-Lab2/ws2/install/ur_description/share/ur_description/meshes/ur3e/visual/wrist1.dae
[4.653s] -- Symlinking: /home/osboxes/ece569-fall2026/ECE569-Lab2/ws2/install/ur_description/share/ur_description/meshes/ur3e/visual/wrist2.dae
[4.663s] -- Symlinking: /home/osboxes/ece569-fall2026/ECE569-Lab2/ws2/install/ur_description/share/ur_description/meshes/ur3e/visual/wrist3.dae
[4.671s] -- Symlinking: /home/osboxes/ece569-fall2026/ECE569-Lab2/ws2/install/ur_description/share/ur_description/meshes/ur5/collision/base.stl
[4.679s] -- Symlinking: /home/osboxes/ece569-fall2026/ECE569-Lab2/ws2/install/ur_description/share/ur_description/meshes/ur5/collision/forearm.stl
[4.692s] -- Symlinking: /home/osboxes/ece569-fall2026/ECE569-Lab2/ws2/install/ur_description/share/ur_description/meshes/ur5/collision/shoulder.stl
[4.700s] -- Symlinking: /home/osboxes/ece569-fall2026/ECE569-Lab2/ws2/install/ur_description/share/ur_description/meshes/ur5/collision/upperarm.stl
[4.710s] -- Symlinking: /home/osboxes/ece569-fall2026/ECE569-Lab2/ws2/install/ur_description/share/ur_description/meshes/ur5/collision/wrist1.stl
[4.718s] -- Symlinking: /home/osboxes/ece569-fall2026/ECE569-Lab2/ws2/install/ur_description/share/ur_description/meshes/ur5/collision/wrist2.stl
[4.729s] -- Symlinking: /home/osboxes/ece569-fall2026/ECE569-Lab2/ws2/install/ur_description/share/ur_description/meshes/ur5/collision/wrist3.stl
[4.739s] -- Symlinking: /home/osboxes/ece569-fall2026/ECE569-Lab2/ws2/install/ur_description/share/ur_description/meshes/ur5/visual/base.dae
[4.749s] -- Symlinking: /home/osboxes/ece569-fall2026/ECE569-Lab2/ws2/install/ur_description/share/ur_description/meshes/ur5/visual/forearm.dae
[4.762s] -- Symlinking: /home/osboxes/ece569-fall2026/ECE569-Lab2/ws2/install/ur_description/share/ur_description/meshes/ur5/visual/shoulder.dae
[4.776s] -- Symlinking: /home/osboxes/ece569-fall2026/ECE569-Lab2/ws2/install/ur_description/share/ur_description/meshes/ur5/visual/upperarm.dae
[4.781s] -- Symlinking: /home/osboxes/ece569-fall2026/ECE569-Lab2/ws2/install/ur_description/share/ur_description/meshes/ur5/visual/wrist1.dae
[4.791s] -- Symlinking: /home/osboxes/ece569-fall2026/ECE569-Lab2/ws2/install/ur_description/share/ur_description/meshes/ur5/visual/wrist2.dae
[4.799s] -- Symlinking: /home/osboxes/ece569-fall2026/ECE569-Lab2/ws2/install/ur_description/share/ur_description/meshes/ur5/visual/wrist3.dae
[4.809s] -- Symlinking: /home/osboxes/ece569-fall2026/ECE569-Lab2/ws2/install/ur_description/share/ur_description/meshes/ur5e/collision/base.stl
[4.819s] -- Symlinking: /home/osboxes/ece569-fall2026/ECE569-Lab2/ws2/install/ur_description/share/ur_description/meshes/ur5e/collision/forearm.stl
[4.830s] -- Symlinking: /home/osboxes/ece569-fall2026/ECE569-Lab2/ws2/install/ur_description/share/ur_description/meshes/ur5e/collision/shoulder.stl
[4.842s] -- Symlinking: /home/osboxes/ece569-fall2026/ECE569-Lab2/ws2/install/ur_description/share/ur_description/meshes/ur5e/collision/upperarm.stl
[4.851s] -- Symlinking: /home/osboxes/ece569-fall2026/ECE569-Lab2/ws2/install/ur_description/share/ur_description/meshes/ur5e/collision/wrist1.stl
[4.859s] -- Symlinking: /home/osboxes/ece569-fall2026/ECE569-Lab2/ws2/install/ur_description/share/ur_description/meshes/ur5e/collision/wrist2.stl
[4.868s] -- Symlinking: /home/osboxes/ece569-fall2026/ECE569-Lab2/ws2/install/ur_description/share/ur_description/meshes/ur5e/collision/wrist3.stl
[4.879s] -- Symlinking: /home/osboxes/ece569-fall2026/ECE569-Lab2/ws2/install/ur_description/share/ur_description/meshes/ur5e/visual/base.dae
[4.888s] -- Symlinking: /home/osboxes/ece569-fall2026/ECE569-Lab2/ws2/install/ur_description/share/ur_description/meshes/ur5e/visual/forearm.dae
[4.896s] -- Symlinking: /home/osboxes/ece569-fall2026/ECE569-Lab2/ws2/install/ur_description/share/ur_description/meshes/ur5e/visual/shoulder.dae
[4.905s] -- Symlinking: /home/osboxes/ece569-fall2026/ECE569-Lab2/ws2/install/ur_description/share/ur_description/meshes/ur5e/visual/upperarm.dae
[4.914s] -- Symlinking: /home/osboxes/ece569-fall2026/ECE569-Lab2/ws2/install/ur_description/share/ur_description/meshes/ur5e/visual/wrist1.dae
[4.924s] -- Symlinking: /home/osboxes/ece569-fall2026/ECE569-Lab2/ws2/install/ur_description/share/ur_description/meshes/ur5e/visual/wrist2.dae
[4.939s] -- Symlinking: /home/osboxes/ece569-fall2026/ECE569-Lab2/ws2/install/ur_description/share/ur_description/meshes/ur5e/visual/wrist3.dae
[4.957s] -- Symlinking: /home/osboxes/ece569-fall2026/ECE569-Lab2/ws2/install/ur_description/share/ur_description/meshes/ur8long/LICENSE.txt
[4.963s] -- Symlinking: /home/osboxes/ece569-fall2026/ECE569-Lab2/ws2/install/ur_description/share/ur_description/meshes/ur8long/collision/forearm.stl
[4.972s] -- Symlinking: /home/osboxes/ece569-fall2026/ECE569-Lab2/ws2/install/ur_description/share/ur_description/meshes/ur8long/collision/upperarm.stl
[4.981s] -- Symlinking: /home/osboxes/ece569-fall2026/ECE569-Lab2/ws2/install/ur_description/share/ur_description/meshes/ur8long/visual/UR8Long_DIFF_8bit_2K.jpg
[4.989s] -- Symlinking: /home/osboxes/ece569-fall2026/ECE569-Lab2/ws2/install/ur_description/share/ur_description/meshes/ur8long/visual/forearm.dae
[4.998s] -- Symlinking: /home/osboxes/ece569-fall2026/ECE569-Lab2/ws2/install/ur_description/share/ur_description/meshes/ur8long/visual/upperarm.dae
[5.007s] -- Symlinking: /home/osboxes/ece569-fall2026/ECE569-Lab2/ws2/install/ur_description/share/ur_description/rviz/view_robot.rviz
[5.017s] -- Symlinking: /home/osboxes/ece569-fall2026/ECE569-Lab2/ws2/install/ur_description/share/ur_description/urdf/inc/ur_common.xacro
[5.029s] -- Symlinking: /home/osboxes/ece569-fall2026/ECE569-Lab2/ws2/install/ur_description/share/ur_description/urdf/inc/ur_joint_control.xacro
[5.039s] -- Symlinking: /home/osboxes/ece569-fall2026/ECE569-Lab2/ws2/install/ur_description/share/ur_description/urdf/inc/ur_sensors.xacro
[5.049s] -- Symlinking: /home/osboxes/ece569-fall2026/ECE569-Lab2/ws2/install/ur_description/share/ur_description/urdf/inc/ur_transmissions.xacro
[5.060s] -- Symlinking: /home/osboxes/ece569-fall2026/ECE569-Lab2/ws2/install/ur_description/share/ur_description/urdf/ros2_control_mock_hardware.xacro
[5.068s] -- Symlinking: /home/osboxes/ece569-fall2026/ECE569-Lab2/ws2/install/ur_description/share/ur_description/urdf/ur.urdf.xacro
[5.077s] -- Symlinking: /home/osboxes/ece569-fall2026/ECE569-Lab2/ws2/install/ur_description/share/ur_description/urdf/ur_macro.xacro
[5.086s] -- Symlinking: /home/osboxes/ece569-fall2026/ECE569-Lab2/ws2/install/ur_description/share/ur_description/urdf/ur_mocked.urdf.xacro
[5.094s] -- Symlinking: /home/osboxes/ece569-fall2026/ECE569-Lab2/ws2/install/ur_description/share/ur_description/test/test_ur_urdf_xacro.py
[5.106s] -- Symlinking: /home/osboxes/ece569-fall2026/ECE569-Lab2/ws2/install/ur_description/share/ur_description/test/test_view_ur_launch.py
[5.116s] -- Symlinking: /home/osboxes/ece569-fall2026/ECE569-Lab2/ws2/install/ur_description/share/ament_index/resource_index/package_run_dependencies/ur_description
[5.127s] -- Symlinking: /home/osboxes/ece569-fall2026/ECE569-Lab2/ws2/install/ur_description/share/ament_index/resource_index/parent_prefix_path/ur_description
[5.143s] -- Symlinking: /home/osboxes/ece569-fall2026/ECE569-Lab2/ws2/install/ur_description/share/ur_description/environment/ament_prefix_path.sh
[5.155s] -- Symlinking: /home/osboxes/ece569-fall2026/ECE569-Lab2/ws2/install/ur_description/share/ur_description/environment/ament_prefix_path.dsv
[5.163s] -- Symlinking: /home/osboxes/ece569-fall2026/ECE569-Lab2/ws2/install/ur_description/share/ur_description/environment/path.sh
[5.218s] -- Symlinking: /home/osboxes/ece569-fall2026/ECE569-Lab2/ws2/install/ur_description/share/ur_description/environment/path.dsv
[5.241s] -- Symlinking: /home/osboxes/ece569-fall2026/ECE569-Lab2/ws2/install/ur_description/share/ur_description/local_setup.bash
[5.253s] -- Symlinking: /home/osboxes/ece569-fall2026/ECE569-Lab2/ws2/install/ur_description/share/ur_description/local_setup.sh
[5.261s] -- Symlinking: /home/osboxes/ece569-fall2026/ECE569-Lab2/ws2/install/ur_description/share/ur_description/local_setup.zsh
[5.269s] -- Symlinking: /home/osboxes/ece569-fall2026/ECE569-Lab2/ws2/install/ur_description/share/ur_description/local_setup.dsv
[5.277s] -- Symlinking: /home/osboxes/ece569-fall2026/ECE569-Lab2/ws2/install/ur_description/share/ur_description/package.dsv
[5.285s] -- Symlinking: /home/osboxes/ece569-fall2026/ECE569-Lab2/ws2/install/ur_description/share/ament_index/resource_index/packages/ur_description
[5.301s] -- Symlinking: /home/osboxes/ece569-fall2026/ECE569-Lab2/ws2/install/ur_description/share/ur_description/cmake/ur_descriptionConfig.cmake
[5.323s] -- Symlinking: /home/osboxes/ece569-fall2026/ECE569-Lab2/ws2/install/ur_description/share/ur_description/cmake/ur_descriptionConfig-version.cmake
[5.389s] -- Symlinking: /home/osboxes/ece569-fall2026/ECE569-Lab2/ws2/install/ur_description/share/ur_description/package.xml
[5.391s] Invoked command in '/home/osboxes/ece569-fall2026/ECE569-Lab2/ws2/build/ur_description' returned '0': CMAKE_PREFIX_PATH=${CMAKE_PREFIX_PATH}:/home/osboxes/ece569-fall2026/ECE569-Lab2/ws2/install/table_description:/home/osboxes/ece569-fall2026/ECE569-Lab2/ws2/install/rrbot_description:/opt/ros/jazzy DEBUGINFOD_URLS=https://debuginfod.ubuntu.com /usr/bin/cmake --install /home/osboxes/ece569-fall2026/ECE569-Lab2/ws2/build/ur_description
