[1.645s] Invoking command in '/home/osboxes/ece569-fall2026/ECE569-Lab2/ws2/build/table_description': DEBUGINFOD_URLS=https://debuginfod.ubuntu.com PYTHONPATH=/home/osboxes/ece569-fall2026/ECE569-Lab2/ws2/build/table_description/prefix_override:/usr/lib/python3/dist-packages/colcon_core/task/python/colcon_distutils_commands:/home/osboxes/ece569-fall2026/ECE569-Lab2/ws2/install/table_description/lib/python3.12/site-packages:${PYTHONPATH} /usr/bin/python3 -W ignore:setup.py install is deprecated -W ignore:easy_install command is deprecated setup.py develop --editable --build-directory /home/osboxes/ece569-fall2026/ECE569-Lab2/ws2/build/table_description/build --no-deps symlink_data
[1.916s] running develop
[2.032s] running egg_info
[2.033s] creating table_description.egg-info
[2.043s] writing table_description.egg-info/PKG-INFO
[2.043s] writing dependency_links to table_description.egg-info/dependency_links.txt
[2.044s] writing requirements to table_description.egg-info/requires.txt
[2.044s] writing top-level names to table_description.egg-info/top_level.txt
[2.044s] writing manifest file 'table_description.egg-info/SOURCES.txt'
[2.065s] reading manifest file 'table_description.egg-info/SOURCES.txt'
[2.066s] writing manifest file 'table_description.egg-info/SOURCES.txt'
[2.078s] running build_ext
[2.079s] Creating /home/osboxes/ece569-fall2026/ECE569-Lab2/ws2/install/table_description/lib/python3.12/site-packages/table-description.egg-link (link to .)
[2.080s] 
[2.080s] Installed /home/osboxes/ece569-fall2026/ECE569-Lab2/ws2/build/table_description
[2.080s] running symlink_data
[2.080s] creating /home/osboxes/ece569-fall2026/ECE569-Lab2/ws2/install/table_description/share/ament_index
[2.080s] creating /home/osboxes/ece569-fall2026/ECE569-Lab2/ws2/install/table_description/share/ament_index/resource_index
[2.080s] creating /home/osboxes/ece569-fall2026/ECE569-Lab2/ws2/install/table_description/share/ament_index/resource_index/packages
[2.081s] symbolically linking /home/osboxes/ece569-fall2026/ECE569-Lab2/ws2/build/table_description/resource/table_description -> /home/osboxes/ece569-fall2026/ECE569-Lab2/ws2/install/table_description/share/ament_index/resource_index/packages
[2.081s] symbolically linking /home/osboxes/ece569-fall2026/ECE569-Lab2/ws2/build/table_description/package.xml -> /home/osboxes/ece569-fall2026/ECE569-Lab2/ws2/install/table_description/share/table_description
[2.115s] Invoked command in '/home/osboxes/ece569-fall2026/ECE569-Lab2/ws2/build/table_description' returned '0': DEBUGINFOD_URLS=https://debuginfod.ubuntu.com PYTHONPATH=/home/osboxes/ece569-fall2026/ECE569-Lab2/ws2/build/table_description/prefix_override:/usr/lib/python3/dist-packages/colcon_core/task/python/colcon_distutils_commands:/home/osboxes/ece569-fall2026/ECE569-Lab2/ws2/install/table_description/lib/python3.12/site-packages:${PYTHONPATH} /usr/bin/python3 -W ignore:setup.py install is deprecated -W ignore:easy_install command is deprecated setup.py develop --editable --build-directory /home/osboxes/ece569-fall2026/ECE569-Lab2/ws2/build/table_description/build --no-deps symlink_data
