[0.127s] DEBUG:colcon:Command line arguments: ['/usr/bin/colcon', 'build', '--symlink-install']
[0.127s] DEBUG:colcon:Parsed command line arguments: Namespace(log_base=None, log_level=None, verb_name='build', build_base='build', install_base='install', merge_install=False, symlink_install=True, test_result_base=None, continue_on_error=False, executor='parallel', parallel_workers=2, event_handlers=None, ignore_user_meta=False, metas=['./colcon.meta'], base_paths=['.'], packages_ignore=None, packages_ignore_regex=None, paths=None, packages_up_to=None, packages_up_to_regex=None, packages_above=None, packages_above_and_dependencies=None, packages_above_depth=None, packages_select_by_dep=None, packages_skip_by_dep=None, packages_skip_up_to=None, packages_select_build_failed=False, packages_skip_build_finished=False, packages_select_test_failures=False, packages_skip_test_passed=False, packages_select=None, packages_skip=None, packages_select_regex=None, packages_skip_regex=None, packages_start=None, packages_end=None, allow_overriding=[], cmake_args=None, cmake_target=None, cmake_target_skip_unavailable=False, cmake_clean_cache=False, cmake_clean_first=False, cmake_force_configure=False, ament_cmake_args=None, catkin_cmake_args=None, catkin_skip_building_tests=False, mixin_files=None, mixin=None, verb_parser=<colcon_mixin.mixin.mixin_argument.MixinArgumentDecorator object at 0x74d290d9c950>, verb_extension=<colcon_core.verb.build.BuildVerb object at 0x74d290ee6ab0>, main=<bound method BuildVerb.main of <colcon_core.verb.build.BuildVerb object at 0x74d290ee6ab0>>, mixin_verb=('build',))
[0.170s] Level 1:colcon.colcon_core.package_discovery:discover_packages(colcon_meta) check parameters
[0.170s] Level 1:colcon.colcon_core.package_discovery:discover_packages(recursive) check parameters
[0.170s] Level 1:colcon.colcon_core.package_discovery:discover_packages(ignore) check parameters
[0.170s] Level 1:colcon.colcon_core.package_discovery:discover_packages(path) check parameters
[0.170s] Level 1:colcon.colcon_core.package_discovery:discover_packages(colcon_meta) discover
[0.170s] Level 1:colcon.colcon_core.package_discovery:discover_packages(recursive) discover
[0.170s] INFO:colcon.colcon_core.package_discovery:Crawling recursively for packages in '/home/osboxes/ece569-fall2026/ECE569-Lab2/ws2'
[0.170s] Level 1:colcon.colcon_core.package_identification:_identify(.) by extensions ['ignore', 'ignore_ament_install']
[0.170s] Level 1:colcon.colcon_core.package_identification:_identify(.) by extension 'ignore'
[0.170s] Level 1:colcon.colcon_core.package_identification:_identify(.) by extension 'ignore_ament_install'
[0.170s] Level 1:colcon.colcon_core.package_identification:_identify(.) by extensions ['colcon_pkg']
[0.170s] Level 1:colcon.colcon_core.package_identification:_identify(.) by extension 'colcon_pkg'
[0.170s] Level 1:colcon.colcon_core.package_identification:_identify(.) by extensions ['colcon_meta']
[0.170s] Level 1:colcon.colcon_core.package_identification:_identify(.) by extension 'colcon_meta'
[0.170s] Level 1:colcon.colcon_core.package_identification:_identify(.) by extensions ['ros']
[0.170s] Level 1:colcon.colcon_core.package_identification:_identify(.) by extension 'ros'
[0.190s] Level 1:colcon.colcon_core.package_identification:_identify(.) by extensions ['cmake', 'python']
[0.190s] Level 1:colcon.colcon_core.package_identification:_identify(.) by extension 'cmake'
[0.190s] Level 1:colcon.colcon_core.package_identification:_identify(.) by extension 'python'
[0.190s] Level 1:colcon.colcon_core.package_identification:_identify(.) by extensions ['python_setup_py']
[0.190s] Level 1:colcon.colcon_core.package_identification:_identify(.) by extension 'python_setup_py'
[0.190s] Level 1:colcon.colcon_core.package_identification:_identify(build) by extensions ['ignore', 'ignore_ament_install']
[0.190s] Level 1:colcon.colcon_core.package_identification:_identify(build) by extension 'ignore'
[0.190s] Level 1:colcon.colcon_core.package_identification:_identify(build) ignored
[0.190s] Level 1:colcon.colcon_core.package_identification:_identify(install) by extensions ['ignore', 'ignore_ament_install']
[0.190s] Level 1:colcon.colcon_core.package_identification:_identify(install) by extension 'ignore'
[0.190s] Level 1:colcon.colcon_core.package_identification:_identify(install) ignored
[0.190s] Level 1:colcon.colcon_core.package_identification:_identify(log) by extensions ['ignore', 'ignore_ament_install']
[0.190s] Level 1:colcon.colcon_core.package_identification:_identify(log) by extension 'ignore'
[0.190s] Level 1:colcon.colcon_core.package_identification:_identify(log) ignored
[0.190s] Level 1:colcon.colcon_core.package_identification:_identify(src) by extensions ['ignore', 'ignore_ament_install']
[0.190s] Level 1:colcon.colcon_core.package_identification:_identify(src) by extension 'ignore'
[0.190s] Level 1:colcon.colcon_core.package_identification:_identify(src) by extension 'ignore_ament_install'
[0.190s] Level 1:colcon.colcon_core.package_identification:_identify(src) by extensions ['colcon_pkg']
[0.190s] Level 1:colcon.colcon_core.package_identification:_identify(src) by extension 'colcon_pkg'
[0.190s] Level 1:colcon.colcon_core.package_identification:_identify(src) by extensions ['colcon_meta']
[0.190s] Level 1:colcon.colcon_core.package_identification:_identify(src) by extension 'colcon_meta'
[0.190s] Level 1:colcon.colcon_core.package_identification:_identify(src) by extensions ['ros']
[0.190s] Level 1:colcon.colcon_core.package_identification:_identify(src) by extension 'ros'
[0.191s] Level 1:colcon.colcon_core.package_identification:_identify(src) by extensions ['cmake', 'python']
[0.191s] Level 1:colcon.colcon_core.package_identification:_identify(src) by extension 'cmake'
[0.191s] Level 1:colcon.colcon_core.package_identification:_identify(src) by extension 'python'
[0.191s] Level 1:colcon.colcon_core.package_identification:_identify(src) by extensions ['python_setup_py']
[0.191s] Level 1:colcon.colcon_core.package_identification:_identify(src) by extension 'python_setup_py'
[0.191s] Level 1:colcon.colcon_core.package_identification:_identify(src/Universal_Robots_ROS2_Description) by extensions ['ignore', 'ignore_ament_install']
[0.191s] Level 1:colcon.colcon_core.package_identification:_identify(src/Universal_Robots_ROS2_Description) by extension 'ignore'
[0.191s] Level 1:colcon.colcon_core.package_identification:_identify(src/Universal_Robots_ROS2_Description) by extension 'ignore_ament_install'
[0.191s] Level 1:colcon.colcon_core.package_identification:_identify(src/Universal_Robots_ROS2_Description) by extensions ['colcon_pkg']
[0.191s] Level 1:colcon.colcon_core.package_identification:_identify(src/Universal_Robots_ROS2_Description) by extension 'colcon_pkg'
[0.191s] Level 1:colcon.colcon_core.package_identification:_identify(src/Universal_Robots_ROS2_Description) by extensions ['colcon_meta']
[0.191s] Level 1:colcon.colcon_core.package_identification:_identify(src/Universal_Robots_ROS2_Description) by extension 'colcon_meta'
[0.191s] Level 1:colcon.colcon_core.package_identification:_identify(src/Universal_Robots_ROS2_Description) by extensions ['ros']
[0.191s] Level 1:colcon.colcon_core.package_identification:_identify(src/Universal_Robots_ROS2_Description) by extension 'ros'
[0.194s] DEBUG:colcon.colcon_core.package_identification:Package 'src/Universal_Robots_ROS2_Description' with type 'ros.ament_cmake' and name 'ur_description'
[0.194s] Level 1:colcon.colcon_core.package_identification:_identify(src/rrbot_description) by extensions ['ignore', 'ignore_ament_install']
[0.194s] Level 1:colcon.colcon_core.package_identification:_identify(src/rrbot_description) by extension 'ignore'
[0.194s] Level 1:colcon.colcon_core.package_identification:_identify(src/rrbot_description) by extension 'ignore_ament_install'
[0.194s] Level 1:colcon.colcon_core.package_identification:_identify(src/rrbot_description) by extensions ['colcon_pkg']
[0.194s] Level 1:colcon.colcon_core.package_identification:_identify(src/rrbot_description) by extension 'colcon_pkg'
[0.194s] Level 1:colcon.colcon_core.package_identification:_identify(src/rrbot_description) by extensions ['colcon_meta']
[0.194s] Level 1:colcon.colcon_core.package_identification:_identify(src/rrbot_description) by extension 'colcon_meta'
[0.194s] Level 1:colcon.colcon_core.package_identification:_identify(src/rrbot_description) by extensions ['ros']
[0.194s] Level 1:colcon.colcon_core.package_identification:_identify(src/rrbot_description) by extension 'ros'
[0.194s] DEBUG:colcon.colcon_core.package_identification:Package 'src/rrbot_description' with type 'ros.ament_python' and name 'rrbot_description'
[0.195s] Level 1:colcon.colcon_core.package_identification:_identify(src/table_description) by extensions ['ignore', 'ignore_ament_install']
[0.195s] Level 1:colcon.colcon_core.package_identification:_identify(src/table_description) by extension 'ignore'
[0.195s] Level 1:colcon.colcon_core.package_identification:_identify(src/table_description) by extension 'ignore_ament_install'
[0.195s] Level 1:colcon.colcon_core.package_identification:_identify(src/table_description) by extensions ['colcon_pkg']
[0.195s] Level 1:colcon.colcon_core.package_identification:_identify(src/table_description) by extension 'colcon_pkg'
[0.195s] Level 1:colcon.colcon_core.package_identification:_identify(src/table_description) by extensions ['colcon_meta']
[0.195s] Level 1:colcon.colcon_core.package_identification:_identify(src/table_description) by extension 'colcon_meta'
[0.195s] Level 1:colcon.colcon_core.package_identification:_identify(src/table_description) by extensions ['ros']
[0.195s] Level 1:colcon.colcon_core.package_identification:_identify(src/table_description) by extension 'ros'
[0.195s] DEBUG:colcon.colcon_core.package_identification:Package 'src/table_description' with type 'ros.ament_python' and name 'table_description'
[0.195s] Level 1:colcon.colcon_core.package_discovery:discover_packages(recursive) using defaults
[0.195s] Level 1:colcon.colcon_core.package_discovery:discover_packages(ignore) discover
[0.195s] Level 1:colcon.colcon_core.package_discovery:discover_packages(ignore) using defaults
[0.195s] Level 1:colcon.colcon_core.package_discovery:discover_packages(path) discover
[0.195s] Level 1:colcon.colcon_core.package_discovery:discover_packages(path) using defaults
[0.213s] Level 1:colcon.colcon_core.package_discovery:discover_packages(prefix_path) check parameters
[0.213s] Level 1:colcon.colcon_core.package_discovery:discover_packages(prefix_path) discover
[0.215s] DEBUG:colcon.colcon_installed_package_information.package_discovery:Found 2 installed packages in /home/osboxes/ece569-fall2026/ECE569-Lab2/ws2/install
[0.216s] DEBUG:colcon.colcon_installed_package_information.package_discovery:Found 290 installed packages in /opt/ros/jazzy
[0.216s] Level 1:colcon.colcon_core.package_discovery:discover_packages(prefix_path) using defaults
[0.263s] Level 5:colcon.colcon_core.verb:set package 'rrbot_description' build argument 'cmake_args' from command line to 'None'
[0.263s] Level 5:colcon.colcon_core.verb:set package 'rrbot_description' build argument 'cmake_target' from command line to 'None'
[0.263s] Level 5:colcon.colcon_core.verb:set package 'rrbot_description' build argument 'cmake_target_skip_unavailable' from command line to 'False'
[0.263s] Level 5:colcon.colcon_core.verb:set package 'rrbot_description' build argument 'cmake_clean_cache' from command line to 'False'
[0.263s] Level 5:colcon.colcon_core.verb:set package 'rrbot_description' build argument 'cmake_clean_first' from command line to 'False'
[0.263s] Level 5:colcon.colcon_core.verb:set package 'rrbot_description' build argument 'cmake_force_configure' from command line to 'False'
[0.263s] Level 5:colcon.colcon_core.verb:set package 'rrbot_description' build argument 'ament_cmake_args' from command line to 'None'
[0.263s] Level 5:colcon.colcon_core.verb:set package 'rrbot_description' build argument 'catkin_cmake_args' from command line to 'None'
[0.263s] Level 5:colcon.colcon_core.verb:set package 'rrbot_description' build argument 'catkin_skip_building_tests' from command line to 'False'
[0.263s] DEBUG:colcon.colcon_core.verb:Building package 'rrbot_description' with the following arguments: {'ament_cmake_args': None, 'build_base': '/home/osboxes/ece569-fall2026/ECE569-Lab2/ws2/build/rrbot_description', 'catkin_cmake_args': None, 'catkin_skip_building_tests': False, 'cmake_args': None, 'cmake_clean_cache': False, 'cmake_clean_first': False, 'cmake_force_configure': False, 'cmake_target': None, 'cmake_target_skip_unavailable': False, 'install_base': '/home/osboxes/ece569-fall2026/ECE569-Lab2/ws2/install/rrbot_description', 'merge_install': False, 'path': '/home/osboxes/ece569-fall2026/ECE569-Lab2/ws2/src/rrbot_description', 'symlink_install': True, 'test_result_base': None}
[0.263s] Level 5:colcon.colcon_core.verb:set package 'table_description' build argument 'cmake_args' from command line to 'None'
[0.263s] Level 5:colcon.colcon_core.verb:set package 'table_description' build argument 'cmake_target' from command line to 'None'
[0.263s] Level 5:colcon.colcon_core.verb:set package 'table_description' build argument 'cmake_target_skip_unavailable' from command line to 'False'
[0.263s] Level 5:colcon.colcon_core.verb:set package 'table_description' build argument 'cmake_clean_cache' from command line to 'False'
[0.263s] Level 5:colcon.colcon_core.verb:set package 'table_description' build argument 'cmake_clean_first' from command line to 'False'
[0.263s] Level 5:colcon.colcon_core.verb:set package 'table_description' build argument 'cmake_force_configure' from command line to 'False'
[0.263s] Level 5:colcon.colcon_core.verb:set package 'table_description' build argument 'ament_cmake_args' from command line to 'None'
[0.263s] Level 5:colcon.colcon_core.verb:set package 'table_description' build argument 'catkin_cmake_args' from command line to 'None'
[0.263s] Level 5:colcon.colcon_core.verb:set package 'table_description' build argument 'catkin_skip_building_tests' from command line to 'False'
[0.263s] DEBUG:colcon.colcon_core.verb:Building package 'table_description' with the following arguments: {'ament_cmake_args': None, 'build_base': '/home/osboxes/ece569-fall2026/ECE569-Lab2/ws2/build/table_description', 'catkin_cmake_args': None, 'catkin_skip_building_tests': False, 'cmake_args': None, 'cmake_clean_cache': False, 'cmake_clean_first': False, 'cmake_force_configure': False, 'cmake_target': None, 'cmake_target_skip_unavailable': False, 'install_base': '/home/osboxes/ece569-fall2026/ECE569-Lab2/ws2/install/table_description', 'merge_install': False, 'path': '/home/osboxes/ece569-fall2026/ECE569-Lab2/ws2/src/table_description', 'symlink_install': True, 'test_result_base': None}
[0.263s] Level 5:colcon.colcon_core.verb:set package 'ur_description' build argument 'cmake_args' from command line to 'None'
[0.263s] Level 5:colcon.colcon_core.verb:set package 'ur_description' build argument 'cmake_target' from command line to 'None'
[0.263s] Level 5:colcon.colcon_core.verb:set package 'ur_description' build argument 'cmake_target_skip_unavailable' from command line to 'False'
[0.263s] Level 5:colcon.colcon_core.verb:set package 'ur_description' build argument 'cmake_clean_cache' from command line to 'False'
[0.263s] Level 5:colcon.colcon_core.verb:set package 'ur_description' build argument 'cmake_clean_first' from command line to 'False'
[0.263s] Level 5:colcon.colcon_core.verb:set package 'ur_description' build argument 'cmake_force_configure' from command line to 'False'
[0.263s] Level 5:colcon.colcon_core.verb:set package 'ur_description' build argument 'ament_cmake_args' from command line to 'None'
[0.263s] Level 5:colcon.colcon_core.verb:set package 'ur_description' build argument 'catkin_cmake_args' from command line to 'None'
[0.263s] Level 5:colcon.colcon_core.verb:set package 'ur_description' build argument 'catkin_skip_building_tests' from command line to 'False'
[0.263s] DEBUG:colcon.colcon_core.verb:Building package 'ur_description' with the following arguments: {'ament_cmake_args': None, 'build_base': '/home/osboxes/ece569-fall2026/ECE569-Lab2/ws2/build/ur_description', 'catkin_cmake_args': None, 'catkin_skip_building_tests': False, 'cmake_args': None, 'cmake_clean_cache': False, 'cmake_clean_first': False, 'cmake_force_configure': False, 'cmake_target': None, 'cmake_target_skip_unavailable': False, 'install_base': '/home/osboxes/ece569-fall2026/ECE569-Lab2/ws2/install/ur_description', 'merge_install': False, 'path': '/home/osboxes/ece569-fall2026/ECE569-Lab2/ws2/src/Universal_Robots_ROS2_Description', 'symlink_install': True, 'test_result_base': None}
[0.263s] INFO:colcon.colcon_core.executor:Executing jobs using 'parallel' executor
[0.273s] DEBUG:colcon.colcon_parallel_executor.executor.parallel:run_until_complete
[0.274s] INFO:colcon.colcon_ros.task.ament_python.build:Building ROS package in '/home/osboxes/ece569-fall2026/ECE569-Lab2/ws2/src/rrbot_description' with build type 'ament_python'
[0.274s] Level 1:colcon.colcon_core.shell:create_environment_hook('rrbot_description', 'ament_prefix_path')
[0.279s] INFO:colcon.colcon_core.plugin_system:Skipping extension 'colcon_core.shell.bat': Not used on non-Windows systems
[0.279s] INFO:colcon.colcon_core.shell:Creating environment hook '/home/osboxes/ece569-fall2026/ECE569-Lab2/ws2/install/rrbot_description/share/rrbot_description/hook/ament_prefix_path.ps1'
[0.280s] INFO:colcon.colcon_core.shell:Creating environment descriptor '/home/osboxes/ece569-fall2026/ECE569-Lab2/ws2/install/rrbot_description/share/rrbot_description/hook/ament_prefix_path.dsv'
[0.281s] INFO:colcon.colcon_core.shell:Creating environment hook '/home/osboxes/ece569-fall2026/ECE569-Lab2/ws2/install/rrbot_description/share/rrbot_description/hook/ament_prefix_path.sh'
[0.282s] INFO:colcon.colcon_core.shell:Skip shell extension 'powershell' for command environment: Not usable outside of PowerShell
[0.282s] DEBUG:colcon.colcon_core.shell:Skip shell extension 'dsv' for command environment
[0.287s] INFO:colcon.colcon_ros.task.ament_python.build:Building ROS package in '/home/osboxes/ece569-fall2026/ECE569-Lab2/ws2/src/table_description' with build type 'ament_python'
[0.288s] Level 1:colcon.colcon_core.shell:create_environment_hook('table_description', 'ament_prefix_path')
[0.288s] INFO:colcon.colcon_core.shell:Creating environment hook '/home/osboxes/ece569-fall2026/ECE569-Lab2/ws2/install/table_description/share/table_description/hook/ament_prefix_path.ps1'
[0.291s] INFO:colcon.colcon_core.shell:Creating environment descriptor '/home/osboxes/ece569-fall2026/ECE569-Lab2/ws2/install/table_description/share/table_description/hook/ament_prefix_path.dsv'
[0.292s] INFO:colcon.colcon_core.shell:Creating environment hook '/home/osboxes/ece569-fall2026/ECE569-Lab2/ws2/install/table_description/share/table_description/hook/ament_prefix_path.sh'
[0.293s] INFO:colcon.colcon_core.shell:Skip shell extension 'powershell' for command environment: Not usable outside of PowerShell
[0.293s] DEBUG:colcon.colcon_core.shell:Skip shell extension 'dsv' for command environment
[0.451s] INFO:colcon.colcon_core.task.python.build:Building Python package in '/home/osboxes/ece569-fall2026/ECE569-Lab2/ws2/src/rrbot_description'
[0.463s] INFO:colcon.colcon_core.shell:Skip shell extension 'powershell' for command environment: Not usable outside of PowerShell
[0.463s] DEBUG:colcon.colcon_core.shell:Skip shell extension 'dsv' for command environment
[0.627s] INFO:colcon.colcon_core.task.python.build:Building Python package in '/home/osboxes/ece569-fall2026/ECE569-Lab2/ws2/src/table_description'
[0.627s] INFO:colcon.colcon_core.shell:Skip shell extension 'powershell' for command environment: Not usable outside of PowerShell
[0.629s] DEBUG:colcon.colcon_core.shell:Skip shell extension 'dsv' for command environment
[1.450s] DEBUG:colcon.colcon_core.task.python.build:Available setuptools commands: clean, test, install_data, upload, build_py, upload_docs, develop, install_scripts, install, bdist_rpm, alias, saveopts, bdist_dumb, install_headers, install_egg_info, dist_info, egg_info, compile_catalog, check, easy_install, extract_messages, bdist_egg, update_catalog, register, editable_wheel, build, symlink_data, build_ext, init_catalog, rotate, build_scripts, install_lib, build_clib, sdist, setopt, bdist
[1.518s] DEBUG:colcon.colcon_core.task.python.build:Available setuptools commands: clean, test, install_data, upload, build_py, upload_docs, develop, install_scripts, install, bdist_rpm, alias, saveopts, bdist_dumb, install_headers, install_egg_info, dist_info, egg_info, compile_catalog, check, easy_install, extract_messages, bdist_egg, update_catalog, register, editable_wheel, build, symlink_data, build_ext, init_catalog, rotate, build_scripts, install_lib, build_clib, sdist, setopt, bdist
[1.781s] DEBUG:colcon.colcon_core.task.python.build:Available setuptools 'develop' options: --exclude-scripts, --install-layout, --record, --force-installation-into-system-dir, --script-dir, --always-unzip, --always-copy, --find-links, --install-dir, --uninstall, --zip-ok, --optimize, --no-user-cfg, --version, --multi-version, --local-snapshots-ok, --verbose, --allow-hosts, --prefix, --index-url, --upgrade, --quiet, --editable, --no-find-links, --site-dirs, --help, --dry-run, --build-directory, --egg-path, --no-deps, --user
[1.782s] DEBUG:colcon.colcon_core.event_handler.log_command:Invoking command in '/home/osboxes/ece569-fall2026/ECE569-Lab2/ws2/build/rrbot_description': DEBUGINFOD_URLS=https://debuginfod.ubuntu.com PYTHONPATH=/home/osboxes/ece569-fall2026/ECE569-Lab2/ws2/build/rrbot_description/prefix_override:/usr/lib/python3/dist-packages/colcon_core/task/python/colcon_distutils_commands:/home/osboxes/ece569-fall2026/ECE569-Lab2/ws2/install/rrbot_description/lib/python3.12/site-packages:${PYTHONPATH} /usr/bin/python3 -W ignore:setup.py install is deprecated -W ignore:easy_install command is deprecated setup.py develop --editable --build-directory /home/osboxes/ece569-fall2026/ECE569-Lab2/ws2/build/rrbot_description/build --no-deps symlink_data
[2.033s] DEBUG:colcon.colcon_core.task.python.build:Available setuptools 'develop' options: --exclude-scripts, --install-layout, --record, --force-installation-into-system-dir, --script-dir, --always-unzip, --always-copy, --find-links, --install-dir, --uninstall, --zip-ok, --optimize, --no-user-cfg, --version, --multi-version, --local-snapshots-ok, --verbose, --allow-hosts, --prefix, --index-url, --upgrade, --quiet, --editable, --no-find-links, --site-dirs, --help, --dry-run, --build-directory, --egg-path, --no-deps, --user
[2.058s] DEBUG:colcon.colcon_core.event_handler.log_command:Invoking command in '/home/osboxes/ece569-fall2026/ECE569-Lab2/ws2/build/table_description': DEBUGINFOD_URLS=https://debuginfod.ubuntu.com PYTHONPATH=/home/osboxes/ece569-fall2026/ECE569-Lab2/ws2/build/table_description/prefix_override:/usr/lib/python3/dist-packages/colcon_core/task/python/colcon_distutils_commands:/home/osboxes/ece569-fall2026/ECE569-Lab2/ws2/install/table_description/lib/python3.12/site-packages:${PYTHONPATH} /usr/bin/python3 -W ignore:setup.py install is deprecated -W ignore:easy_install command is deprecated setup.py develop --editable --build-directory /home/osboxes/ece569-fall2026/ECE569-Lab2/ws2/build/table_description/build --no-deps symlink_data
[2.388s] Level 1:colcon.colcon_core.shell:create_environment_hook('rrbot_description', 'pythonpath_develop')
[2.388s] INFO:colcon.colcon_core.shell:Creating environment hook '/home/osboxes/ece569-fall2026/ECE569-Lab2/ws2/build/rrbot_description/share/rrbot_description/hook/pythonpath_develop.ps1'
[2.389s] INFO:colcon.colcon_core.shell:Creating environment descriptor '/home/osboxes/ece569-fall2026/ECE569-Lab2/ws2/build/rrbot_description/share/rrbot_description/hook/pythonpath_develop.dsv'
[2.390s] INFO:colcon.colcon_core.shell:Creating environment hook '/home/osboxes/ece569-fall2026/ECE569-Lab2/ws2/build/rrbot_description/share/rrbot_description/hook/pythonpath_develop.sh'
[2.394s] Level 1:colcon.colcon_core.environment:checking '/home/osboxes/ece569-fall2026/ECE569-Lab2/ws2/install/rrbot_description' for CMake module files
[2.394s] DEBUG:colcon.colcon_core.event_handler.log_command:Invoked command in '/home/osboxes/ece569-fall2026/ECE569-Lab2/ws2/build/rrbot_description' returned '0': DEBUGINFOD_URLS=https://debuginfod.ubuntu.com PYTHONPATH=/home/osboxes/ece569-fall2026/ECE569-Lab2/ws2/build/rrbot_description/prefix_override:/usr/lib/python3/dist-packages/colcon_core/task/python/colcon_distutils_commands:/home/osboxes/ece569-fall2026/ECE569-Lab2/ws2/install/rrbot_description/lib/python3.12/site-packages:${PYTHONPATH} /usr/bin/python3 -W ignore:setup.py install is deprecated -W ignore:easy_install command is deprecated setup.py develop --editable --build-directory /home/osboxes/ece569-fall2026/ECE569-Lab2/ws2/build/rrbot_description/build --no-deps symlink_data
[2.398s] Level 1:colcon.colcon_core.environment:checking '/home/osboxes/ece569-fall2026/ECE569-Lab2/ws2/install/rrbot_description' for CMake config files
[2.399s] Level 1:colcon.colcon_core.environment:checking '/home/osboxes/ece569-fall2026/ECE569-Lab2/ws2/install/rrbot_description/lib'
[2.401s] Level 1:colcon.colcon_core.environment:checking '/home/osboxes/ece569-fall2026/ECE569-Lab2/ws2/install/rrbot_description/bin'
[2.401s] Level 1:colcon.colcon_core.environment:checking '/home/osboxes/ece569-fall2026/ECE569-Lab2/ws2/install/rrbot_description/lib/pkgconfig/rrbot_description.pc'
[2.401s] Level 1:colcon.colcon_core.environment:checking '/home/osboxes/ece569-fall2026/ECE569-Lab2/ws2/install/rrbot_description/lib/python3.12/site-packages'
[2.402s] Level 1:colcon.colcon_core.shell:create_environment_hook('rrbot_description', 'pythonpath')
[2.402s] INFO:colcon.colcon_core.shell:Creating environment hook '/home/osboxes/ece569-fall2026/ECE569-Lab2/ws2/install/rrbot_description/share/rrbot_description/hook/pythonpath.ps1'
[2.414s] INFO:colcon.colcon_core.shell:Creating environment descriptor '/home/osboxes/ece569-fall2026/ECE569-Lab2/ws2/install/rrbot_description/share/rrbot_description/hook/pythonpath.dsv'
[2.415s] INFO:colcon.colcon_core.shell:Creating environment hook '/home/osboxes/ece569-fall2026/ECE569-Lab2/ws2/install/rrbot_description/share/rrbot_description/hook/pythonpath.sh'
[2.416s] Level 1:colcon.colcon_core.environment:checking '/home/osboxes/ece569-fall2026/ECE569-Lab2/ws2/install/rrbot_description/bin'
[2.417s] Level 1:colcon.colcon_core.environment:create_environment_scripts_only(rrbot_description)
[2.417s] INFO:colcon.colcon_core.shell:Creating package script '/home/osboxes/ece569-fall2026/ECE569-Lab2/ws2/install/rrbot_description/share/rrbot_description/package.ps1'
[2.418s] INFO:colcon.colcon_core.shell:Creating package descriptor '/home/osboxes/ece569-fall2026/ECE569-Lab2/ws2/install/rrbot_description/share/rrbot_description/package.dsv'
[2.418s] INFO:colcon.colcon_core.shell:Creating package script '/home/osboxes/ece569-fall2026/ECE569-Lab2/ws2/install/rrbot_description/share/rrbot_description/package.sh'
[2.431s] INFO:colcon.colcon_core.shell:Creating package script '/home/osboxes/ece569-fall2026/ECE569-Lab2/ws2/install/rrbot_description/share/rrbot_description/package.bash'
[2.432s] INFO:colcon.colcon_core.shell:Creating package script '/home/osboxes/ece569-fall2026/ECE569-Lab2/ws2/install/rrbot_description/share/rrbot_description/package.zsh'
[2.433s] Level 1:colcon.colcon_core.environment:create_file_with_runtime_dependencies(/home/osboxes/ece569-fall2026/ECE569-Lab2/ws2/install/rrbot_description/share/colcon-core/packages/rrbot_description)
[2.434s] INFO:colcon.colcon_ros.task.ament_cmake.build:Building ROS package in '/home/osboxes/ece569-fall2026/ECE569-Lab2/ws2/src/Universal_Robots_ROS2_Description' with build type 'ament_cmake'
[2.434s] INFO:colcon.colcon_cmake.task.cmake.build:Building CMake package in '/home/osboxes/ece569-fall2026/ECE569-Lab2/ws2/src/Universal_Robots_ROS2_Description'
[2.434s] INFO:colcon.colcon_core.shell:Skip shell extension 'powershell' for command environment: Not usable outside of PowerShell
[2.434s] DEBUG:colcon.colcon_core.shell:Skip shell extension 'dsv' for command environment
[2.471s] DEBUG:colcon.colcon_core.event_handler.log_command:Invoking command in '/home/osboxes/ece569-fall2026/ECE569-Lab2/ws2/build/ur_description': CMAKE_PREFIX_PATH=${CMAKE_PREFIX_PATH}:/home/osboxes/ece569-fall2026/ECE569-Lab2/ws2/install/table_description:/home/osboxes/ece569-fall2026/ECE569-Lab2/ws2/install/rrbot_description:/opt/ros/jazzy DEBUGINFOD_URLS=https://debuginfod.ubuntu.com /usr/bin/cmake /home/osboxes/ece569-fall2026/ECE569-Lab2/ws2/src/Universal_Robots_ROS2_Description -DAMENT_CMAKE_SYMLINK_INSTALL=1 -DCMAKE_INSTALL_PREFIX=/home/osboxes/ece569-fall2026/ECE569-Lab2/ws2/install/ur_description
[2.811s] Level 1:colcon.colcon_core.shell:create_environment_hook('table_description', 'pythonpath_develop')
[2.812s] DEBUG:colcon.colcon_core.event_handler.log_command:Invoked command in '/home/osboxes/ece569-fall2026/ECE569-Lab2/ws2/build/table_description' returned '0': DEBUGINFOD_URLS=https://debuginfod.ubuntu.com PYTHONPATH=/home/osboxes/ece569-fall2026/ECE569-Lab2/ws2/build/table_description/prefix_override:/usr/lib/python3/dist-packages/colcon_core/task/python/colcon_distutils_commands:/home/osboxes/ece569-fall2026/ECE569-Lab2/ws2/install/table_description/lib/python3.12/site-packages:${PYTHONPATH} /usr/bin/python3 -W ignore:setup.py install is deprecated -W ignore:easy_install command is deprecated setup.py develop --editable --build-directory /home/osboxes/ece569-fall2026/ECE569-Lab2/ws2/build/table_description/build --no-deps symlink_data
[2.812s] INFO:colcon.colcon_core.shell:Creating environment hook '/home/osboxes/ece569-fall2026/ECE569-Lab2/ws2/build/table_description/share/table_description/hook/pythonpath_develop.ps1'
[2.813s] INFO:colcon.colcon_core.shell:Creating environment descriptor '/home/osboxes/ece569-fall2026/ECE569-Lab2/ws2/build/table_description/share/table_description/hook/pythonpath_develop.dsv'
[2.813s] INFO:colcon.colcon_core.shell:Creating environment hook '/home/osboxes/ece569-fall2026/ECE569-Lab2/ws2/build/table_description/share/table_description/hook/pythonpath_develop.sh'
[2.814s] Level 1:colcon.colcon_core.environment:checking '/home/osboxes/ece569-fall2026/ECE569-Lab2/ws2/install/table_description' for CMake module files
[2.814s] Level 1:colcon.colcon_core.environment:checking '/home/osboxes/ece569-fall2026/ECE569-Lab2/ws2/install/table_description' for CMake config files
[2.814s] Level 1:colcon.colcon_core.environment:checking '/home/osboxes/ece569-fall2026/ECE569-Lab2/ws2/install/table_description/lib'
[2.814s] Level 1:colcon.colcon_core.environment:checking '/home/osboxes/ece569-fall2026/ECE569-Lab2/ws2/install/table_description/bin'
[2.814s] Level 1:colcon.colcon_core.environment:checking '/home/osboxes/ece569-fall2026/ECE569-Lab2/ws2/install/table_description/lib/pkgconfig/table_description.pc'
[2.815s] Level 1:colcon.colcon_core.environment:checking '/home/osboxes/ece569-fall2026/ECE569-Lab2/ws2/install/table_description/lib/python3.12/site-packages'
[2.815s] Level 1:colcon.colcon_core.shell:create_environment_hook('table_description', 'pythonpath')
[2.815s] INFO:colcon.colcon_core.shell:Creating environment hook '/home/osboxes/ece569-fall2026/ECE569-Lab2/ws2/install/table_description/share/table_description/hook/pythonpath.ps1'
[2.815s] INFO:colcon.colcon_core.shell:Creating environment descriptor '/home/osboxes/ece569-fall2026/ECE569-Lab2/ws2/install/table_description/share/table_description/hook/pythonpath.dsv'
[2.816s] INFO:colcon.colcon_core.shell:Creating environment hook '/home/osboxes/ece569-fall2026/ECE569-Lab2/ws2/install/table_description/share/table_description/hook/pythonpath.sh'
[2.818s] Level 1:colcon.colcon_core.environment:checking '/home/osboxes/ece569-fall2026/ECE569-Lab2/ws2/install/table_description/bin'
[2.819s] Level 1:colcon.colcon_core.environment:create_environment_scripts_only(table_description)
[2.819s] INFO:colcon.colcon_core.shell:Creating package script '/home/osboxes/ece569-fall2026/ECE569-Lab2/ws2/install/table_description/share/table_description/package.ps1'
[2.828s] INFO:colcon.colcon_core.shell:Creating package descriptor '/home/osboxes/ece569-fall2026/ECE569-Lab2/ws2/install/table_description/share/table_description/package.dsv'
[2.828s] INFO:colcon.colcon_core.shell:Creating package script '/home/osboxes/ece569-fall2026/ECE569-Lab2/ws2/install/table_description/share/table_description/package.sh'
[2.831s] INFO:colcon.colcon_core.shell:Creating package script '/home/osboxes/ece569-fall2026/ECE569-Lab2/ws2/install/table_description/share/table_description/package.bash'
[2.834s] INFO:colcon.colcon_core.shell:Creating package script '/home/osboxes/ece569-fall2026/ECE569-Lab2/ws2/install/table_description/share/table_description/package.zsh'
[2.835s] Level 1:colcon.colcon_core.environment:create_file_with_runtime_dependencies(/home/osboxes/ece569-fall2026/ECE569-Lab2/ws2/install/table_description/share/colcon-core/packages/table_description)
[5.133s] DEBUG:colcon.colcon_core.event_handler.log_command:Invoked command in '/home/osboxes/ece569-fall2026/ECE569-Lab2/ws2/build/ur_description' returned '0': CMAKE_PREFIX_PATH=${CMAKE_PREFIX_PATH}:/home/osboxes/ece569-fall2026/ECE569-Lab2/ws2/install/table_description:/home/osboxes/ece569-fall2026/ECE569-Lab2/ws2/install/rrbot_description:/opt/ros/jazzy DEBUGINFOD_URLS=https://debuginfod.ubuntu.com /usr/bin/cmake /home/osboxes/ece569-fall2026/ECE569-Lab2/ws2/src/Universal_Robots_ROS2_Description -DAMENT_CMAKE_SYMLINK_INSTALL=1 -DCMAKE_INSTALL_PREFIX=/home/osboxes/ece569-fall2026/ECE569-Lab2/ws2/install/ur_description
[5.134s] DEBUG:colcon.colcon_core.event_handler.log_command:Invoking command in '/home/osboxes/ece569-fall2026/ECE569-Lab2/ws2/build/ur_description': CMAKE_PREFIX_PATH=${CMAKE_PREFIX_PATH}:/home/osboxes/ece569-fall2026/ECE569-Lab2/ws2/install/table_description:/home/osboxes/ece569-fall2026/ECE569-Lab2/ws2/install/rrbot_description:/opt/ros/jazzy DEBUGINFOD_URLS=https://debuginfod.ubuntu.com /usr/bin/cmake --build /home/osboxes/ece569-fall2026/ECE569-Lab2/ws2/build/ur_description -- -j2 -l2
[5.228s] DEBUG:colcon.colcon_core.event_handler.log_command:Invoked command in '/home/osboxes/ece569-fall2026/ECE569-Lab2/ws2/build/ur_description' returned '0': CMAKE_PREFIX_PATH=${CMAKE_PREFIX_PATH}:/home/osboxes/ece569-fall2026/ECE569-Lab2/ws2/install/table_description:/home/osboxes/ece569-fall2026/ECE569-Lab2/ws2/install/rrbot_description:/opt/ros/jazzy DEBUGINFOD_URLS=https://debuginfod.ubuntu.com /usr/bin/cmake --build /home/osboxes/ece569-fall2026/ECE569-Lab2/ws2/build/ur_description -- -j2 -l2
[5.256s] DEBUG:colcon.colcon_core.event_handler.log_command:Invoking command in '/home/osboxes/ece569-fall2026/ECE569-Lab2/ws2/build/ur_description': CMAKE_PREFIX_PATH=${CMAKE_PREFIX_PATH}:/home/osboxes/ece569-fall2026/ECE569-Lab2/ws2/install/table_description:/home/osboxes/ece569-fall2026/ECE569-Lab2/ws2/install/rrbot_description:/opt/ros/jazzy DEBUGINFOD_URLS=https://debuginfod.ubuntu.com /usr/bin/cmake --install /home/osboxes/ece569-fall2026/ECE569-Lab2/ws2/build/ur_description
[7.827s] Level 1:colcon.colcon_core.environment:create_environment_scripts_only(ur_description)
[7.828s] DEBUG:colcon.colcon_core.event_handler.log_command:Invoked command in '/home/osboxes/ece569-fall2026/ECE569-Lab2/ws2/build/ur_description' returned '0': CMAKE_PREFIX_PATH=${CMAKE_PREFIX_PATH}:/home/osboxes/ece569-fall2026/ECE569-Lab2/ws2/install/table_description:/home/osboxes/ece569-fall2026/ECE569-Lab2/ws2/install/rrbot_description:/opt/ros/jazzy DEBUGINFOD_URLS=https://debuginfod.ubuntu.com /usr/bin/cmake --install /home/osboxes/ece569-fall2026/ECE569-Lab2/ws2/build/ur_description
[7.829s] Level 1:colcon.colcon_core.environment:checking '/home/osboxes/ece569-fall2026/ECE569-Lab2/ws2/install/ur_description' for CMake module files
[7.830s] Level 1:colcon.colcon_core.environment:checking '/home/osboxes/ece569-fall2026/ECE569-Lab2/ws2/install/ur_description' for CMake config files
[7.830s] Level 1:colcon.colcon_core.shell:create_environment_hook('ur_description', 'cmake_prefix_path')
[7.831s] INFO:colcon.colcon_core.shell:Creating environment hook '/home/osboxes/ece569-fall2026/ECE569-Lab2/ws2/install/ur_description/share/ur_description/hook/cmake_prefix_path.ps1'
[7.833s] INFO:colcon.colcon_core.shell:Creating environment descriptor '/home/osboxes/ece569-fall2026/ECE569-Lab2/ws2/install/ur_description/share/ur_description/hook/cmake_prefix_path.dsv'
[7.835s] INFO:colcon.colcon_core.shell:Creating environment hook '/home/osboxes/ece569-fall2026/ECE569-Lab2/ws2/install/ur_description/share/ur_description/hook/cmake_prefix_path.sh'
[7.837s] Level 1:colcon.colcon_core.environment:checking '/home/osboxes/ece569-fall2026/ECE569-Lab2/ws2/install/ur_description/bin'
[7.837s] Level 1:colcon.colcon_core.environment:checking '/home/osboxes/ece569-fall2026/ECE569-Lab2/ws2/install/ur_description/lib/pkgconfig/ur_description.pc'
[7.837s] Level 1:colcon.colcon_core.environment:checking '/home/osboxes/ece569-fall2026/ECE569-Lab2/ws2/install/ur_description/lib/python3.12/site-packages'
[7.838s] Level 1:colcon.colcon_core.environment:checking '/home/osboxes/ece569-fall2026/ECE569-Lab2/ws2/install/ur_description/bin'
[7.839s] INFO:colcon.colcon_core.shell:Creating package script '/home/osboxes/ece569-fall2026/ECE569-Lab2/ws2/install/ur_description/share/ur_description/package.ps1'
[7.840s] INFO:colcon.colcon_core.shell:Creating package descriptor '/home/osboxes/ece569-fall2026/ECE569-Lab2/ws2/install/ur_description/share/ur_description/package.dsv'
[7.840s] INFO:colcon.colcon_core.shell:Creating package script '/home/osboxes/ece569-fall2026/ECE569-Lab2/ws2/install/ur_description/share/ur_description/package.sh'
[7.841s] INFO:colcon.colcon_core.shell:Creating package script '/home/osboxes/ece569-fall2026/ECE569-Lab2/ws2/install/ur_description/share/ur_description/package.bash'
[7.841s] INFO:colcon.colcon_core.shell:Creating package script '/home/osboxes/ece569-fall2026/ECE569-Lab2/ws2/install/ur_description/share/ur_description/package.zsh'
[7.841s] Level 1:colcon.colcon_core.environment:create_file_with_runtime_dependencies(/home/osboxes/ece569-fall2026/ECE569-Lab2/ws2/install/ur_description/share/colcon-core/packages/ur_description)
[7.843s] Level 1:colcon.colcon_core.environment:create_environment_scripts_only(ur_description)
[7.843s] Level 1:colcon.colcon_core.environment:checking '/home/osboxes/ece569-fall2026/ECE569-Lab2/ws2/install/ur_description' for CMake module files
[7.843s] Level 1:colcon.colcon_core.environment:checking '/home/osboxes/ece569-fall2026/ECE569-Lab2/ws2/install/ur_description' for CMake config files
[7.843s] Level 1:colcon.colcon_core.shell:create_environment_hook('ur_description', 'cmake_prefix_path')
[7.843s] INFO:colcon.colcon_core.shell:Creating environment hook '/home/osboxes/ece569-fall2026/ECE569-Lab2/ws2/install/ur_description/share/ur_description/hook/cmake_prefix_path.ps1'
[7.853s] INFO:colcon.colcon_core.shell:Creating environment descriptor '/home/osboxes/ece569-fall2026/ECE569-Lab2/ws2/install/ur_description/share/ur_description/hook/cmake_prefix_path.dsv'
[7.854s] INFO:colcon.colcon_core.shell:Creating environment hook '/home/osboxes/ece569-fall2026/ECE569-Lab2/ws2/install/ur_description/share/ur_description/hook/cmake_prefix_path.sh'
[7.855s] Level 1:colcon.colcon_core.environment:checking '/home/osboxes/ece569-fall2026/ECE569-Lab2/ws2/install/ur_description/bin'
[7.855s] Level 1:colcon.colcon_core.environment:checking '/home/osboxes/ece569-fall2026/ECE569-Lab2/ws2/install/ur_description/lib/pkgconfig/ur_description.pc'
[7.855s] Level 1:colcon.colcon_core.environment:checking '/home/osboxes/ece569-fall2026/ECE569-Lab2/ws2/install/ur_description/lib/python3.12/site-packages'
[7.855s] Level 1:colcon.colcon_core.environment:checking '/home/osboxes/ece569-fall2026/ECE569-Lab2/ws2/install/ur_description/bin'
[7.856s] INFO:colcon.colcon_core.shell:Creating package script '/home/osboxes/ece569-fall2026/ECE569-Lab2/ws2/install/ur_description/share/ur_description/package.ps1'
[7.864s] INFO:colcon.colcon_core.shell:Creating package descriptor '/home/osboxes/ece569-fall2026/ECE569-Lab2/ws2/install/ur_description/share/ur_description/package.dsv'
[7.865s] INFO:colcon.colcon_core.shell:Creating package script '/home/osboxes/ece569-fall2026/ECE569-Lab2/ws2/install/ur_description/share/ur_description/package.sh'
[7.866s] INFO:colcon.colcon_core.shell:Creating package script '/home/osboxes/ece569-fall2026/ECE569-Lab2/ws2/install/ur_description/share/ur_description/package.bash'
[7.866s] INFO:colcon.colcon_core.shell:Creating package script '/home/osboxes/ece569-fall2026/ECE569-Lab2/ws2/install/ur_description/share/ur_description/package.zsh'
[7.867s] Level 1:colcon.colcon_core.environment:create_file_with_runtime_dependencies(/home/osboxes/ece569-fall2026/ECE569-Lab2/ws2/install/ur_description/share/colcon-core/packages/ur_description)
[7.867s] DEBUG:colcon.colcon_parallel_executor.executor.parallel:closing loop
[7.868s] DEBUG:colcon.colcon_parallel_executor.executor.parallel:loop closed
[7.868s] DEBUG:colcon.colcon_parallel_executor.executor.parallel:run_until_complete finished with '0'
[7.868s] DEBUG:colcon.colcon_core.event_reactor:joining thread
[7.876s] INFO:colcon.colcon_core.plugin_system:Skipping extension 'colcon_notification.desktop_notification.terminal_notifier': Not used on non-Darwin systems
[7.876s] INFO:colcon.colcon_core.plugin_system:Skipping extension 'colcon_notification.desktop_notification.win32': Not used on non-Windows systems
[7.876s] INFO:colcon.colcon_notification.desktop_notification:Sending desktop notification using 'notify2'
[7.948s] DEBUG:colcon.colcon_core.event_reactor:joined thread
[7.949s] INFO:colcon.colcon_core.shell:Creating prefix script '/home/osboxes/ece569-fall2026/ECE569-Lab2/ws2/install/local_setup.ps1'
[7.951s] INFO:colcon.colcon_core.shell:Creating prefix util module '/home/osboxes/ece569-fall2026/ECE569-Lab2/ws2/install/_local_setup_util_ps1.py'
[7.954s] INFO:colcon.colcon_core.shell:Creating prefix chain script '/home/osboxes/ece569-fall2026/ECE569-Lab2/ws2/install/setup.ps1'
[7.958s] INFO:colcon.colcon_core.shell:Creating prefix script '/home/osboxes/ece569-fall2026/ECE569-Lab2/ws2/install/local_setup.sh'
[7.959s] INFO:colcon.colcon_core.shell:Creating prefix util module '/home/osboxes/ece569-fall2026/ECE569-Lab2/ws2/install/_local_setup_util_sh.py'
[7.960s] INFO:colcon.colcon_core.shell:Creating prefix chain script '/home/osboxes/ece569-fall2026/ECE569-Lab2/ws2/install/setup.sh'
[7.961s] INFO:colcon.colcon_core.shell:Creating prefix script '/home/osboxes/ece569-fall2026/ECE569-Lab2/ws2/install/local_setup.bash'
[7.961s] INFO:colcon.colcon_core.shell:Creating prefix chain script '/home/osboxes/ece569-fall2026/ECE569-Lab2/ws2/install/setup.bash'
[7.963s] INFO:colcon.colcon_core.shell:Creating prefix script '/home/osboxes/ece569-fall2026/ECE569-Lab2/ws2/install/local_setup.zsh'
[7.964s] INFO:colcon.colcon_core.shell:Creating prefix chain script '/home/osboxes/ece569-fall2026/ECE569-Lab2/ws2/install/setup.zsh'
