running develop
running egg_info
creating ur3e_on_table.egg-info
writing ur3e_on_table.egg-info/PKG-INFO
writing dependency_links to ur3e_on_table.egg-info/dependency_links.txt
writing requirements to ur3e_on_table.egg-info/requires.txt
writing top-level names to ur3e_on_table.egg-info/top_level.txt
writing manifest file 'ur3e_on_table.egg-info/SOURCES.txt'
reading manifest file 'ur3e_on_table.egg-info/SOURCES.txt'
writing manifest file 'ur3e_on_table.egg-info/SOURCES.txt'
running build_ext
Creating /home/osboxes/ece569-fall2026/ECE569-Lab2/ws2/install/ur3e_on_table/lib/python3.12/site-packages/ur3e-on-table.egg-link (link to .)

Installed /home/osboxes/ece569-fall2026/ECE569-Lab2/ws2/build/ur3e_on_table
running symlink_data
creating /home/osboxes/ece569-fall2026/ECE569-Lab2/ws2/install/ur3e_on_table/share/ament_index
creating /home/osboxes/ece569-fall2026/ECE569-Lab2/ws2/install/ur3e_on_table/share/ament_index/resource_index
creating /home/osboxes/ece569-fall2026/ECE569-Lab2/ws2/install/ur3e_on_table/share/ament_index/resource_index/packages
symbolically linking /home/osboxes/ece569-fall2026/ECE569-Lab2/ws2/build/ur3e_on_table/resource/ur3e_on_table -> /home/osboxes/ece569-fall2026/ECE569-Lab2/ws2/install/ur3e_on_table/share/ament_index/resource_index/packages
symbolically linking /home/osboxes/ece569-fall2026/ECE569-Lab2/ws2/build/ur3e_on_table/package.xml -> /home/osboxes/ece569-fall2026/ECE569-Lab2/ws2/install/ur3e_on_table/share/ur3e_on_table
creating /home/osboxes/ece569-fall2026/ECE569-Lab2/ws2/install/ur3e_on_table/share/ur3e_on_table/config
creating /home/osboxes/ece569-fall2026/ECE569-Lab2/ws2/install/ur3e_on_table/share/ur3e_on_table/launch
symbolically linking /home/osboxes/ece569-fall2026/ECE569-Lab2/ws2/build/ur3e_on_table/launch/view_ur3e_on_table.launch.py -> /home/osboxes/ece569-fall2026/ECE569-Lab2/ws2/install/ur3e_on_table/share/ur3e_on_table/launch
creating /home/osboxes/ece569-fall2026/ECE569-Lab2/ws2/install/ur3e_on_table/share/ur3e_on_table/rviz
creating /home/osboxes/ece569-fall2026/ECE569-Lab2/ws2/install/ur3e_on_table/share/ur3e_on_table/urdf
symbolically linking /home/osboxes/ece569-fall2026/ECE569-Lab2/ws2/build/ur3e_on_table/urdf/ur3e_on_table.urdf.xacro -> /home/osboxes/ece569-fall2026/ECE569-Lab2/ws2/install/ur3e_on_table/share/ur3e_on_table/urdf
